
> react-typescript-starter@0.1.0 test
> react-scripts test "--coverage"

FAIL src/test/CourseSearch.test.tsx (10.09 s)
  ● Console

    console.error
      Error: Uncaught [Error: useLocation() may be used only in the context of a <Router> component.]
          at reportException (/home/runner/work/cis-scheduler-team-4/cis-scheduler-team-4/node_modules/jsdom/lib/jsdom/living/helpers/runtime-script-errors.js:66:24)
          at innerInvokeEventListeners (/home/runner/work/cis-scheduler-team-4/cis-scheduler-team-4/node_modules/jsdom/lib/jsdom/living/events/EventTarget-impl.js:341:9)
          at invokeEventListeners (/home/runner/work/cis-scheduler-team-4/cis-scheduler-team-4/node_modules/jsdom/lib/jsdom/living/events/EventTarget-impl.js:274:3)
          at HTMLUnknownElementImpl._dispatch (/home/runner/work/cis-scheduler-team-4/cis-scheduler-team-4/node_modules/jsdom/lib/jsdom/living/events/EventTarget-impl.js:221:9)
          at HTMLUnknownElementImpl.dispatchEvent (/home/runner/work/cis-scheduler-team-4/cis-scheduler-team-4/node_modules/jsdom/lib/jsdom/living/events/EventTarget-impl.js:94:17)
          at HTMLUnknownElement.dispatchEvent (/home/runner/work/cis-scheduler-team-4/cis-scheduler-team-4/node_modules/jsdom/lib/jsdom/living/generated/EventTarget.js:231:34)
          at Object.invokeGuardedCallbackDev (/home/runner/work/cis-scheduler-team-4/cis-scheduler-team-4/node_modules/react-dom/cjs/react-dom.development.js:3994:16)
          at invokeGuardedCallback (/home/runner/work/cis-scheduler-team-4/cis-scheduler-team-4/node_modules/react-dom/cjs/react-dom.development.js:4056:31)
          at beginWork$1 (/home/runner/work/cis-scheduler-team-4/cis-scheduler-team-4/node_modules/react-dom/cjs/react-dom.development.js:23964:7)
          at performUnitOfWork (/home/runner/work/cis-scheduler-team-4/cis-scheduler-team-4/node_modules/react-dom/cjs/react-dom.development.js:22779:12) Error: useLocation() may be used only in the context of a <Router> component.
          at invariant (/home/runner/work/cis-scheduler-team-4/packages/react-router/lib/router.ts:5:20)
          at useLocation (/home/runner/work/cis-scheduler-team-4/packages/react-router/lib/hooks.tsx:75:3)
          at App (/home/runner/work/cis-scheduler-team-4/cis-scheduler-team-4/src/App.tsx:164:22)
          at renderWithHooks (/home/runner/work/cis-scheduler-team-4/cis-scheduler-team-4/node_modules/react-dom/cjs/react-dom.development.js:14985:18)
          at mountIndeterminateComponent (/home/runner/work/cis-scheduler-team-4/cis-scheduler-team-4/node_modules/react-dom/cjs/react-dom.development.js:17811:13)
          at beginWork (/home/runner/work/cis-scheduler-team-4/cis-scheduler-team-4/node_modules/react-dom/cjs/react-dom.development.js:19049:16)
          at HTMLUnknownElement.callCallback (/home/runner/work/cis-scheduler-team-4/cis-scheduler-team-4/node_modules/react-dom/cjs/react-dom.development.js:3945:14)
          at HTMLUnknownElement.callTheUserObjectsOperation (/home/runner/work/cis-scheduler-team-4/cis-scheduler-team-4/node_modules/jsdom/lib/jsdom/living/generated/EventListener.js:26:30)
          at innerInvokeEventListeners (/home/runner/work/cis-scheduler-team-4/cis-scheduler-team-4/node_modules/jsdom/lib/jsdom/living/events/EventTarget-impl.js:338:25)
          at invokeEventListeners (/home/runner/work/cis-scheduler-team-4/cis-scheduler-team-4/node_modules/jsdom/lib/jsdom/living/events/EventTarget-impl.js:274:3)
          at HTMLUnknownElementImpl._dispatch (/home/runner/work/cis-scheduler-team-4/cis-scheduler-team-4/node_modules/jsdom/lib/jsdom/living/events/EventTarget-impl.js:221:9)
          at HTMLUnknownElementImpl.dispatchEvent (/home/runner/work/cis-scheduler-team-4/cis-scheduler-team-4/node_modules/jsdom/lib/jsdom/living/events/EventTarget-impl.js:94:17)
          at HTMLUnknownElement.dispatchEvent (/home/runner/work/cis-scheduler-team-4/cis-scheduler-team-4/node_modules/jsdom/lib/jsdom/living/generated/EventTarget.js:231:34)
          at Object.invokeGuardedCallbackDev (/home/runner/work/cis-scheduler-team-4/cis-scheduler-team-4/node_modules/react-dom/cjs/react-dom.development.js:3994:16)
          at invokeGuardedCallback (/home/runner/work/cis-scheduler-team-4/cis-scheduler-team-4/node_modules/react-dom/cjs/react-dom.development.js:4056:31)
          at beginWork$1 (/home/runner/work/cis-scheduler-team-4/cis-scheduler-team-4/node_modules/react-dom/cjs/react-dom.development.js:23964:7)
          at performUnitOfWork (/home/runner/work/cis-scheduler-team-4/cis-scheduler-team-4/node_modules/react-dom/cjs/react-dom.development.js:22779:12)
          at workLoopSync (/home/runner/work/cis-scheduler-team-4/cis-scheduler-team-4/node_modules/react-dom/cjs/react-dom.development.js:22707:5)
          at renderRootSync (/home/runner/work/cis-scheduler-team-4/cis-scheduler-team-4/node_modules/react-dom/cjs/react-dom.development.js:22670:7)
          at performSyncWorkOnRoot (/home/runner/work/cis-scheduler-team-4/cis-scheduler-team-4/node_modules/react-dom/cjs/react-dom.development.js:22293:18)
          at scheduleUpdateOnFiber (/home/runner/work/cis-scheduler-team-4/cis-scheduler-team-4/node_modules/react-dom/cjs/react-dom.development.js:21881:7)
          at updateContainer (/home/runner/work/cis-scheduler-team-4/cis-scheduler-team-4/node_modules/react-dom/cjs/react-dom.development.js:25482:3)
          at /home/runner/work/cis-scheduler-team-4/cis-scheduler-team-4/node_modules/react-dom/cjs/react-dom.development.js:26021:7
          at unbatchedUpdates (/home/runner/work/cis-scheduler-team-4/cis-scheduler-team-4/node_modules/react-dom/cjs/react-dom.development.js:22431:12)
          at legacyRenderSubtreeIntoContainer (/home/runner/work/cis-scheduler-team-4/cis-scheduler-team-4/node_modules/react-dom/cjs/react-dom.development.js:26020:5)
          at Object.render (/home/runner/work/cis-scheduler-team-4/cis-scheduler-team-4/node_modules/react-dom/cjs/react-dom.development.js:26103:10)
          at /home/runner/work/cis-scheduler-team-4/cis-scheduler-team-4/node_modules/@testing-library/react/dist/pure.js:101:25
          at batchedUpdates$1 (/home/runner/work/cis-scheduler-team-4/cis-scheduler-team-4/node_modules/react-dom/cjs/react-dom.development.js:22380:12)
          at act (/home/runner/work/cis-scheduler-team-4/cis-scheduler-team-4/node_modules/react-dom/cjs/react-dom-test-utils.development.js:1042:14)
          at render (/home/runner/work/cis-scheduler-team-4/cis-scheduler-team-4/node_modules/@testing-library/react/dist/pure.js:97:26)
          at Object.<anonymous> (/home/runner/work/cis-scheduler-team-4/cis-scheduler-team-4/src/test/CourseSearch.test.tsx:119:9)
          at Promise.then.completed (/home/runner/work/cis-scheduler-team-4/cis-scheduler-team-4/node_modules/jest-circus/build/utils.js:391:28)
          at new Promise (<anonymous>)
          at callAsyncCircusFn (/home/runner/work/cis-scheduler-team-4/cis-scheduler-team-4/node_modules/jest-circus/build/utils.js:316:10)
          at _callCircusHook (/home/runner/work/cis-scheduler-team-4/cis-scheduler-team-4/node_modules/jest-circus/build/run.js:181:40)
          at _runTest (/home/runner/work/cis-scheduler-team-4/cis-scheduler-team-4/node_modules/jest-circus/build/run.js:148:5)
          at _runTestsForDescribeBlock (/home/runner/work/cis-scheduler-team-4/cis-scheduler-team-4/node_modules/jest-circus/build/run.js:66:9)
          at _runTestsForDescribeBlock (/home/runner/work/cis-scheduler-team-4/cis-scheduler-team-4/node_modules/jest-circus/build/run.js:60:9)
          at run (/home/runner/work/cis-scheduler-team-4/cis-scheduler-team-4/node_modules/jest-circus/build/run.js:25:3)
          at runAndTransformResultsToJestFormat (/home/runner/work/cis-scheduler-team-4/cis-scheduler-team-4/node_modules/jest-circus/build/legacy-code-todo-rewrite/jestAdapterInit.js:170:21)
          at jestAdapter (/home/runner/work/cis-scheduler-team-4/cis-scheduler-team-4/node_modules/jest-circus/build/legacy-code-todo-rewrite/jestAdapter.js:82:19)
          at runTestInternal (/home/runner/work/cis-scheduler-team-4/cis-scheduler-team-4/node_modules/jest-runner/build/runTest.js:389:16)
          at runTest (/home/runner/work/cis-scheduler-team-4/cis-scheduler-team-4/node_modules/jest-runner/build/runTest.js:475:34)

      at VirtualConsole.<anonymous> (node_modules/jsdom/lib/jsdom/virtual-console.js:29:45)
      at reportException (node_modules/jsdom/lib/jsdom/living/helpers/runtime-script-errors.js:70:28)
      at innerInvokeEventListeners (node_modules/jsdom/lib/jsdom/living/events/EventTarget-impl.js:341:9)
      at invokeEventListeners (node_modules/jsdom/lib/jsdom/living/events/EventTarget-impl.js:274:3)
      at HTMLUnknownElementImpl._dispatch (node_modules/jsdom/lib/jsdom/living/events/EventTarget-impl.js:221:9)
      at HTMLUnknownElementImpl.dispatchEvent (node_modules/jsdom/lib/jsdom/living/events/EventTarget-impl.js:94:17)
      at HTMLUnknownElement.dispatchEvent (node_modules/jsdom/lib/jsdom/living/generated/EventTarget.js:231:34)

    console.error
      The above error occurred in the <App> component:
      
          at App (/home/runner/work/cis-scheduler-team-4/cis-scheduler-team-4/src/App.tsx:109:51)
      
      Consider adding an error boundary to your tree to customize error handling behavior.
      Visit https://reactjs.org/link/error-boundaries to learn more about error boundaries.

      at logCapturedError (node_modules/react-dom/cjs/react-dom.development.js:20085:23)
      at update.callback (node_modules/react-dom/cjs/react-dom.development.js:20118:5)
      at callCallback (node_modules/react-dom/cjs/react-dom.development.js:12318:12)
      at commitUpdateQueue (node_modules/react-dom/cjs/react-dom.development.js:12339:9)
      at commitLifeCycles (node_modules/react-dom/cjs/react-dom.development.js:20736:11)
      at commitLayoutEffects (node_modules/react-dom/cjs/react-dom.development.js:23426:7)
      at HTMLUnknownElement.callCallback (node_modules/react-dom/cjs/react-dom.development.js:3945:14)
      at HTMLUnknownElement.callTheUserObjectsOperation (node_modules/jsdom/lib/jsdom/living/generated/EventListener.js:26:30)

    console.error
      Error: Uncaught [Error: useLocation() may be used only in the context of a <Router> component.]
          at reportException (/home/runner/work/cis-scheduler-team-4/cis-scheduler-team-4/node_modules/jsdom/lib/jsdom/living/helpers/runtime-script-errors.js:66:24)
          at innerInvokeEventListeners (/home/runner/work/cis-scheduler-team-4/cis-scheduler-team-4/node_modules/jsdom/lib/jsdom/living/events/EventTarget-impl.js:341:9)
          at invokeEventListeners (/home/runner/work/cis-scheduler-team-4/cis-scheduler-team-4/node_modules/jsdom/lib/jsdom/living/events/EventTarget-impl.js:274:3)
          at HTMLUnknownElementImpl._dispatch (/home/runner/work/cis-scheduler-team-4/cis-scheduler-team-4/node_modules/jsdom/lib/jsdom/living/events/EventTarget-impl.js:221:9)
          at HTMLUnknownElementImpl.dispatchEvent (/home/runner/work/cis-scheduler-team-4/cis-scheduler-team-4/node_modules/jsdom/lib/jsdom/living/events/EventTarget-impl.js:94:17)
          at HTMLUnknownElement.dispatchEvent (/home/runner/work/cis-scheduler-team-4/cis-scheduler-team-4/node_modules/jsdom/lib/jsdom/living/generated/EventTarget.js:231:34)
          at Object.invokeGuardedCallbackDev (/home/runner/work/cis-scheduler-team-4/cis-scheduler-team-4/node_modules/react-dom/cjs/react-dom.development.js:3994:16)
          at invokeGuardedCallback (/home/runner/work/cis-scheduler-team-4/cis-scheduler-team-4/node_modules/react-dom/cjs/react-dom.development.js:4056:31)
          at beginWork$1 (/home/runner/work/cis-scheduler-team-4/cis-scheduler-team-4/node_modules/react-dom/cjs/react-dom.development.js:23964:7)
          at performUnitOfWork (/home/runner/work/cis-scheduler-team-4/cis-scheduler-team-4/node_modules/react-dom/cjs/react-dom.development.js:22779:12) Error: useLocation() may be used only in the context of a <Router> component.
          at invariant (/home/runner/work/cis-scheduler-team-4/packages/react-router/lib/router.ts:5:20)
          at useLocation (/home/runner/work/cis-scheduler-team-4/packages/react-router/lib/hooks.tsx:75:3)
          at App (/home/runner/work/cis-scheduler-team-4/cis-scheduler-team-4/src/App.tsx:164:22)
          at renderWithHooks (/home/runner/work/cis-scheduler-team-4/cis-scheduler-team-4/node_modules/react-dom/cjs/react-dom.development.js:14985:18)
          at mountIndeterminateComponent (/home/runner/work/cis-scheduler-team-4/cis-scheduler-team-4/node_modules/react-dom/cjs/react-dom.development.js:17811:13)
          at beginWork (/home/runner/work/cis-scheduler-team-4/cis-scheduler-team-4/node_modules/react-dom/cjs/react-dom.development.js:19049:16)
          at HTMLUnknownElement.callCallback (/home/runner/work/cis-scheduler-team-4/cis-scheduler-team-4/node_modules/react-dom/cjs/react-dom.development.js:3945:14)
          at HTMLUnknownElement.callTheUserObjectsOperation (/home/runner/work/cis-scheduler-team-4/cis-scheduler-team-4/node_modules/jsdom/lib/jsdom/living/generated/EventListener.js:26:30)
          at innerInvokeEventListeners (/home/runner/work/cis-scheduler-team-4/cis-scheduler-team-4/node_modules/jsdom/lib/jsdom/living/events/EventTarget-impl.js:338:25)
          at invokeEventListeners (/home/runner/work/cis-scheduler-team-4/cis-scheduler-team-4/node_modules/jsdom/lib/jsdom/living/events/EventTarget-impl.js:274:3)
          at HTMLUnknownElementImpl._dispatch (/home/runner/work/cis-scheduler-team-4/cis-scheduler-team-4/node_modules/jsdom/lib/jsdom/living/events/EventTarget-impl.js:221:9)
          at HTMLUnknownElementImpl.dispatchEvent (/home/runner/work/cis-scheduler-team-4/cis-scheduler-team-4/node_modules/jsdom/lib/jsdom/living/events/EventTarget-impl.js:94:17)
          at HTMLUnknownElement.dispatchEvent (/home/runner/work/cis-scheduler-team-4/cis-scheduler-team-4/node_modules/jsdom/lib/jsdom/living/generated/EventTarget.js:231:34)
          at Object.invokeGuardedCallbackDev (/home/runner/work/cis-scheduler-team-4/cis-scheduler-team-4/node_modules/react-dom/cjs/react-dom.development.js:3994:16)
          at invokeGuardedCallback (/home/runner/work/cis-scheduler-team-4/cis-scheduler-team-4/node_modules/react-dom/cjs/react-dom.development.js:4056:31)
          at beginWork$1 (/home/runner/work/cis-scheduler-team-4/cis-scheduler-team-4/node_modules/react-dom/cjs/react-dom.development.js:23964:7)
          at performUnitOfWork (/home/runner/work/cis-scheduler-team-4/cis-scheduler-team-4/node_modules/react-dom/cjs/react-dom.development.js:22779:12)
          at workLoopSync (/home/runner/work/cis-scheduler-team-4/cis-scheduler-team-4/node_modules/react-dom/cjs/react-dom.development.js:22707:5)
          at renderRootSync (/home/runner/work/cis-scheduler-team-4/cis-scheduler-team-4/node_modules/react-dom/cjs/react-dom.development.js:22670:7)
          at performSyncWorkOnRoot (/home/runner/work/cis-scheduler-team-4/cis-scheduler-team-4/node_modules/react-dom/cjs/react-dom.development.js:22293:18)
          at scheduleUpdateOnFiber (/home/runner/work/cis-scheduler-team-4/cis-scheduler-team-4/node_modules/react-dom/cjs/react-dom.development.js:21881:7)
          at updateContainer (/home/runner/work/cis-scheduler-team-4/cis-scheduler-team-4/node_modules/react-dom/cjs/react-dom.development.js:25482:3)
          at /home/runner/work/cis-scheduler-team-4/cis-scheduler-team-4/node_modules/react-dom/cjs/react-dom.development.js:26021:7
          at unbatchedUpdates (/home/runner/work/cis-scheduler-team-4/cis-scheduler-team-4/node_modules/react-dom/cjs/react-dom.development.js:22431:12)
          at legacyRenderSubtreeIntoContainer (/home/runner/work/cis-scheduler-team-4/cis-scheduler-team-4/node_modules/react-dom/cjs/react-dom.development.js:26020:5)
          at Object.render (/home/runner/work/cis-scheduler-team-4/cis-scheduler-team-4/node_modules/react-dom/cjs/react-dom.development.js:26103:10)
          at /home/runner/work/cis-scheduler-team-4/cis-scheduler-team-4/node_modules/@testing-library/react/dist/pure.js:101:25
          at batchedUpdates$1 (/home/runner/work/cis-scheduler-team-4/cis-scheduler-team-4/node_modules/react-dom/cjs/react-dom.development.js:22380:12)
          at act (/home/runner/work/cis-scheduler-team-4/cis-scheduler-team-4/node_modules/react-dom/cjs/react-dom-test-utils.development.js:1042:14)
          at render (/home/runner/work/cis-scheduler-team-4/cis-scheduler-team-4/node_modules/@testing-library/react/dist/pure.js:97:26)
          at Object.<anonymous> (/home/runner/work/cis-scheduler-team-4/cis-scheduler-team-4/src/test/CourseSearch.test.tsx:119:9)
          at Promise.then.completed (/home/runner/work/cis-scheduler-team-4/cis-scheduler-team-4/node_modules/jest-circus/build/utils.js:391:28)
          at new Promise (<anonymous>)
          at callAsyncCircusFn (/home/runner/work/cis-scheduler-team-4/cis-scheduler-team-4/node_modules/jest-circus/build/utils.js:316:10)
          at _callCircusHook (/home/runner/work/cis-scheduler-team-4/cis-scheduler-team-4/node_modules/jest-circus/build/run.js:181:40)
          at _runTest (/home/runner/work/cis-scheduler-team-4/cis-scheduler-team-4/node_modules/jest-circus/build/run.js:148:5)
          at _runTestsForDescribeBlock (/home/runner/work/cis-scheduler-team-4/cis-scheduler-team-4/node_modules/jest-circus/build/run.js:66:9)
          at _runTestsForDescribeBlock (/home/runner/work/cis-scheduler-team-4/cis-scheduler-team-4/node_modules/jest-circus/build/run.js:60:9)
          at run (/home/runner/work/cis-scheduler-team-4/cis-scheduler-team-4/node_modules/jest-circus/build/run.js:25:3)
          at runAndTransformResultsToJestFormat (/home/runner/work/cis-scheduler-team-4/cis-scheduler-team-4/node_modules/jest-circus/build/legacy-code-todo-rewrite/jestAdapterInit.js:170:21)
          at jestAdapter (/home/runner/work/cis-scheduler-team-4/cis-scheduler-team-4/node_modules/jest-circus/build/legacy-code-todo-rewrite/jestAdapter.js:82:19)
          at runTestInternal (/home/runner/work/cis-scheduler-team-4/cis-scheduler-team-4/node_modules/jest-runner/build/runTest.js:389:16)
          at runTest (/home/runner/work/cis-scheduler-team-4/cis-scheduler-team-4/node_modules/jest-runner/build/runTest.js:475:34)

      at VirtualConsole.<anonymous> (node_modules/jsdom/lib/jsdom/virtual-console.js:29:45)
      at reportException (node_modules/jsdom/lib/jsdom/living/helpers/runtime-script-errors.js:70:28)
      at innerInvokeEventListeners (node_modules/jsdom/lib/jsdom/living/events/EventTarget-impl.js:341:9)
      at invokeEventListeners (node_modules/jsdom/lib/jsdom/living/events/EventTarget-impl.js:274:3)
      at HTMLUnknownElementImpl._dispatch (node_modules/jsdom/lib/jsdom/living/events/EventTarget-impl.js:221:9)
      at HTMLUnknownElementImpl.dispatchEvent (node_modules/jsdom/lib/jsdom/living/events/EventTarget-impl.js:94:17)
      at HTMLUnknownElement.dispatchEvent (node_modules/jsdom/lib/jsdom/living/generated/EventTarget.js:231:34)

    console.error
      The above error occurred in the <App> component:
      
          at App (/home/runner/work/cis-scheduler-team-4/cis-scheduler-team-4/src/App.tsx:109:51)
      
      Consider adding an error boundary to your tree to customize error handling behavior.
      Visit https://reactjs.org/link/error-boundaries to learn more about error boundaries.

      at logCapturedError (node_modules/react-dom/cjs/react-dom.development.js:20085:23)
      at update.callback (node_modules/react-dom/cjs/react-dom.development.js:20118:5)
      at callCallback (node_modules/react-dom/cjs/react-dom.development.js:12318:12)
      at commitUpdateQueue (node_modules/react-dom/cjs/react-dom.development.js:12339:9)
      at commitLifeCycles (node_modules/react-dom/cjs/react-dom.development.js:20736:11)
      at commitLayoutEffects (node_modules/react-dom/cjs/react-dom.development.js:23426:7)
      at HTMLUnknownElement.callCallback (node_modules/react-dom/cjs/react-dom.development.js:3945:14)
      at HTMLUnknownElement.callTheUserObjectsOperation (node_modules/jsdom/lib/jsdom/living/generated/EventListener.js:26:30)

    console.error
      Error: Uncaught [Error: useLocation() may be used only in the context of a <Router> component.]
          at reportException (/home/runner/work/cis-scheduler-team-4/cis-scheduler-team-4/node_modules/jsdom/lib/jsdom/living/helpers/runtime-script-errors.js:66:24)
          at innerInvokeEventListeners (/home/runner/work/cis-scheduler-team-4/cis-scheduler-team-4/node_modules/jsdom/lib/jsdom/living/events/EventTarget-impl.js:341:9)
          at invokeEventListeners (/home/runner/work/cis-scheduler-team-4/cis-scheduler-team-4/node_modules/jsdom/lib/jsdom/living/events/EventTarget-impl.js:274:3)
          at HTMLUnknownElementImpl._dispatch (/home/runner/work/cis-scheduler-team-4/cis-scheduler-team-4/node_modules/jsdom/lib/jsdom/living/events/EventTarget-impl.js:221:9)
          at HTMLUnknownElementImpl.dispatchEvent (/home/runner/work/cis-scheduler-team-4/cis-scheduler-team-4/node_modules/jsdom/lib/jsdom/living/events/EventTarget-impl.js:94:17)
          at HTMLUnknownElement.dispatchEvent (/home/runner/work/cis-scheduler-team-4/cis-scheduler-team-4/node_modules/jsdom/lib/jsdom/living/generated/EventTarget.js:231:34)
          at Object.invokeGuardedCallbackDev (/home/runner/work/cis-scheduler-team-4/cis-scheduler-team-4/node_modules/react-dom/cjs/react-dom.development.js:3994:16)
          at invokeGuardedCallback (/home/runner/work/cis-scheduler-team-4/cis-scheduler-team-4/node_modules/react-dom/cjs/react-dom.development.js:4056:31)
          at beginWork$1 (/home/runner/work/cis-scheduler-team-4/cis-scheduler-team-4/node_modules/react-dom/cjs/react-dom.development.js:23964:7)
          at performUnitOfWork (/home/runner/work/cis-scheduler-team-4/cis-scheduler-team-4/node_modules/react-dom/cjs/react-dom.development.js:22779:12) Error: useLocation() may be used only in the context of a <Router> component.
          at invariant (/home/runner/work/cis-scheduler-team-4/packages/react-router/lib/router.ts:5:20)
          at useLocation (/home/runner/work/cis-scheduler-team-4/packages/react-router/lib/hooks.tsx:75:3)
          at App (/home/runner/work/cis-scheduler-team-4/cis-scheduler-team-4/src/App.tsx:164:22)
          at renderWithHooks (/home/runner/work/cis-scheduler-team-4/cis-scheduler-team-4/node_modules/react-dom/cjs/react-dom.development.js:14985:18)
          at mountIndeterminateComponent (/home/runner/work/cis-scheduler-team-4/cis-scheduler-team-4/node_modules/react-dom/cjs/react-dom.development.js:17811:13)
          at beginWork (/home/runner/work/cis-scheduler-team-4/cis-scheduler-team-4/node_modules/react-dom/cjs/react-dom.development.js:19049:16)
          at HTMLUnknownElement.callCallback (/home/runner/work/cis-scheduler-team-4/cis-scheduler-team-4/node_modules/react-dom/cjs/react-dom.development.js:3945:14)
          at HTMLUnknownElement.callTheUserObjectsOperation (/home/runner/work/cis-scheduler-team-4/cis-scheduler-team-4/node_modules/jsdom/lib/jsdom/living/generated/EventListener.js:26:30)
          at innerInvokeEventListeners (/home/runner/work/cis-scheduler-team-4/cis-scheduler-team-4/node_modules/jsdom/lib/jsdom/living/events/EventTarget-impl.js:338:25)
          at invokeEventListeners (/home/runner/work/cis-scheduler-team-4/cis-scheduler-team-4/node_modules/jsdom/lib/jsdom/living/events/EventTarget-impl.js:274:3)
          at HTMLUnknownElementImpl._dispatch (/home/runner/work/cis-scheduler-team-4/cis-scheduler-team-4/node_modules/jsdom/lib/jsdom/living/events/EventTarget-impl.js:221:9)
          at HTMLUnknownElementImpl.dispatchEvent (/home/runner/work/cis-scheduler-team-4/cis-scheduler-team-4/node_modules/jsdom/lib/jsdom/living/events/EventTarget-impl.js:94:17)
          at HTMLUnknownElement.dispatchEvent (/home/runner/work/cis-scheduler-team-4/cis-scheduler-team-4/node_modules/jsdom/lib/jsdom/living/generated/EventTarget.js:231:34)
          at Object.invokeGuardedCallbackDev (/home/runner/work/cis-scheduler-team-4/cis-scheduler-team-4/node_modules/react-dom/cjs/react-dom.development.js:3994:16)
          at invokeGuardedCallback (/home/runner/work/cis-scheduler-team-4/cis-scheduler-team-4/node_modules/react-dom/cjs/react-dom.development.js:4056:31)
          at beginWork$1 (/home/runner/work/cis-scheduler-team-4/cis-scheduler-team-4/node_modules/react-dom/cjs/react-dom.development.js:23964:7)
          at performUnitOfWork (/home/runner/work/cis-scheduler-team-4/cis-scheduler-team-4/node_modules/react-dom/cjs/react-dom.development.js:22779:12)
          at workLoopSync (/home/runner/work/cis-scheduler-team-4/cis-scheduler-team-4/node_modules/react-dom/cjs/react-dom.development.js:22707:5)
          at renderRootSync (/home/runner/work/cis-scheduler-team-4/cis-scheduler-team-4/node_modules/react-dom/cjs/react-dom.development.js:22670:7)
          at performSyncWorkOnRoot (/home/runner/work/cis-scheduler-team-4/cis-scheduler-team-4/node_modules/react-dom/cjs/react-dom.development.js:22293:18)
          at scheduleUpdateOnFiber (/home/runner/work/cis-scheduler-team-4/cis-scheduler-team-4/node_modules/react-dom/cjs/react-dom.development.js:21881:7)
          at updateContainer (/home/runner/work/cis-scheduler-team-4/cis-scheduler-team-4/node_modules/react-dom/cjs/react-dom.development.js:25482:3)
          at /home/runner/work/cis-scheduler-team-4/cis-scheduler-team-4/node_modules/react-dom/cjs/react-dom.development.js:26021:7
          at unbatchedUpdates (/home/runner/work/cis-scheduler-team-4/cis-scheduler-team-4/node_modules/react-dom/cjs/react-dom.development.js:22431:12)
          at legacyRenderSubtreeIntoContainer (/home/runner/work/cis-scheduler-team-4/cis-scheduler-team-4/node_modules/react-dom/cjs/react-dom.development.js:26020:5)
          at Object.render (/home/runner/work/cis-scheduler-team-4/cis-scheduler-team-4/node_modules/react-dom/cjs/react-dom.development.js:26103:10)
          at /home/runner/work/cis-scheduler-team-4/cis-scheduler-team-4/node_modules/@testing-library/react/dist/pure.js:101:25
          at batchedUpdates$1 (/home/runner/work/cis-scheduler-team-4/cis-scheduler-team-4/node_modules/react-dom/cjs/react-dom.development.js:22380:12)
          at act (/home/runner/work/cis-scheduler-team-4/cis-scheduler-team-4/node_modules/react-dom/cjs/react-dom-test-utils.development.js:1042:14)
          at render (/home/runner/work/cis-scheduler-team-4/cis-scheduler-team-4/node_modules/@testing-library/react/dist/pure.js:97:26)
          at Object.<anonymous> (/home/runner/work/cis-scheduler-team-4/cis-scheduler-team-4/src/test/CourseSearch.test.tsx:119:9)
          at Promise.then.completed (/home/runner/work/cis-scheduler-team-4/cis-scheduler-team-4/node_modules/jest-circus/build/utils.js:391:28)
          at new Promise (<anonymous>)
          at callAsyncCircusFn (/home/runner/work/cis-scheduler-team-4/cis-scheduler-team-4/node_modules/jest-circus/build/utils.js:316:10)
          at _callCircusHook (/home/runner/work/cis-scheduler-team-4/cis-scheduler-team-4/node_modules/jest-circus/build/run.js:181:40)
          at _runTest (/home/runner/work/cis-scheduler-team-4/cis-scheduler-team-4/node_modules/jest-circus/build/run.js:148:5)
          at _runTestsForDescribeBlock (/home/runner/work/cis-scheduler-team-4/cis-scheduler-team-4/node_modules/jest-circus/build/run.js:66:9)
          at _runTestsForDescribeBlock (/home/runner/work/cis-scheduler-team-4/cis-scheduler-team-4/node_modules/jest-circus/build/run.js:60:9)
          at run (/home/runner/work/cis-scheduler-team-4/cis-scheduler-team-4/node_modules/jest-circus/build/run.js:25:3)
          at runAndTransformResultsToJestFormat (/home/runner/work/cis-scheduler-team-4/cis-scheduler-team-4/node_modules/jest-circus/build/legacy-code-todo-rewrite/jestAdapterInit.js:170:21)
          at jestAdapter (/home/runner/work/cis-scheduler-team-4/cis-scheduler-team-4/node_modules/jest-circus/build/legacy-code-todo-rewrite/jestAdapter.js:82:19)
          at runTestInternal (/home/runner/work/cis-scheduler-team-4/cis-scheduler-team-4/node_modules/jest-runner/build/runTest.js:389:16)
          at runTest (/home/runner/work/cis-scheduler-team-4/cis-scheduler-team-4/node_modules/jest-runner/build/runTest.js:475:34)

      at VirtualConsole.<anonymous> (node_modules/jsdom/lib/jsdom/virtual-console.js:29:45)
      at reportException (node_modules/jsdom/lib/jsdom/living/helpers/runtime-script-errors.js:70:28)
      at innerInvokeEventListeners (node_modules/jsdom/lib/jsdom/living/events/EventTarget-impl.js:341:9)
      at invokeEventListeners (node_modules/jsdom/lib/jsdom/living/events/EventTarget-impl.js:274:3)
      at HTMLUnknownElementImpl._dispatch (node_modules/jsdom/lib/jsdom/living/events/EventTarget-impl.js:221:9)
      at HTMLUnknownElementImpl.dispatchEvent (node_modules/jsdom/lib/jsdom/living/events/EventTarget-impl.js:94:17)
      at HTMLUnknownElement.dispatchEvent (node_modules/jsdom/lib/jsdom/living/generated/EventTarget.js:231:34)

    console.error
      The above error occurred in the <App> component:
      
          at App (/home/runner/work/cis-scheduler-team-4/cis-scheduler-team-4/src/App.tsx:109:51)
      
      Consider adding an error boundary to your tree to customize error handling behavior.
      Visit https://reactjs.org/link/error-boundaries to learn more about error boundaries.

      at logCapturedError (node_modules/react-dom/cjs/react-dom.development.js:20085:23)
      at update.callback (node_modules/react-dom/cjs/react-dom.development.js:20118:5)
      at callCallback (node_modules/react-dom/cjs/react-dom.development.js:12318:12)
      at commitUpdateQueue (node_modules/react-dom/cjs/react-dom.development.js:12339:9)
      at commitLifeCycles (node_modules/react-dom/cjs/react-dom.development.js:20736:11)
      at commitLayoutEffects (node_modules/react-dom/cjs/react-dom.development.js:23426:7)
      at HTMLUnknownElement.callCallback (node_modules/react-dom/cjs/react-dom.development.js:3945:14)
      at HTMLUnknownElement.callTheUserObjectsOperation (node_modules/jsdom/lib/jsdom/living/generated/EventListener.js:26:30)

    console.error
      Error: Uncaught [Error: useLocation() may be used only in the context of a <Router> component.]
          at reportException (/home/runner/work/cis-scheduler-team-4/cis-scheduler-team-4/node_modules/jsdom/lib/jsdom/living/helpers/runtime-script-errors.js:66:24)
          at innerInvokeEventListeners (/home/runner/work/cis-scheduler-team-4/cis-scheduler-team-4/node_modules/jsdom/lib/jsdom/living/events/EventTarget-impl.js:341:9)
          at invokeEventListeners (/home/runner/work/cis-scheduler-team-4/cis-scheduler-team-4/node_modules/jsdom/lib/jsdom/living/events/EventTarget-impl.js:274:3)
          at HTMLUnknownElementImpl._dispatch (/home/runner/work/cis-scheduler-team-4/cis-scheduler-team-4/node_modules/jsdom/lib/jsdom/living/events/EventTarget-impl.js:221:9)
          at HTMLUnknownElementImpl.dispatchEvent (/home/runner/work/cis-scheduler-team-4/cis-scheduler-team-4/node_modules/jsdom/lib/jsdom/living/events/EventTarget-impl.js:94:17)
          at HTMLUnknownElement.dispatchEvent (/home/runner/work/cis-scheduler-team-4/cis-scheduler-team-4/node_modules/jsdom/lib/jsdom/living/generated/EventTarget.js:231:34)
          at Object.invokeGuardedCallbackDev (/home/runner/work/cis-scheduler-team-4/cis-scheduler-team-4/node_modules/react-dom/cjs/react-dom.development.js:3994:16)
          at invokeGuardedCallback (/home/runner/work/cis-scheduler-team-4/cis-scheduler-team-4/node_modules/react-dom/cjs/react-dom.development.js:4056:31)
          at beginWork$1 (/home/runner/work/cis-scheduler-team-4/cis-scheduler-team-4/node_modules/react-dom/cjs/react-dom.development.js:23964:7)
          at performUnitOfWork (/home/runner/work/cis-scheduler-team-4/cis-scheduler-team-4/node_modules/react-dom/cjs/react-dom.development.js:22779:12) Error: useLocation() may be used only in the context of a <Router> component.
          at invariant (/home/runner/work/cis-scheduler-team-4/packages/react-router/lib/router.ts:5:20)
          at useLocation (/home/runner/work/cis-scheduler-team-4/packages/react-router/lib/hooks.tsx:75:3)
          at App (/home/runner/work/cis-scheduler-team-4/cis-scheduler-team-4/src/App.tsx:164:22)
          at renderWithHooks (/home/runner/work/cis-scheduler-team-4/cis-scheduler-team-4/node_modules/react-dom/cjs/react-dom.development.js:14985:18)
          at mountIndeterminateComponent (/home/runner/work/cis-scheduler-team-4/cis-scheduler-team-4/node_modules/react-dom/cjs/react-dom.development.js:17811:13)
          at beginWork (/home/runner/work/cis-scheduler-team-4/cis-scheduler-team-4/node_modules/react-dom/cjs/react-dom.development.js:19049:16)
          at HTMLUnknownElement.callCallback (/home/runner/work/cis-scheduler-team-4/cis-scheduler-team-4/node_modules/react-dom/cjs/react-dom.development.js:3945:14)
          at HTMLUnknownElement.callTheUserObjectsOperation (/home/runner/work/cis-scheduler-team-4/cis-scheduler-team-4/node_modules/jsdom/lib/jsdom/living/generated/EventListener.js:26:30)
          at innerInvokeEventListeners (/home/runner/work/cis-scheduler-team-4/cis-scheduler-team-4/node_modules/jsdom/lib/jsdom/living/events/EventTarget-impl.js:338:25)
          at invokeEventListeners (/home/runner/work/cis-scheduler-team-4/cis-scheduler-team-4/node_modules/jsdom/lib/jsdom/living/events/EventTarget-impl.js:274:3)
          at HTMLUnknownElementImpl._dispatch (/home/runner/work/cis-scheduler-team-4/cis-scheduler-team-4/node_modules/jsdom/lib/jsdom/living/events/EventTarget-impl.js:221:9)
          at HTMLUnknownElementImpl.dispatchEvent (/home/runner/work/cis-scheduler-team-4/cis-scheduler-team-4/node_modules/jsdom/lib/jsdom/living/events/EventTarget-impl.js:94:17)
          at HTMLUnknownElement.dispatchEvent (/home/runner/work/cis-scheduler-team-4/cis-scheduler-team-4/node_modules/jsdom/lib/jsdom/living/generated/EventTarget.js:231:34)
          at Object.invokeGuardedCallbackDev (/home/runner/work/cis-scheduler-team-4/cis-scheduler-team-4/node_modules/react-dom/cjs/react-dom.development.js:3994:16)
          at invokeGuardedCallback (/home/runner/work/cis-scheduler-team-4/cis-scheduler-team-4/node_modules/react-dom/cjs/react-dom.development.js:4056:31)
          at beginWork$1 (/home/runner/work/cis-scheduler-team-4/cis-scheduler-team-4/node_modules/react-dom/cjs/react-dom.development.js:23964:7)
          at performUnitOfWork (/home/runner/work/cis-scheduler-team-4/cis-scheduler-team-4/node_modules/react-dom/cjs/react-dom.development.js:22779:12)
          at workLoopSync (/home/runner/work/cis-scheduler-team-4/cis-scheduler-team-4/node_modules/react-dom/cjs/react-dom.development.js:22707:5)
          at renderRootSync (/home/runner/work/cis-scheduler-team-4/cis-scheduler-team-4/node_modules/react-dom/cjs/react-dom.development.js:22670:7)
          at performSyncWorkOnRoot (/home/runner/work/cis-scheduler-team-4/cis-scheduler-team-4/node_modules/react-dom/cjs/react-dom.development.js:22293:18)
          at scheduleUpdateOnFiber (/home/runner/work/cis-scheduler-team-4/cis-scheduler-team-4/node_modules/react-dom/cjs/react-dom.development.js:21881:7)
          at updateContainer (/home/runner/work/cis-scheduler-team-4/cis-scheduler-team-4/node_modules/react-dom/cjs/react-dom.development.js:25482:3)
          at /home/runner/work/cis-scheduler-team-4/cis-scheduler-team-4/node_modules/react-dom/cjs/react-dom.development.js:26021:7
          at unbatchedUpdates (/home/runner/work/cis-scheduler-team-4/cis-scheduler-team-4/node_modules/react-dom/cjs/react-dom.development.js:22431:12)
          at legacyRenderSubtreeIntoContainer (/home/runner/work/cis-scheduler-team-4/cis-scheduler-team-4/node_modules/react-dom/cjs/react-dom.development.js:26020:5)
          at Object.render (/home/runner/work/cis-scheduler-team-4/cis-scheduler-team-4/node_modules/react-dom/cjs/react-dom.development.js:26103:10)
          at /home/runner/work/cis-scheduler-team-4/cis-scheduler-team-4/node_modules/@testing-library/react/dist/pure.js:101:25
          at batchedUpdates$1 (/home/runner/work/cis-scheduler-team-4/cis-scheduler-team-4/node_modules/react-dom/cjs/react-dom.development.js:22380:12)
          at act (/home/runner/work/cis-scheduler-team-4/cis-scheduler-team-4/node_modules/react-dom/cjs/react-dom-test-utils.development.js:1042:14)
          at render (/home/runner/work/cis-scheduler-team-4/cis-scheduler-team-4/node_modules/@testing-library/react/dist/pure.js:97:26)
          at Object.<anonymous> (/home/runner/work/cis-scheduler-team-4/cis-scheduler-team-4/src/test/CourseSearch.test.tsx:119:9)
          at Promise.then.completed (/home/runner/work/cis-scheduler-team-4/cis-scheduler-team-4/node_modules/jest-circus/build/utils.js:391:28)
          at new Promise (<anonymous>)
          at callAsyncCircusFn (/home/runner/work/cis-scheduler-team-4/cis-scheduler-team-4/node_modules/jest-circus/build/utils.js:316:10)
          at _callCircusHook (/home/runner/work/cis-scheduler-team-4/cis-scheduler-team-4/node_modules/jest-circus/build/run.js:181:40)
          at _runTest (/home/runner/work/cis-scheduler-team-4/cis-scheduler-team-4/node_modules/jest-circus/build/run.js:148:5)
          at _runTestsForDescribeBlock (/home/runner/work/cis-scheduler-team-4/cis-scheduler-team-4/node_modules/jest-circus/build/run.js:66:9)
          at _runTestsForDescribeBlock (/home/runner/work/cis-scheduler-team-4/cis-scheduler-team-4/node_modules/jest-circus/build/run.js:60:9)
          at run (/home/runner/work/cis-scheduler-team-4/cis-scheduler-team-4/node_modules/jest-circus/build/run.js:25:3)
          at runAndTransformResultsToJestFormat (/home/runner/work/cis-scheduler-team-4/cis-scheduler-team-4/node_modules/jest-circus/build/legacy-code-todo-rewrite/jestAdapterInit.js:170:21)
          at jestAdapter (/home/runner/work/cis-scheduler-team-4/cis-scheduler-team-4/node_modules/jest-circus/build/legacy-code-todo-rewrite/jestAdapter.js:82:19)
          at runTestInternal (/home/runner/work/cis-scheduler-team-4/cis-scheduler-team-4/node_modules/jest-runner/build/runTest.js:389:16)
          at runTest (/home/runner/work/cis-scheduler-team-4/cis-scheduler-team-4/node_modules/jest-runner/build/runTest.js:475:34)

      at VirtualConsole.<anonymous> (node_modules/jsdom/lib/jsdom/virtual-console.js:29:45)
      at reportException (node_modules/jsdom/lib/jsdom/living/helpers/runtime-script-errors.js:70:28)
      at innerInvokeEventListeners (node_modules/jsdom/lib/jsdom/living/events/EventTarget-impl.js:341:9)
      at invokeEventListeners (node_modules/jsdom/lib/jsdom/living/events/EventTarget-impl.js:274:3)
      at HTMLUnknownElementImpl._dispatch (node_modules/jsdom/lib/jsdom/living/events/EventTarget-impl.js:221:9)
      at HTMLUnknownElementImpl.dispatchEvent (node_modules/jsdom/lib/jsdom/living/events/EventTarget-impl.js:94:17)
      at HTMLUnknownElement.dispatchEvent (node_modules/jsdom/lib/jsdom/living/generated/EventTarget.js:231:34)

    console.error
      The above error occurred in the <App> component:
      
          at App (/home/runner/work/cis-scheduler-team-4/cis-scheduler-team-4/src/App.tsx:109:51)
      
      Consider adding an error boundary to your tree to customize error handling behavior.
      Visit https://reactjs.org/link/error-boundaries to learn more about error boundaries.

      at logCapturedError (node_modules/react-dom/cjs/react-dom.development.js:20085:23)
      at update.callback (node_modules/react-dom/cjs/react-dom.development.js:20118:5)
      at callCallback (node_modules/react-dom/cjs/react-dom.development.js:12318:12)
      at commitUpdateQueue (node_modules/react-dom/cjs/react-dom.development.js:12339:9)
      at commitLifeCycles (node_modules/react-dom/cjs/react-dom.development.js:20736:11)
      at commitLayoutEffects (node_modules/react-dom/cjs/react-dom.development.js:23426:7)
      at HTMLUnknownElement.callCallback (node_modules/react-dom/cjs/react-dom.development.js:3945:14)
      at HTMLUnknownElement.callTheUserObjectsOperation (node_modules/jsdom/lib/jsdom/living/generated/EventListener.js:26:30)

    console.error
      Error: Uncaught [Error: useLocation() may be used only in the context of a <Router> component.]
          at reportException (/home/runner/work/cis-scheduler-team-4/cis-scheduler-team-4/node_modules/jsdom/lib/jsdom/living/helpers/runtime-script-errors.js:66:24)
          at innerInvokeEventListeners (/home/runner/work/cis-scheduler-team-4/cis-scheduler-team-4/node_modules/jsdom/lib/jsdom/living/events/EventTarget-impl.js:341:9)
          at invokeEventListeners (/home/runner/work/cis-scheduler-team-4/cis-scheduler-team-4/node_modules/jsdom/lib/jsdom/living/events/EventTarget-impl.js:274:3)
          at HTMLUnknownElementImpl._dispatch (/home/runner/work/cis-scheduler-team-4/cis-scheduler-team-4/node_modules/jsdom/lib/jsdom/living/events/EventTarget-impl.js:221:9)
          at HTMLUnknownElementImpl.dispatchEvent (/home/runner/work/cis-scheduler-team-4/cis-scheduler-team-4/node_modules/jsdom/lib/jsdom/living/events/EventTarget-impl.js:94:17)
          at HTMLUnknownElement.dispatchEvent (/home/runner/work/cis-scheduler-team-4/cis-scheduler-team-4/node_modules/jsdom/lib/jsdom/living/generated/EventTarget.js:231:34)
          at Object.invokeGuardedCallbackDev (/home/runner/work/cis-scheduler-team-4/cis-scheduler-team-4/node_modules/react-dom/cjs/react-dom.development.js:3994:16)
          at invokeGuardedCallback (/home/runner/work/cis-scheduler-team-4/cis-scheduler-team-4/node_modules/react-dom/cjs/react-dom.development.js:4056:31)
          at beginWork$1 (/home/runner/work/cis-scheduler-team-4/cis-scheduler-team-4/node_modules/react-dom/cjs/react-dom.development.js:23964:7)
          at performUnitOfWork (/home/runner/work/cis-scheduler-team-4/cis-scheduler-team-4/node_modules/react-dom/cjs/react-dom.development.js:22779:12) Error: useLocation() may be used only in the context of a <Router> component.
          at invariant (/home/runner/work/cis-scheduler-team-4/packages/react-router/lib/router.ts:5:20)
          at useLocation (/home/runner/work/cis-scheduler-team-4/packages/react-router/lib/hooks.tsx:75:3)
          at App (/home/runner/work/cis-scheduler-team-4/cis-scheduler-team-4/src/App.tsx:164:22)
          at renderWithHooks (/home/runner/work/cis-scheduler-team-4/cis-scheduler-team-4/node_modules/react-dom/cjs/react-dom.development.js:14985:18)
          at mountIndeterminateComponent (/home/runner/work/cis-scheduler-team-4/cis-scheduler-team-4/node_modules/react-dom/cjs/react-dom.development.js:17811:13)
          at beginWork (/home/runner/work/cis-scheduler-team-4/cis-scheduler-team-4/node_modules/react-dom/cjs/react-dom.development.js:19049:16)
          at HTMLUnknownElement.callCallback (/home/runner/work/cis-scheduler-team-4/cis-scheduler-team-4/node_modules/react-dom/cjs/react-dom.development.js:3945:14)
          at HTMLUnknownElement.callTheUserObjectsOperation (/home/runner/work/cis-scheduler-team-4/cis-scheduler-team-4/node_modules/jsdom/lib/jsdom/living/generated/EventListener.js:26:30)
          at innerInvokeEventListeners (/home/runner/work/cis-scheduler-team-4/cis-scheduler-team-4/node_modules/jsdom/lib/jsdom/living/events/EventTarget-impl.js:338:25)
          at invokeEventListeners (/home/runner/work/cis-scheduler-team-4/cis-scheduler-team-4/node_modules/jsdom/lib/jsdom/living/events/EventTarget-impl.js:274:3)
          at HTMLUnknownElementImpl._dispatch (/home/runner/work/cis-scheduler-team-4/cis-scheduler-team-4/node_modules/jsdom/lib/jsdom/living/events/EventTarget-impl.js:221:9)
          at HTMLUnknownElementImpl.dispatchEvent (/home/runner/work/cis-scheduler-team-4/cis-scheduler-team-4/node_modules/jsdom/lib/jsdom/living/events/EventTarget-impl.js:94:17)
          at HTMLUnknownElement.dispatchEvent (/home/runner/work/cis-scheduler-team-4/cis-scheduler-team-4/node_modules/jsdom/lib/jsdom/living/generated/EventTarget.js:231:34)
          at Object.invokeGuardedCallbackDev (/home/runner/work/cis-scheduler-team-4/cis-scheduler-team-4/node_modules/react-dom/cjs/react-dom.development.js:3994:16)
          at invokeGuardedCallback (/home/runner/work/cis-scheduler-team-4/cis-scheduler-team-4/node_modules/react-dom/cjs/react-dom.development.js:4056:31)
          at beginWork$1 (/home/runner/work/cis-scheduler-team-4/cis-scheduler-team-4/node_modules/react-dom/cjs/react-dom.development.js:23964:7)
          at performUnitOfWork (/home/runner/work/cis-scheduler-team-4/cis-scheduler-team-4/node_modules/react-dom/cjs/react-dom.development.js:22779:12)
          at workLoopSync (/home/runner/work/cis-scheduler-team-4/cis-scheduler-team-4/node_modules/react-dom/cjs/react-dom.development.js:22707:5)
          at renderRootSync (/home/runner/work/cis-scheduler-team-4/cis-scheduler-team-4/node_modules/react-dom/cjs/react-dom.development.js:22670:7)
          at performSyncWorkOnRoot (/home/runner/work/cis-scheduler-team-4/cis-scheduler-team-4/node_modules/react-dom/cjs/react-dom.development.js:22293:18)
          at scheduleUpdateOnFiber (/home/runner/work/cis-scheduler-team-4/cis-scheduler-team-4/node_modules/react-dom/cjs/react-dom.development.js:21881:7)
          at updateContainer (/home/runner/work/cis-scheduler-team-4/cis-scheduler-team-4/node_modules/react-dom/cjs/react-dom.development.js:25482:3)
          at /home/runner/work/cis-scheduler-team-4/cis-scheduler-team-4/node_modules/react-dom/cjs/react-dom.development.js:26021:7
          at unbatchedUpdates (/home/runner/work/cis-scheduler-team-4/cis-scheduler-team-4/node_modules/react-dom/cjs/react-dom.development.js:22431:12)
          at legacyRenderSubtreeIntoContainer (/home/runner/work/cis-scheduler-team-4/cis-scheduler-team-4/node_modules/react-dom/cjs/react-dom.development.js:26020:5)
          at Object.render (/home/runner/work/cis-scheduler-team-4/cis-scheduler-team-4/node_modules/react-dom/cjs/react-dom.development.js:26103:10)
          at /home/runner/work/cis-scheduler-team-4/cis-scheduler-team-4/node_modules/@testing-library/react/dist/pure.js:101:25
          at batchedUpdates$1 (/home/runner/work/cis-scheduler-team-4/cis-scheduler-team-4/node_modules/react-dom/cjs/react-dom.development.js:22380:12)
          at act (/home/runner/work/cis-scheduler-team-4/cis-scheduler-team-4/node_modules/react-dom/cjs/react-dom-test-utils.development.js:1042:14)
          at render (/home/runner/work/cis-scheduler-team-4/cis-scheduler-team-4/node_modules/@testing-library/react/dist/pure.js:97:26)
          at Object.<anonymous> (/home/runner/work/cis-scheduler-team-4/cis-scheduler-team-4/src/test/CourseSearch.test.tsx:119:9)
          at Promise.then.completed (/home/runner/work/cis-scheduler-team-4/cis-scheduler-team-4/node_modules/jest-circus/build/utils.js:391:28)
          at new Promise (<anonymous>)
          at callAsyncCircusFn (/home/runner/work/cis-scheduler-team-4/cis-scheduler-team-4/node_modules/jest-circus/build/utils.js:316:10)
          at _callCircusHook (/home/runner/work/cis-scheduler-team-4/cis-scheduler-team-4/node_modules/jest-circus/build/run.js:181:40)
          at _runTest (/home/runner/work/cis-scheduler-team-4/cis-scheduler-team-4/node_modules/jest-circus/build/run.js:148:5)
          at _runTestsForDescribeBlock (/home/runner/work/cis-scheduler-team-4/cis-scheduler-team-4/node_modules/jest-circus/build/run.js:66:9)
          at _runTestsForDescribeBlock (/home/runner/work/cis-scheduler-team-4/cis-scheduler-team-4/node_modules/jest-circus/build/run.js:60:9)
          at run (/home/runner/work/cis-scheduler-team-4/cis-scheduler-team-4/node_modules/jest-circus/build/run.js:25:3)
          at runAndTransformResultsToJestFormat (/home/runner/work/cis-scheduler-team-4/cis-scheduler-team-4/node_modules/jest-circus/build/legacy-code-todo-rewrite/jestAdapterInit.js:170:21)
          at jestAdapter (/home/runner/work/cis-scheduler-team-4/cis-scheduler-team-4/node_modules/jest-circus/build/legacy-code-todo-rewrite/jestAdapter.js:82:19)
          at runTestInternal (/home/runner/work/cis-scheduler-team-4/cis-scheduler-team-4/node_modules/jest-runner/build/runTest.js:389:16)
          at runTest (/home/runner/work/cis-scheduler-team-4/cis-scheduler-team-4/node_modules/jest-runner/build/runTest.js:475:34)

      at VirtualConsole.<anonymous> (node_modules/jsdom/lib/jsdom/virtual-console.js:29:45)
      at reportException (node_modules/jsdom/lib/jsdom/living/helpers/runtime-script-errors.js:70:28)
      at innerInvokeEventListeners (node_modules/jsdom/lib/jsdom/living/events/EventTarget-impl.js:341:9)
      at invokeEventListeners (node_modules/jsdom/lib/jsdom/living/events/EventTarget-impl.js:274:3)
      at HTMLUnknownElementImpl._dispatch (node_modules/jsdom/lib/jsdom/living/events/EventTarget-impl.js:221:9)
      at HTMLUnknownElementImpl.dispatchEvent (node_modules/jsdom/lib/jsdom/living/events/EventTarget-impl.js:94:17)
      at HTMLUnknownElement.dispatchEvent (node_modules/jsdom/lib/jsdom/living/generated/EventTarget.js:231:34)

    console.error
      The above error occurred in the <App> component:
      
          at App (/home/runner/work/cis-scheduler-team-4/cis-scheduler-team-4/src/App.tsx:109:51)
      
      Consider adding an error boundary to your tree to customize error handling behavior.
      Visit https://reactjs.org/link/error-boundaries to learn more about error boundaries.

      at logCapturedError (node_modules/react-dom/cjs/react-dom.development.js:20085:23)
      at update.callback (node_modules/react-dom/cjs/react-dom.development.js:20118:5)
      at callCallback (node_modules/react-dom/cjs/react-dom.development.js:12318:12)
      at commitUpdateQueue (node_modules/react-dom/cjs/react-dom.development.js:12339:9)
      at commitLifeCycles (node_modules/react-dom/cjs/react-dom.development.js:20736:11)
      at commitLayoutEffects (node_modules/react-dom/cjs/react-dom.development.js:23426:7)
      at HTMLUnknownElement.callCallback (node_modules/react-dom/cjs/react-dom.development.js:3945:14)
      at HTMLUnknownElement.callTheUserObjectsOperation (node_modules/jsdom/lib/jsdom/living/generated/EventListener.js:26:30)

    console.error
      Error: Uncaught [Error: useLocation() may be used only in the context of a <Router> component.]
          at reportException (/home/runner/work/cis-scheduler-team-4/cis-scheduler-team-4/node_modules/jsdom/lib/jsdom/living/helpers/runtime-script-errors.js:66:24)
          at innerInvokeEventListeners (/home/runner/work/cis-scheduler-team-4/cis-scheduler-team-4/node_modules/jsdom/lib/jsdom/living/events/EventTarget-impl.js:341:9)
          at invokeEventListeners (/home/runner/work/cis-scheduler-team-4/cis-scheduler-team-4/node_modules/jsdom/lib/jsdom/living/events/EventTarget-impl.js:274:3)
          at HTMLUnknownElementImpl._dispatch (/home/runner/work/cis-scheduler-team-4/cis-scheduler-team-4/node_modules/jsdom/lib/jsdom/living/events/EventTarget-impl.js:221:9)
          at HTMLUnknownElementImpl.dispatchEvent (/home/runner/work/cis-scheduler-team-4/cis-scheduler-team-4/node_modules/jsdom/lib/jsdom/living/events/EventTarget-impl.js:94:17)
          at HTMLUnknownElement.dispatchEvent (/home/runner/work/cis-scheduler-team-4/cis-scheduler-team-4/node_modules/jsdom/lib/jsdom/living/generated/EventTarget.js:231:34)
          at Object.invokeGuardedCallbackDev (/home/runner/work/cis-scheduler-team-4/cis-scheduler-team-4/node_modules/react-dom/cjs/react-dom.development.js:3994:16)
          at invokeGuardedCallback (/home/runner/work/cis-scheduler-team-4/cis-scheduler-team-4/node_modules/react-dom/cjs/react-dom.development.js:4056:31)
          at beginWork$1 (/home/runner/work/cis-scheduler-team-4/cis-scheduler-team-4/node_modules/react-dom/cjs/react-dom.development.js:23964:7)
          at performUnitOfWork (/home/runner/work/cis-scheduler-team-4/cis-scheduler-team-4/node_modules/react-dom/cjs/react-dom.development.js:22779:12) Error: useLocation() may be used only in the context of a <Router> component.
          at invariant (/home/runner/work/cis-scheduler-team-4/packages/react-router/lib/router.ts:5:20)
          at useLocation (/home/runner/work/cis-scheduler-team-4/packages/react-router/lib/hooks.tsx:75:3)
          at App (/home/runner/work/cis-scheduler-team-4/cis-scheduler-team-4/src/App.tsx:164:22)
          at renderWithHooks (/home/runner/work/cis-scheduler-team-4/cis-scheduler-team-4/node_modules/react-dom/cjs/react-dom.development.js:14985:18)
          at mountIndeterminateComponent (/home/runner/work/cis-scheduler-team-4/cis-scheduler-team-4/node_modules/react-dom/cjs/react-dom.development.js:17811:13)
          at beginWork (/home/runner/work/cis-scheduler-team-4/cis-scheduler-team-4/node_modules/react-dom/cjs/react-dom.development.js:19049:16)
          at HTMLUnknownElement.callCallback (/home/runner/work/cis-scheduler-team-4/cis-scheduler-team-4/node_modules/react-dom/cjs/react-dom.development.js:3945:14)
          at HTMLUnknownElement.callTheUserObjectsOperation (/home/runner/work/cis-scheduler-team-4/cis-scheduler-team-4/node_modules/jsdom/lib/jsdom/living/generated/EventListener.js:26:30)
          at innerInvokeEventListeners (/home/runner/work/cis-scheduler-team-4/cis-scheduler-team-4/node_modules/jsdom/lib/jsdom/living/events/EventTarget-impl.js:338:25)
          at invokeEventListeners (/home/runner/work/cis-scheduler-team-4/cis-scheduler-team-4/node_modules/jsdom/lib/jsdom/living/events/EventTarget-impl.js:274:3)
          at HTMLUnknownElementImpl._dispatch (/home/runner/work/cis-scheduler-team-4/cis-scheduler-team-4/node_modules/jsdom/lib/jsdom/living/events/EventTarget-impl.js:221:9)
          at HTMLUnknownElementImpl.dispatchEvent (/home/runner/work/cis-scheduler-team-4/cis-scheduler-team-4/node_modules/jsdom/lib/jsdom/living/events/EventTarget-impl.js:94:17)
          at HTMLUnknownElement.dispatchEvent (/home/runner/work/cis-scheduler-team-4/cis-scheduler-team-4/node_modules/jsdom/lib/jsdom/living/generated/EventTarget.js:231:34)
          at Object.invokeGuardedCallbackDev (/home/runner/work/cis-scheduler-team-4/cis-scheduler-team-4/node_modules/react-dom/cjs/react-dom.development.js:3994:16)
          at invokeGuardedCallback (/home/runner/work/cis-scheduler-team-4/cis-scheduler-team-4/node_modules/react-dom/cjs/react-dom.development.js:4056:31)
          at beginWork$1 (/home/runner/work/cis-scheduler-team-4/cis-scheduler-team-4/node_modules/react-dom/cjs/react-dom.development.js:23964:7)
          at performUnitOfWork (/home/runner/work/cis-scheduler-team-4/cis-scheduler-team-4/node_modules/react-dom/cjs/react-dom.development.js:22779:12)
          at workLoopSync (/home/runner/work/cis-scheduler-team-4/cis-scheduler-team-4/node_modules/react-dom/cjs/react-dom.development.js:22707:5)
          at renderRootSync (/home/runner/work/cis-scheduler-team-4/cis-scheduler-team-4/node_modules/react-dom/cjs/react-dom.development.js:22670:7)
          at performSyncWorkOnRoot (/home/runner/work/cis-scheduler-team-4/cis-scheduler-team-4/node_modules/react-dom/cjs/react-dom.development.js:22293:18)
          at scheduleUpdateOnFiber (/home/runner/work/cis-scheduler-team-4/cis-scheduler-team-4/node_modules/react-dom/cjs/react-dom.development.js:21881:7)
          at updateContainer (/home/runner/work/cis-scheduler-team-4/cis-scheduler-team-4/node_modules/react-dom/cjs/react-dom.development.js:25482:3)
          at /home/runner/work/cis-scheduler-team-4/cis-scheduler-team-4/node_modules/react-dom/cjs/react-dom.development.js:26021:7
          at unbatchedUpdates (/home/runner/work/cis-scheduler-team-4/cis-scheduler-team-4/node_modules/react-dom/cjs/react-dom.development.js:22431:12)
          at legacyRenderSubtreeIntoContainer (/home/runner/work/cis-scheduler-team-4/cis-scheduler-team-4/node_modules/react-dom/cjs/react-dom.development.js:26020:5)
          at Object.render (/home/runner/work/cis-scheduler-team-4/cis-scheduler-team-4/node_modules/react-dom/cjs/react-dom.development.js:26103:10)
          at /home/runner/work/cis-scheduler-team-4/cis-scheduler-team-4/node_modules/@testing-library/react/dist/pure.js:101:25
          at batchedUpdates$1 (/home/runner/work/cis-scheduler-team-4/cis-scheduler-team-4/node_modules/react-dom/cjs/react-dom.development.js:22380:12)
          at act (/home/runner/work/cis-scheduler-team-4/cis-scheduler-team-4/node_modules/react-dom/cjs/react-dom-test-utils.development.js:1042:14)
          at render (/home/runner/work/cis-scheduler-team-4/cis-scheduler-team-4/node_modules/@testing-library/react/dist/pure.js:97:26)
          at Object.<anonymous> (/home/runner/work/cis-scheduler-team-4/cis-scheduler-team-4/src/test/CourseSearch.test.tsx:119:9)
          at Promise.then.completed (/home/runner/work/cis-scheduler-team-4/cis-scheduler-team-4/node_modules/jest-circus/build/utils.js:391:28)
          at new Promise (<anonymous>)
          at callAsyncCircusFn (/home/runner/work/cis-scheduler-team-4/cis-scheduler-team-4/node_modules/jest-circus/build/utils.js:316:10)
          at _callCircusHook (/home/runner/work/cis-scheduler-team-4/cis-scheduler-team-4/node_modules/jest-circus/build/run.js:181:40)
          at _runTest (/home/runner/work/cis-scheduler-team-4/cis-scheduler-team-4/node_modules/jest-circus/build/run.js:148:5)
          at _runTestsForDescribeBlock (/home/runner/work/cis-scheduler-team-4/cis-scheduler-team-4/node_modules/jest-circus/build/run.js:66:9)
          at _runTestsForDescribeBlock (/home/runner/work/cis-scheduler-team-4/cis-scheduler-team-4/node_modules/jest-circus/build/run.js:60:9)
          at run (/home/runner/work/cis-scheduler-team-4/cis-scheduler-team-4/node_modules/jest-circus/build/run.js:25:3)
          at runAndTransformResultsToJestFormat (/home/runner/work/cis-scheduler-team-4/cis-scheduler-team-4/node_modules/jest-circus/build/legacy-code-todo-rewrite/jestAdapterInit.js:170:21)
          at jestAdapter (/home/runner/work/cis-scheduler-team-4/cis-scheduler-team-4/node_modules/jest-circus/build/legacy-code-todo-rewrite/jestAdapter.js:82:19)
          at runTestInternal (/home/runner/work/cis-scheduler-team-4/cis-scheduler-team-4/node_modules/jest-runner/build/runTest.js:389:16)
          at runTest (/home/runner/work/cis-scheduler-team-4/cis-scheduler-team-4/node_modules/jest-runner/build/runTest.js:475:34)

      at VirtualConsole.<anonymous> (node_modules/jsdom/lib/jsdom/virtual-console.js:29:45)
      at reportException (node_modules/jsdom/lib/jsdom/living/helpers/runtime-script-errors.js:70:28)
      at innerInvokeEventListeners (node_modules/jsdom/lib/jsdom/living/events/EventTarget-impl.js:341:9)
      at invokeEventListeners (node_modules/jsdom/lib/jsdom/living/events/EventTarget-impl.js:274:3)
      at HTMLUnknownElementImpl._dispatch (node_modules/jsdom/lib/jsdom/living/events/EventTarget-impl.js:221:9)
      at HTMLUnknownElementImpl.dispatchEvent (node_modules/jsdom/lib/jsdom/living/events/EventTarget-impl.js:94:17)
      at HTMLUnknownElement.dispatchEvent (node_modules/jsdom/lib/jsdom/living/generated/EventTarget.js:231:34)

    console.error
      The above error occurred in the <App> component:
      
          at App (/home/runner/work/cis-scheduler-team-4/cis-scheduler-team-4/src/App.tsx:109:51)
      
      Consider adding an error boundary to your tree to customize error handling behavior.
      Visit https://reactjs.org/link/error-boundaries to learn more about error boundaries.

      at logCapturedError (node_modules/react-dom/cjs/react-dom.development.js:20085:23)
      at update.callback (node_modules/react-dom/cjs/react-dom.development.js:20118:5)
      at callCallback (node_modules/react-dom/cjs/react-dom.development.js:12318:12)
      at commitUpdateQueue (node_modules/react-dom/cjs/react-dom.development.js:12339:9)
      at commitLifeCycles (node_modules/react-dom/cjs/react-dom.development.js:20736:11)
      at commitLayoutEffects (node_modules/react-dom/cjs/react-dom.development.js:23426:7)
      at HTMLUnknownElement.callCallback (node_modules/react-dom/cjs/react-dom.development.js:3945:14)
      at HTMLUnknownElement.callTheUserObjectsOperation (node_modules/jsdom/lib/jsdom/living/generated/EventListener.js:26:30)

    console.error
      Error: Uncaught [Error: useLocation() may be used only in the context of a <Router> component.]
          at reportException (/home/runner/work/cis-scheduler-team-4/cis-scheduler-team-4/node_modules/jsdom/lib/jsdom/living/helpers/runtime-script-errors.js:66:24)
          at innerInvokeEventListeners (/home/runner/work/cis-scheduler-team-4/cis-scheduler-team-4/node_modules/jsdom/lib/jsdom/living/events/EventTarget-impl.js:341:9)
          at invokeEventListeners (/home/runner/work/cis-scheduler-team-4/cis-scheduler-team-4/node_modules/jsdom/lib/jsdom/living/events/EventTarget-impl.js:274:3)
          at HTMLUnknownElementImpl._dispatch (/home/runner/work/cis-scheduler-team-4/cis-scheduler-team-4/node_modules/jsdom/lib/jsdom/living/events/EventTarget-impl.js:221:9)
          at HTMLUnknownElementImpl.dispatchEvent (/home/runner/work/cis-scheduler-team-4/cis-scheduler-team-4/node_modules/jsdom/lib/jsdom/living/events/EventTarget-impl.js:94:17)
          at HTMLUnknownElement.dispatchEvent (/home/runner/work/cis-scheduler-team-4/cis-scheduler-team-4/node_modules/jsdom/lib/jsdom/living/generated/EventTarget.js:231:34)
          at Object.invokeGuardedCallbackDev (/home/runner/work/cis-scheduler-team-4/cis-scheduler-team-4/node_modules/react-dom/cjs/react-dom.development.js:3994:16)
          at invokeGuardedCallback (/home/runner/work/cis-scheduler-team-4/cis-scheduler-team-4/node_modules/react-dom/cjs/react-dom.development.js:4056:31)
          at beginWork$1 (/home/runner/work/cis-scheduler-team-4/cis-scheduler-team-4/node_modules/react-dom/cjs/react-dom.development.js:23964:7)
          at performUnitOfWork (/home/runner/work/cis-scheduler-team-4/cis-scheduler-team-4/node_modules/react-dom/cjs/react-dom.development.js:22779:12) Error: useLocation() may be used only in the context of a <Router> component.
          at invariant (/home/runner/work/cis-scheduler-team-4/packages/react-router/lib/router.ts:5:20)
          at useLocation (/home/runner/work/cis-scheduler-team-4/packages/react-router/lib/hooks.tsx:75:3)
          at App (/home/runner/work/cis-scheduler-team-4/cis-scheduler-team-4/src/App.tsx:164:22)
          at renderWithHooks (/home/runner/work/cis-scheduler-team-4/cis-scheduler-team-4/node_modules/react-dom/cjs/react-dom.development.js:14985:18)
          at mountIndeterminateComponent (/home/runner/work/cis-scheduler-team-4/cis-scheduler-team-4/node_modules/react-dom/cjs/react-dom.development.js:17811:13)
          at beginWork (/home/runner/work/cis-scheduler-team-4/cis-scheduler-team-4/node_modules/react-dom/cjs/react-dom.development.js:19049:16)
          at HTMLUnknownElement.callCallback (/home/runner/work/cis-scheduler-team-4/cis-scheduler-team-4/node_modules/react-dom/cjs/react-dom.development.js:3945:14)
          at HTMLUnknownElement.callTheUserObjectsOperation (/home/runner/work/cis-scheduler-team-4/cis-scheduler-team-4/node_modules/jsdom/lib/jsdom/living/generated/EventListener.js:26:30)
          at innerInvokeEventListeners (/home/runner/work/cis-scheduler-team-4/cis-scheduler-team-4/node_modules/jsdom/lib/jsdom/living/events/EventTarget-impl.js:338:25)
          at invokeEventListeners (/home/runner/work/cis-scheduler-team-4/cis-scheduler-team-4/node_modules/jsdom/lib/jsdom/living/events/EventTarget-impl.js:274:3)
          at HTMLUnknownElementImpl._dispatch (/home/runner/work/cis-scheduler-team-4/cis-scheduler-team-4/node_modules/jsdom/lib/jsdom/living/events/EventTarget-impl.js:221:9)
          at HTMLUnknownElementImpl.dispatchEvent (/home/runner/work/cis-scheduler-team-4/cis-scheduler-team-4/node_modules/jsdom/lib/jsdom/living/events/EventTarget-impl.js:94:17)
          at HTMLUnknownElement.dispatchEvent (/home/runner/work/cis-scheduler-team-4/cis-scheduler-team-4/node_modules/jsdom/lib/jsdom/living/generated/EventTarget.js:231:34)
          at Object.invokeGuardedCallbackDev (/home/runner/work/cis-scheduler-team-4/cis-scheduler-team-4/node_modules/react-dom/cjs/react-dom.development.js:3994:16)
          at invokeGuardedCallback (/home/runner/work/cis-scheduler-team-4/cis-scheduler-team-4/node_modules/react-dom/cjs/react-dom.development.js:4056:31)
          at beginWork$1 (/home/runner/work/cis-scheduler-team-4/cis-scheduler-team-4/node_modules/react-dom/cjs/react-dom.development.js:23964:7)
          at performUnitOfWork (/home/runner/work/cis-scheduler-team-4/cis-scheduler-team-4/node_modules/react-dom/cjs/react-dom.development.js:22779:12)
          at workLoopSync (/home/runner/work/cis-scheduler-team-4/cis-scheduler-team-4/node_modules/react-dom/cjs/react-dom.development.js:22707:5)
          at renderRootSync (/home/runner/work/cis-scheduler-team-4/cis-scheduler-team-4/node_modules/react-dom/cjs/react-dom.development.js:22670:7)
          at performSyncWorkOnRoot (/home/runner/work/cis-scheduler-team-4/cis-scheduler-team-4/node_modules/react-dom/cjs/react-dom.development.js:22293:18)
          at scheduleUpdateOnFiber (/home/runner/work/cis-scheduler-team-4/cis-scheduler-team-4/node_modules/react-dom/cjs/react-dom.development.js:21881:7)
          at updateContainer (/home/runner/work/cis-scheduler-team-4/cis-scheduler-team-4/node_modules/react-dom/cjs/react-dom.development.js:25482:3)
          at /home/runner/work/cis-scheduler-team-4/cis-scheduler-team-4/node_modules/react-dom/cjs/react-dom.development.js:26021:7
          at unbatchedUpdates (/home/runner/work/cis-scheduler-team-4/cis-scheduler-team-4/node_modules/react-dom/cjs/react-dom.development.js:22431:12)
          at legacyRenderSubtreeIntoContainer (/home/runner/work/cis-scheduler-team-4/cis-scheduler-team-4/node_modules/react-dom/cjs/react-dom.development.js:26020:5)
          at Object.render (/home/runner/work/cis-scheduler-team-4/cis-scheduler-team-4/node_modules/react-dom/cjs/react-dom.development.js:26103:10)
          at /home/runner/work/cis-scheduler-team-4/cis-scheduler-team-4/node_modules/@testing-library/react/dist/pure.js:101:25
          at batchedUpdates$1 (/home/runner/work/cis-scheduler-team-4/cis-scheduler-team-4/node_modules/react-dom/cjs/react-dom.development.js:22380:12)
          at act (/home/runner/work/cis-scheduler-team-4/cis-scheduler-team-4/node_modules/react-dom/cjs/react-dom-test-utils.development.js:1042:14)
          at render (/home/runner/work/cis-scheduler-team-4/cis-scheduler-team-4/node_modules/@testing-library/react/dist/pure.js:97:26)
          at Object.<anonymous> (/home/runner/work/cis-scheduler-team-4/cis-scheduler-team-4/src/test/CourseSearch.test.tsx:119:9)
          at Promise.then.completed (/home/runner/work/cis-scheduler-team-4/cis-scheduler-team-4/node_modules/jest-circus/build/utils.js:391:28)
          at new Promise (<anonymous>)
          at callAsyncCircusFn (/home/runner/work/cis-scheduler-team-4/cis-scheduler-team-4/node_modules/jest-circus/build/utils.js:316:10)
          at _callCircusHook (/home/runner/work/cis-scheduler-team-4/cis-scheduler-team-4/node_modules/jest-circus/build/run.js:181:40)
          at _runTest (/home/runner/work/cis-scheduler-team-4/cis-scheduler-team-4/node_modules/jest-circus/build/run.js:148:5)
          at _runTestsForDescribeBlock (/home/runner/work/cis-scheduler-team-4/cis-scheduler-team-4/node_modules/jest-circus/build/run.js:66:9)
          at _runTestsForDescribeBlock (/home/runner/work/cis-scheduler-team-4/cis-scheduler-team-4/node_modules/jest-circus/build/run.js:60:9)
          at run (/home/runner/work/cis-scheduler-team-4/cis-scheduler-team-4/node_modules/jest-circus/build/run.js:25:3)
          at runAndTransformResultsToJestFormat (/home/runner/work/cis-scheduler-team-4/cis-scheduler-team-4/node_modules/jest-circus/build/legacy-code-todo-rewrite/jestAdapterInit.js:170:21)
          at jestAdapter (/home/runner/work/cis-scheduler-team-4/cis-scheduler-team-4/node_modules/jest-circus/build/legacy-code-todo-rewrite/jestAdapter.js:82:19)
          at runTestInternal (/home/runner/work/cis-scheduler-team-4/cis-scheduler-team-4/node_modules/jest-runner/build/runTest.js:389:16)
          at runTest (/home/runner/work/cis-scheduler-team-4/cis-scheduler-team-4/node_modules/jest-runner/build/runTest.js:475:34)

      at VirtualConsole.<anonymous> (node_modules/jsdom/lib/jsdom/virtual-console.js:29:45)
      at reportException (node_modules/jsdom/lib/jsdom/living/helpers/runtime-script-errors.js:70:28)
      at innerInvokeEventListeners (node_modules/jsdom/lib/jsdom/living/events/EventTarget-impl.js:341:9)
      at invokeEventListeners (node_modules/jsdom/lib/jsdom/living/events/EventTarget-impl.js:274:3)
      at HTMLUnknownElementImpl._dispatch (node_modules/jsdom/lib/jsdom/living/events/EventTarget-impl.js:221:9)
      at HTMLUnknownElementImpl.dispatchEvent (node_modules/jsdom/lib/jsdom/living/events/EventTarget-impl.js:94:17)
      at HTMLUnknownElement.dispatchEvent (node_modules/jsdom/lib/jsdom/living/generated/EventTarget.js:231:34)

    console.error
      The above error occurred in the <App> component:
      
          at App (/home/runner/work/cis-scheduler-team-4/cis-scheduler-team-4/src/App.tsx:109:51)
      
      Consider adding an error boundary to your tree to customize error handling behavior.
      Visit https://reactjs.org/link/error-boundaries to learn more about error boundaries.

      at logCapturedError (node_modules/react-dom/cjs/react-dom.development.js:20085:23)
      at update.callback (node_modules/react-dom/cjs/react-dom.development.js:20118:5)
      at callCallback (node_modules/react-dom/cjs/react-dom.development.js:12318:12)
      at commitUpdateQueue (node_modules/react-dom/cjs/react-dom.development.js:12339:9)
      at commitLifeCycles (node_modules/react-dom/cjs/react-dom.development.js:20736:11)
      at commitLayoutEffects (node_modules/react-dom/cjs/react-dom.development.js:23426:7)
      at HTMLUnknownElement.callCallback (node_modules/react-dom/cjs/react-dom.development.js:3945:14)
      at HTMLUnknownElement.callTheUserObjectsOperation (node_modules/jsdom/lib/jsdom/living/generated/EventListener.js:26:30)

  ● Course search page has a input text bar and displays all matching courses in data.   › renders 'Search Courses' somehwere

    useLocation() may be used only in the context of a <Router> component.

      at invariant (../packages/react-router/lib/router.ts:5:20)
      at useLocation (../packages/react-router/lib/hooks.tsx:75:3)
      at App (src/App.tsx:164:22)
      at renderWithHooks (node_modules/react-dom/cjs/react-dom.development.js:14985:18)
      at mountIndeterminateComponent (node_modules/react-dom/cjs/react-dom.development.js:17811:13)
      at beginWork (node_modules/react-dom/cjs/react-dom.development.js:19049:16)
      at HTMLUnknownElement.callCallback (node_modules/react-dom/cjs/react-dom.development.js:3945:14)
      at HTMLUnknownElement.callTheUserObjectsOperation (node_modules/jsdom/lib/jsdom/living/generated/EventListener.js:26:30)
      at innerInvokeEventListeners (node_modules/jsdom/lib/jsdom/living/events/EventTarget-impl.js:338:25)
      at invokeEventListeners (node_modules/jsdom/lib/jsdom/living/events/EventTarget-impl.js:274:3)
      at HTMLUnknownElementImpl._dispatch (node_modules/jsdom/lib/jsdom/living/events/EventTarget-impl.js:221:9)
      at HTMLUnknownElementImpl.dispatchEvent (node_modules/jsdom/lib/jsdom/living/events/EventTarget-impl.js:94:17)
      at HTMLUnknownElement.dispatchEvent (node_modules/jsdom/lib/jsdom/living/generated/EventTarget.js:231:34)
      at Object.invokeGuardedCallbackDev (node_modules/react-dom/cjs/react-dom.development.js:3994:16)
      at invokeGuardedCallback (node_modules/react-dom/cjs/react-dom.development.js:4056:31)
      at beginWork$1 (node_modules/react-dom/cjs/react-dom.development.js:23964:7)
      at performUnitOfWork (node_modules/react-dom/cjs/react-dom.development.js:22779:12)
      at workLoopSync (node_modules/react-dom/cjs/react-dom.development.js:22707:5)
      at renderRootSync (node_modules/react-dom/cjs/react-dom.development.js:22670:7)
      at performSyncWorkOnRoot (node_modules/react-dom/cjs/react-dom.development.js:22293:18)
      at scheduleUpdateOnFiber (node_modules/react-dom/cjs/react-dom.development.js:21881:7)
      at updateContainer (node_modules/react-dom/cjs/react-dom.development.js:25482:3)
      at node_modules/react-dom/cjs/react-dom.development.js:26021:7
      at unbatchedUpdates (node_modules/react-dom/cjs/react-dom.development.js:22431:12)
      at legacyRenderSubtreeIntoContainer (node_modules/react-dom/cjs/react-dom.development.js:26020:5)
      at Object.render (node_modules/react-dom/cjs/react-dom.development.js:26103:10)
      at node_modules/@testing-library/react/dist/pure.js:101:25
      at batchedUpdates$1 (node_modules/react-dom/cjs/react-dom.development.js:22380:12)
      at act (node_modules/react-dom/cjs/react-dom-test-utils.development.js:1042:14)
      at render (node_modules/@testing-library/react/dist/pure.js:97:26)
      at Object.<anonymous> (src/test/CourseSearch.test.tsx:119:9)

  ● Course search page has a input text bar and displays all matching courses in data.   › There is a search input button and a reset course changes

    useLocation() may be used only in the context of a <Router> component.

      at invariant (../packages/react-router/lib/router.ts:5:20)
      at useLocation (../packages/react-router/lib/hooks.tsx:75:3)
      at App (src/App.tsx:164:22)
      at renderWithHooks (node_modules/react-dom/cjs/react-dom.development.js:14985:18)
      at mountIndeterminateComponent (node_modules/react-dom/cjs/react-dom.development.js:17811:13)
      at beginWork (node_modules/react-dom/cjs/react-dom.development.js:19049:16)
      at HTMLUnknownElement.callCallback (node_modules/react-dom/cjs/react-dom.development.js:3945:14)
      at HTMLUnknownElement.callTheUserObjectsOperation (node_modules/jsdom/lib/jsdom/living/generated/EventListener.js:26:30)
      at innerInvokeEventListeners (node_modules/jsdom/lib/jsdom/living/events/EventTarget-impl.js:338:25)
      at invokeEventListeners (node_modules/jsdom/lib/jsdom/living/events/EventTarget-impl.js:274:3)
      at HTMLUnknownElementImpl._dispatch (node_modules/jsdom/lib/jsdom/living/events/EventTarget-impl.js:221:9)
      at HTMLUnknownElementImpl.dispatchEvent (node_modules/jsdom/lib/jsdom/living/events/EventTarget-impl.js:94:17)
      at HTMLUnknownElement.dispatchEvent (node_modules/jsdom/lib/jsdom/living/generated/EventTarget.js:231:34)
      at Object.invokeGuardedCallbackDev (node_modules/react-dom/cjs/react-dom.development.js:3994:16)
      at invokeGuardedCallback (node_modules/react-dom/cjs/react-dom.development.js:4056:31)
      at beginWork$1 (node_modules/react-dom/cjs/react-dom.development.js:23964:7)
      at performUnitOfWork (node_modules/react-dom/cjs/react-dom.development.js:22779:12)
      at workLoopSync (node_modules/react-dom/cjs/react-dom.development.js:22707:5)
      at renderRootSync (node_modules/react-dom/cjs/react-dom.development.js:22670:7)
      at performSyncWorkOnRoot (node_modules/react-dom/cjs/react-dom.development.js:22293:18)
      at scheduleUpdateOnFiber (node_modules/react-dom/cjs/react-dom.development.js:21881:7)
      at updateContainer (node_modules/react-dom/cjs/react-dom.development.js:25482:3)
      at node_modules/react-dom/cjs/react-dom.development.js:26021:7
      at unbatchedUpdates (node_modules/react-dom/cjs/react-dom.development.js:22431:12)
      at legacyRenderSubtreeIntoContainer (node_modules/react-dom/cjs/react-dom.development.js:26020:5)
      at Object.render (node_modules/react-dom/cjs/react-dom.development.js:26103:10)
      at node_modules/@testing-library/react/dist/pure.js:101:25
      at batchedUpdates$1 (node_modules/react-dom/cjs/react-dom.development.js:22380:12)
      at act (node_modules/react-dom/cjs/react-dom-test-utils.development.js:1042:14)
      at render (node_modules/@testing-library/react/dist/pure.js:97:26)
      at Object.<anonymous> (src/test/CourseSearch.test.tsx:119:9)

  ● Course search page has a input text bar and displays all matching courses in data.   › There is a subject area text form

    useLocation() may be used only in the context of a <Router> component.

      at invariant (../packages/react-router/lib/router.ts:5:20)
      at useLocation (../packages/react-router/lib/hooks.tsx:75:3)
      at App (src/App.tsx:164:22)
      at renderWithHooks (node_modules/react-dom/cjs/react-dom.development.js:14985:18)
      at mountIndeterminateComponent (node_modules/react-dom/cjs/react-dom.development.js:17811:13)
      at beginWork (node_modules/react-dom/cjs/react-dom.development.js:19049:16)
      at HTMLUnknownElement.callCallback (node_modules/react-dom/cjs/react-dom.development.js:3945:14)
      at HTMLUnknownElement.callTheUserObjectsOperation (node_modules/jsdom/lib/jsdom/living/generated/EventListener.js:26:30)
      at innerInvokeEventListeners (node_modules/jsdom/lib/jsdom/living/events/EventTarget-impl.js:338:25)
      at invokeEventListeners (node_modules/jsdom/lib/jsdom/living/events/EventTarget-impl.js:274:3)
      at HTMLUnknownElementImpl._dispatch (node_modules/jsdom/lib/jsdom/living/events/EventTarget-impl.js:221:9)
      at HTMLUnknownElementImpl.dispatchEvent (node_modules/jsdom/lib/jsdom/living/events/EventTarget-impl.js:94:17)
      at HTMLUnknownElement.dispatchEvent (node_modules/jsdom/lib/jsdom/living/generated/EventTarget.js:231:34)
      at Object.invokeGuardedCallbackDev (node_modules/react-dom/cjs/react-dom.development.js:3994:16)
      at invokeGuardedCallback (node_modules/react-dom/cjs/react-dom.development.js:4056:31)
      at beginWork$1 (node_modules/react-dom/cjs/react-dom.development.js:23964:7)
      at performUnitOfWork (node_modules/react-dom/cjs/react-dom.development.js:22779:12)
      at workLoopSync (node_modules/react-dom/cjs/react-dom.development.js:22707:5)
      at renderRootSync (node_modules/react-dom/cjs/react-dom.development.js:22670:7)
      at performSyncWorkOnRoot (node_modules/react-dom/cjs/react-dom.development.js:22293:18)
      at scheduleUpdateOnFiber (node_modules/react-dom/cjs/react-dom.development.js:21881:7)
      at updateContainer (node_modules/react-dom/cjs/react-dom.development.js:25482:3)
      at node_modules/react-dom/cjs/react-dom.development.js:26021:7
      at unbatchedUpdates (node_modules/react-dom/cjs/react-dom.development.js:22431:12)
      at legacyRenderSubtreeIntoContainer (node_modules/react-dom/cjs/react-dom.development.js:26020:5)
      at Object.render (node_modules/react-dom/cjs/react-dom.development.js:26103:10)
      at node_modules/@testing-library/react/dist/pure.js:101:25
      at batchedUpdates$1 (node_modules/react-dom/cjs/react-dom.development.js:22380:12)
      at act (node_modules/react-dom/cjs/react-dom-test-utils.development.js:1042:14)
      at render (node_modules/@testing-library/react/dist/pure.js:97:26)
      at Object.<anonymous> (src/test/CourseSearch.test.tsx:119:9)

  ● Course search page has a input text bar and displays all matching courses in data.   › User can filter by department

    useLocation() may be used only in the context of a <Router> component.

      at invariant (../packages/react-router/lib/router.ts:5:20)
      at useLocation (../packages/react-router/lib/hooks.tsx:75:3)
      at App (src/App.tsx:164:22)
      at renderWithHooks (node_modules/react-dom/cjs/react-dom.development.js:14985:18)
      at mountIndeterminateComponent (node_modules/react-dom/cjs/react-dom.development.js:17811:13)
      at beginWork (node_modules/react-dom/cjs/react-dom.development.js:19049:16)
      at HTMLUnknownElement.callCallback (node_modules/react-dom/cjs/react-dom.development.js:3945:14)
      at HTMLUnknownElement.callTheUserObjectsOperation (node_modules/jsdom/lib/jsdom/living/generated/EventListener.js:26:30)
      at innerInvokeEventListeners (node_modules/jsdom/lib/jsdom/living/events/EventTarget-impl.js:338:25)
      at invokeEventListeners (node_modules/jsdom/lib/jsdom/living/events/EventTarget-impl.js:274:3)
      at HTMLUnknownElementImpl._dispatch (node_modules/jsdom/lib/jsdom/living/events/EventTarget-impl.js:221:9)
      at HTMLUnknownElementImpl.dispatchEvent (node_modules/jsdom/lib/jsdom/living/events/EventTarget-impl.js:94:17)
      at HTMLUnknownElement.dispatchEvent (node_modules/jsdom/lib/jsdom/living/generated/EventTarget.js:231:34)
      at Object.invokeGuardedCallbackDev (node_modules/react-dom/cjs/react-dom.development.js:3994:16)
      at invokeGuardedCallback (node_modules/react-dom/cjs/react-dom.development.js:4056:31)
      at beginWork$1 (node_modules/react-dom/cjs/react-dom.development.js:23964:7)
      at performUnitOfWork (node_modules/react-dom/cjs/react-dom.development.js:22779:12)
      at workLoopSync (node_modules/react-dom/cjs/react-dom.development.js:22707:5)
      at renderRootSync (node_modules/react-dom/cjs/react-dom.development.js:22670:7)
      at performSyncWorkOnRoot (node_modules/react-dom/cjs/react-dom.development.js:22293:18)
      at scheduleUpdateOnFiber (node_modules/react-dom/cjs/react-dom.development.js:21881:7)
      at updateContainer (node_modules/react-dom/cjs/react-dom.development.js:25482:3)
      at node_modules/react-dom/cjs/react-dom.development.js:26021:7
      at unbatchedUpdates (node_modules/react-dom/cjs/react-dom.development.js:22431:12)
      at legacyRenderSubtreeIntoContainer (node_modules/react-dom/cjs/react-dom.development.js:26020:5)
      at Object.render (node_modules/react-dom/cjs/react-dom.development.js:26103:10)
      at node_modules/@testing-library/react/dist/pure.js:101:25
      at batchedUpdates$1 (node_modules/react-dom/cjs/react-dom.development.js:22380:12)
      at act (node_modules/react-dom/cjs/react-dom-test-utils.development.js:1042:14)
      at render (node_modules/@testing-library/react/dist/pure.js:97:26)
      at Object.<anonymous> (src/test/CourseSearch.test.tsx:119:9)

  ● Course search page has a input text bar and displays all matching courses in data.   › User can filter by course number

    useLocation() may be used only in the context of a <Router> component.

      at invariant (../packages/react-router/lib/router.ts:5:20)
      at useLocation (../packages/react-router/lib/hooks.tsx:75:3)
      at App (src/App.tsx:164:22)
      at renderWithHooks (node_modules/react-dom/cjs/react-dom.development.js:14985:18)
      at mountIndeterminateComponent (node_modules/react-dom/cjs/react-dom.development.js:17811:13)
      at beginWork (node_modules/react-dom/cjs/react-dom.development.js:19049:16)
      at HTMLUnknownElement.callCallback (node_modules/react-dom/cjs/react-dom.development.js:3945:14)
      at HTMLUnknownElement.callTheUserObjectsOperation (node_modules/jsdom/lib/jsdom/living/generated/EventListener.js:26:30)
      at innerInvokeEventListeners (node_modules/jsdom/lib/jsdom/living/events/EventTarget-impl.js:338:25)
      at invokeEventListeners (node_modules/jsdom/lib/jsdom/living/events/EventTarget-impl.js:274:3)
      at HTMLUnknownElementImpl._dispatch (node_modules/jsdom/lib/jsdom/living/events/EventTarget-impl.js:221:9)
      at HTMLUnknownElementImpl.dispatchEvent (node_modules/jsdom/lib/jsdom/living/events/EventTarget-impl.js:94:17)
      at HTMLUnknownElement.dispatchEvent (node_modules/jsdom/lib/jsdom/living/generated/EventTarget.js:231:34)
      at Object.invokeGuardedCallbackDev (node_modules/react-dom/cjs/react-dom.development.js:3994:16)
      at invokeGuardedCallback (node_modules/react-dom/cjs/react-dom.development.js:4056:31)
      at beginWork$1 (node_modules/react-dom/cjs/react-dom.development.js:23964:7)
      at performUnitOfWork (node_modules/react-dom/cjs/react-dom.development.js:22779:12)
      at workLoopSync (node_modules/react-dom/cjs/react-dom.development.js:22707:5)
      at renderRootSync (node_modules/react-dom/cjs/react-dom.development.js:22670:7)
      at performSyncWorkOnRoot (node_modules/react-dom/cjs/react-dom.development.js:22293:18)
      at scheduleUpdateOnFiber (node_modules/react-dom/cjs/react-dom.development.js:21881:7)
      at updateContainer (node_modules/react-dom/cjs/react-dom.development.js:25482:3)
      at node_modules/react-dom/cjs/react-dom.development.js:26021:7
      at unbatchedUpdates (node_modules/react-dom/cjs/react-dom.development.js:22431:12)
      at legacyRenderSubtreeIntoContainer (node_modules/react-dom/cjs/react-dom.development.js:26020:5)
      at Object.render (node_modules/react-dom/cjs/react-dom.development.js:26103:10)
      at node_modules/@testing-library/react/dist/pure.js:101:25
      at batchedUpdates$1 (node_modules/react-dom/cjs/react-dom.development.js:22380:12)
      at act (node_modules/react-dom/cjs/react-dom-test-utils.development.js:1042:14)
      at render (node_modules/@testing-library/react/dist/pure.js:97:26)
      at Object.<anonymous> (src/test/CourseSearch.test.tsx:119:9)

  ● Course search page has a input text bar and displays all matching courses in data.   › User can filter by semester

    useLocation() may be used only in the context of a <Router> component.

      at invariant (../packages/react-router/lib/router.ts:5:20)
      at useLocation (../packages/react-router/lib/hooks.tsx:75:3)
      at App (src/App.tsx:164:22)
      at renderWithHooks (node_modules/react-dom/cjs/react-dom.development.js:14985:18)
      at mountIndeterminateComponent (node_modules/react-dom/cjs/react-dom.development.js:17811:13)
      at beginWork (node_modules/react-dom/cjs/react-dom.development.js:19049:16)
      at HTMLUnknownElement.callCallback (node_modules/react-dom/cjs/react-dom.development.js:3945:14)
      at HTMLUnknownElement.callTheUserObjectsOperation (node_modules/jsdom/lib/jsdom/living/generated/EventListener.js:26:30)
      at innerInvokeEventListeners (node_modules/jsdom/lib/jsdom/living/events/EventTarget-impl.js:338:25)
      at invokeEventListeners (node_modules/jsdom/lib/jsdom/living/events/EventTarget-impl.js:274:3)
      at HTMLUnknownElementImpl._dispatch (node_modules/jsdom/lib/jsdom/living/events/EventTarget-impl.js:221:9)
      at HTMLUnknownElementImpl.dispatchEvent (node_modules/jsdom/lib/jsdom/living/events/EventTarget-impl.js:94:17)
      at HTMLUnknownElement.dispatchEvent (node_modules/jsdom/lib/jsdom/living/generated/EventTarget.js:231:34)
      at Object.invokeGuardedCallbackDev (node_modules/react-dom/cjs/react-dom.development.js:3994:16)
      at invokeGuardedCallback (node_modules/react-dom/cjs/react-dom.development.js:4056:31)
      at beginWork$1 (node_modules/react-dom/cjs/react-dom.development.js:23964:7)
      at performUnitOfWork (node_modules/react-dom/cjs/react-dom.development.js:22779:12)
      at workLoopSync (node_modules/react-dom/cjs/react-dom.development.js:22707:5)
      at renderRootSync (node_modules/react-dom/cjs/react-dom.development.js:22670:7)
      at performSyncWorkOnRoot (node_modules/react-dom/cjs/react-dom.development.js:22293:18)
      at scheduleUpdateOnFiber (node_modules/react-dom/cjs/react-dom.development.js:21881:7)
      at updateContainer (node_modules/react-dom/cjs/react-dom.development.js:25482:3)
      at node_modules/react-dom/cjs/react-dom.development.js:26021:7
      at unbatchedUpdates (node_modules/react-dom/cjs/react-dom.development.js:22431:12)
      at legacyRenderSubtreeIntoContainer (node_modules/react-dom/cjs/react-dom.development.js:26020:5)
      at Object.render (node_modules/react-dom/cjs/react-dom.development.js:26103:10)
      at node_modules/@testing-library/react/dist/pure.js:101:25
      at batchedUpdates$1 (node_modules/react-dom/cjs/react-dom.development.js:22380:12)
      at act (node_modules/react-dom/cjs/react-dom-test-utils.development.js:1042:14)
      at render (node_modules/@testing-library/react/dist/pure.js:97:26)
      at Object.<anonymous> (src/test/CourseSearch.test.tsx:119:9)

  ● Course search page has a input text bar and displays all matching courses in data.   › User can filter by breadth

    useLocation() may be used only in the context of a <Router> component.

      at invariant (../packages/react-router/lib/router.ts:5:20)
      at useLocation (../packages/react-router/lib/hooks.tsx:75:3)
      at App (src/App.tsx:164:22)
      at renderWithHooks (node_modules/react-dom/cjs/react-dom.development.js:14985:18)
      at mountIndeterminateComponent (node_modules/react-dom/cjs/react-dom.development.js:17811:13)
      at beginWork (node_modules/react-dom/cjs/react-dom.development.js:19049:16)
      at HTMLUnknownElement.callCallback (node_modules/react-dom/cjs/react-dom.development.js:3945:14)
      at HTMLUnknownElement.callTheUserObjectsOperation (node_modules/jsdom/lib/jsdom/living/generated/EventListener.js:26:30)
      at innerInvokeEventListeners (node_modules/jsdom/lib/jsdom/living/events/EventTarget-impl.js:338:25)
      at invokeEventListeners (node_modules/jsdom/lib/jsdom/living/events/EventTarget-impl.js:274:3)
      at HTMLUnknownElementImpl._dispatch (node_modules/jsdom/lib/jsdom/living/events/EventTarget-impl.js:221:9)
      at HTMLUnknownElementImpl.dispatchEvent (node_modules/jsdom/lib/jsdom/living/events/EventTarget-impl.js:94:17)
      at HTMLUnknownElement.dispatchEvent (node_modules/jsdom/lib/jsdom/living/generated/EventTarget.js:231:34)
      at Object.invokeGuardedCallbackDev (node_modules/react-dom/cjs/react-dom.development.js:3994:16)
      at invokeGuardedCallback (node_modules/react-dom/cjs/react-dom.development.js:4056:31)
      at beginWork$1 (node_modules/react-dom/cjs/react-dom.development.js:23964:7)
      at performUnitOfWork (node_modules/react-dom/cjs/react-dom.development.js:22779:12)
      at workLoopSync (node_modules/react-dom/cjs/react-dom.development.js:22707:5)
      at renderRootSync (node_modules/react-dom/cjs/react-dom.development.js:22670:7)
      at performSyncWorkOnRoot (node_modules/react-dom/cjs/react-dom.development.js:22293:18)
      at scheduleUpdateOnFiber (node_modules/react-dom/cjs/react-dom.development.js:21881:7)
      at updateContainer (node_modules/react-dom/cjs/react-dom.development.js:25482:3)
      at node_modules/react-dom/cjs/react-dom.development.js:26021:7
      at unbatchedUpdates (node_modules/react-dom/cjs/react-dom.development.js:22431:12)
      at legacyRenderSubtreeIntoContainer (node_modules/react-dom/cjs/react-dom.development.js:26020:5)
      at Object.render (node_modules/react-dom/cjs/react-dom.development.js:26103:10)
      at node_modules/@testing-library/react/dist/pure.js:101:25
      at batchedUpdates$1 (node_modules/react-dom/cjs/react-dom.development.js:22380:12)
      at act (node_modules/react-dom/cjs/react-dom-test-utils.development.js:1042:14)
      at render (node_modules/@testing-library/react/dist/pure.js:97:26)
      at Object.<anonymous> (src/test/CourseSearch.test.tsx:119:9)

FAIL src/test/ViewCourseModal.test.tsx
  ● Console

    console.error
      Error: Uncaught [Error: useLocation() may be used only in the context of a <Router> component.]
          at reportException (/home/runner/work/cis-scheduler-team-4/cis-scheduler-team-4/node_modules/jsdom/lib/jsdom/living/helpers/runtime-script-errors.js:66:24)
          at innerInvokeEventListeners (/home/runner/work/cis-scheduler-team-4/cis-scheduler-team-4/node_modules/jsdom/lib/jsdom/living/events/EventTarget-impl.js:341:9)
          at invokeEventListeners (/home/runner/work/cis-scheduler-team-4/cis-scheduler-team-4/node_modules/jsdom/lib/jsdom/living/events/EventTarget-impl.js:274:3)
          at HTMLUnknownElementImpl._dispatch (/home/runner/work/cis-scheduler-team-4/cis-scheduler-team-4/node_modules/jsdom/lib/jsdom/living/events/EventTarget-impl.js:221:9)
          at HTMLUnknownElementImpl.dispatchEvent (/home/runner/work/cis-scheduler-team-4/cis-scheduler-team-4/node_modules/jsdom/lib/jsdom/living/events/EventTarget-impl.js:94:17)
          at HTMLUnknownElement.dispatchEvent (/home/runner/work/cis-scheduler-team-4/cis-scheduler-team-4/node_modules/jsdom/lib/jsdom/living/generated/EventTarget.js:231:34)
          at Object.invokeGuardedCallbackDev (/home/runner/work/cis-scheduler-team-4/cis-scheduler-team-4/node_modules/react-dom/cjs/react-dom.development.js:3994:16)
          at invokeGuardedCallback (/home/runner/work/cis-scheduler-team-4/cis-scheduler-team-4/node_modules/react-dom/cjs/react-dom.development.js:4056:31)
          at beginWork$1 (/home/runner/work/cis-scheduler-team-4/cis-scheduler-team-4/node_modules/react-dom/cjs/react-dom.development.js:23964:7)
          at performUnitOfWork (/home/runner/work/cis-scheduler-team-4/cis-scheduler-team-4/node_modules/react-dom/cjs/react-dom.development.js:22779:12) Error: useLocation() may be used only in the context of a <Router> component.
          at invariant (/home/runner/work/cis-scheduler-team-4/packages/react-router/lib/router.ts:5:20)
          at useLocation (/home/runner/work/cis-scheduler-team-4/packages/react-router/lib/hooks.tsx:75:3)
          at App (/home/runner/work/cis-scheduler-team-4/cis-scheduler-team-4/src/App.tsx:164:22)
          at renderWithHooks (/home/runner/work/cis-scheduler-team-4/cis-scheduler-team-4/node_modules/react-dom/cjs/react-dom.development.js:14985:18)
          at mountIndeterminateComponent (/home/runner/work/cis-scheduler-team-4/cis-scheduler-team-4/node_modules/react-dom/cjs/react-dom.development.js:17811:13)
          at beginWork (/home/runner/work/cis-scheduler-team-4/cis-scheduler-team-4/node_modules/react-dom/cjs/react-dom.development.js:19049:16)
          at HTMLUnknownElement.callCallback (/home/runner/work/cis-scheduler-team-4/cis-scheduler-team-4/node_modules/react-dom/cjs/react-dom.development.js:3945:14)
          at HTMLUnknownElement.callTheUserObjectsOperation (/home/runner/work/cis-scheduler-team-4/cis-scheduler-team-4/node_modules/jsdom/lib/jsdom/living/generated/EventListener.js:26:30)
          at innerInvokeEventListeners (/home/runner/work/cis-scheduler-team-4/cis-scheduler-team-4/node_modules/jsdom/lib/jsdom/living/events/EventTarget-impl.js:338:25)
          at invokeEventListeners (/home/runner/work/cis-scheduler-team-4/cis-scheduler-team-4/node_modules/jsdom/lib/jsdom/living/events/EventTarget-impl.js:274:3)
          at HTMLUnknownElementImpl._dispatch (/home/runner/work/cis-scheduler-team-4/cis-scheduler-team-4/node_modules/jsdom/lib/jsdom/living/events/EventTarget-impl.js:221:9)
          at HTMLUnknownElementImpl.dispatchEvent (/home/runner/work/cis-scheduler-team-4/cis-scheduler-team-4/node_modules/jsdom/lib/jsdom/living/events/EventTarget-impl.js:94:17)
          at HTMLUnknownElement.dispatchEvent (/home/runner/work/cis-scheduler-team-4/cis-scheduler-team-4/node_modules/jsdom/lib/jsdom/living/generated/EventTarget.js:231:34)
          at Object.invokeGuardedCallbackDev (/home/runner/work/cis-scheduler-team-4/cis-scheduler-team-4/node_modules/react-dom/cjs/react-dom.development.js:3994:16)
          at invokeGuardedCallback (/home/runner/work/cis-scheduler-team-4/cis-scheduler-team-4/node_modules/react-dom/cjs/react-dom.development.js:4056:31)
          at beginWork$1 (/home/runner/work/cis-scheduler-team-4/cis-scheduler-team-4/node_modules/react-dom/cjs/react-dom.development.js:23964:7)
          at performUnitOfWork (/home/runner/work/cis-scheduler-team-4/cis-scheduler-team-4/node_modules/react-dom/cjs/react-dom.development.js:22779:12)
          at workLoopSync (/home/runner/work/cis-scheduler-team-4/cis-scheduler-team-4/node_modules/react-dom/cjs/react-dom.development.js:22707:5)
          at renderRootSync (/home/runner/work/cis-scheduler-team-4/cis-scheduler-team-4/node_modules/react-dom/cjs/react-dom.development.js:22670:7)
          at performSyncWorkOnRoot (/home/runner/work/cis-scheduler-team-4/cis-scheduler-team-4/node_modules/react-dom/cjs/react-dom.development.js:22293:18)
          at scheduleUpdateOnFiber (/home/runner/work/cis-scheduler-team-4/cis-scheduler-team-4/node_modules/react-dom/cjs/react-dom.development.js:21881:7)
          at updateContainer (/home/runner/work/cis-scheduler-team-4/cis-scheduler-team-4/node_modules/react-dom/cjs/react-dom.development.js:25482:3)
          at /home/runner/work/cis-scheduler-team-4/cis-scheduler-team-4/node_modules/react-dom/cjs/react-dom.development.js:26021:7
          at unbatchedUpdates (/home/runner/work/cis-scheduler-team-4/cis-scheduler-team-4/node_modules/react-dom/cjs/react-dom.development.js:22431:12)
          at legacyRenderSubtreeIntoContainer (/home/runner/work/cis-scheduler-team-4/cis-scheduler-team-4/node_modules/react-dom/cjs/react-dom.development.js:26020:5)
          at Object.render (/home/runner/work/cis-scheduler-team-4/cis-scheduler-team-4/node_modules/react-dom/cjs/react-dom.development.js:26103:10)
          at /home/runner/work/cis-scheduler-team-4/cis-scheduler-team-4/node_modules/@testing-library/react/dist/pure.js:101:25
          at batchedUpdates$1 (/home/runner/work/cis-scheduler-team-4/cis-scheduler-team-4/node_modules/react-dom/cjs/react-dom.development.js:22380:12)
          at act (/home/runner/work/cis-scheduler-team-4/cis-scheduler-team-4/node_modules/react-dom/cjs/react-dom-test-utils.development.js:1042:14)
          at render (/home/runner/work/cis-scheduler-team-4/cis-scheduler-team-4/node_modules/@testing-library/react/dist/pure.js:97:26)
          at Object.<anonymous> (/home/runner/work/cis-scheduler-team-4/cis-scheduler-team-4/src/test/ViewCourseModal.test.tsx:120:9)
          at Promise.then.completed (/home/runner/work/cis-scheduler-team-4/cis-scheduler-team-4/node_modules/jest-circus/build/utils.js:391:28)
          at new Promise (<anonymous>)
          at callAsyncCircusFn (/home/runner/work/cis-scheduler-team-4/cis-scheduler-team-4/node_modules/jest-circus/build/utils.js:316:10)
          at _callCircusHook (/home/runner/work/cis-scheduler-team-4/cis-scheduler-team-4/node_modules/jest-circus/build/run.js:181:40)
          at _runTest (/home/runner/work/cis-scheduler-team-4/cis-scheduler-team-4/node_modules/jest-circus/build/run.js:148:5)
          at _runTestsForDescribeBlock (/home/runner/work/cis-scheduler-team-4/cis-scheduler-team-4/node_modules/jest-circus/build/run.js:66:9)
          at _runTestsForDescribeBlock (/home/runner/work/cis-scheduler-team-4/cis-scheduler-team-4/node_modules/jest-circus/build/run.js:60:9)
          at run (/home/runner/work/cis-scheduler-team-4/cis-scheduler-team-4/node_modules/jest-circus/build/run.js:25:3)
          at runAndTransformResultsToJestFormat (/home/runner/work/cis-scheduler-team-4/cis-scheduler-team-4/node_modules/jest-circus/build/legacy-code-todo-rewrite/jestAdapterInit.js:170:21)
          at jestAdapter (/home/runner/work/cis-scheduler-team-4/cis-scheduler-team-4/node_modules/jest-circus/build/legacy-code-todo-rewrite/jestAdapter.js:82:19)
          at runTestInternal (/home/runner/work/cis-scheduler-team-4/cis-scheduler-team-4/node_modules/jest-runner/build/runTest.js:389:16)
          at runTest (/home/runner/work/cis-scheduler-team-4/cis-scheduler-team-4/node_modules/jest-runner/build/runTest.js:475:34)

      at VirtualConsole.<anonymous> (node_modules/jsdom/lib/jsdom/virtual-console.js:29:45)
      at reportException (node_modules/jsdom/lib/jsdom/living/helpers/runtime-script-errors.js:70:28)
      at innerInvokeEventListeners (node_modules/jsdom/lib/jsdom/living/events/EventTarget-impl.js:341:9)
      at invokeEventListeners (node_modules/jsdom/lib/jsdom/living/events/EventTarget-impl.js:274:3)
      at HTMLUnknownElementImpl._dispatch (node_modules/jsdom/lib/jsdom/living/events/EventTarget-impl.js:221:9)
      at HTMLUnknownElementImpl.dispatchEvent (node_modules/jsdom/lib/jsdom/living/events/EventTarget-impl.js:94:17)
      at HTMLUnknownElement.dispatchEvent (node_modules/jsdom/lib/jsdom/living/generated/EventTarget.js:231:34)

    console.error
      The above error occurred in the <App> component:
      
          at App (/home/runner/work/cis-scheduler-team-4/cis-scheduler-team-4/src/App.tsx:109:51)
      
      Consider adding an error boundary to your tree to customize error handling behavior.
      Visit https://reactjs.org/link/error-boundaries to learn more about error boundaries.

      at logCapturedError (node_modules/react-dom/cjs/react-dom.development.js:20085:23)
      at update.callback (node_modules/react-dom/cjs/react-dom.development.js:20118:5)
      at callCallback (node_modules/react-dom/cjs/react-dom.development.js:12318:12)
      at commitUpdateQueue (node_modules/react-dom/cjs/react-dom.development.js:12339:9)
      at commitLifeCycles (node_modules/react-dom/cjs/react-dom.development.js:20736:11)
      at commitLayoutEffects (node_modules/react-dom/cjs/react-dom.development.js:23426:7)
      at HTMLUnknownElement.callCallback (node_modules/react-dom/cjs/react-dom.development.js:3945:14)
      at HTMLUnknownElement.callTheUserObjectsOperation (node_modules/jsdom/lib/jsdom/living/generated/EventListener.js:26:30)

    console.error
      Error: Uncaught [Error: useLocation() may be used only in the context of a <Router> component.]
          at reportException (/home/runner/work/cis-scheduler-team-4/cis-scheduler-team-4/node_modules/jsdom/lib/jsdom/living/helpers/runtime-script-errors.js:66:24)
          at innerInvokeEventListeners (/home/runner/work/cis-scheduler-team-4/cis-scheduler-team-4/node_modules/jsdom/lib/jsdom/living/events/EventTarget-impl.js:341:9)
          at invokeEventListeners (/home/runner/work/cis-scheduler-team-4/cis-scheduler-team-4/node_modules/jsdom/lib/jsdom/living/events/EventTarget-impl.js:274:3)
          at HTMLUnknownElementImpl._dispatch (/home/runner/work/cis-scheduler-team-4/cis-scheduler-team-4/node_modules/jsdom/lib/jsdom/living/events/EventTarget-impl.js:221:9)
          at HTMLUnknownElementImpl.dispatchEvent (/home/runner/work/cis-scheduler-team-4/cis-scheduler-team-4/node_modules/jsdom/lib/jsdom/living/events/EventTarget-impl.js:94:17)
          at HTMLUnknownElement.dispatchEvent (/home/runner/work/cis-scheduler-team-4/cis-scheduler-team-4/node_modules/jsdom/lib/jsdom/living/generated/EventTarget.js:231:34)
          at Object.invokeGuardedCallbackDev (/home/runner/work/cis-scheduler-team-4/cis-scheduler-team-4/node_modules/react-dom/cjs/react-dom.development.js:3994:16)
          at invokeGuardedCallback (/home/runner/work/cis-scheduler-team-4/cis-scheduler-team-4/node_modules/react-dom/cjs/react-dom.development.js:4056:31)
          at beginWork$1 (/home/runner/work/cis-scheduler-team-4/cis-scheduler-team-4/node_modules/react-dom/cjs/react-dom.development.js:23964:7)
          at performUnitOfWork (/home/runner/work/cis-scheduler-team-4/cis-scheduler-team-4/node_modules/react-dom/cjs/react-dom.development.js:22779:12) Error: useLocation() may be used only in the context of a <Router> component.
          at invariant (/home/runner/work/cis-scheduler-team-4/packages/react-router/lib/router.ts:5:20)
          at useLocation (/home/runner/work/cis-scheduler-team-4/packages/react-router/lib/hooks.tsx:75:3)
          at App (/home/runner/work/cis-scheduler-team-4/cis-scheduler-team-4/src/App.tsx:164:22)
          at renderWithHooks (/home/runner/work/cis-scheduler-team-4/cis-scheduler-team-4/node_modules/react-dom/cjs/react-dom.development.js:14985:18)
          at mountIndeterminateComponent (/home/runner/work/cis-scheduler-team-4/cis-scheduler-team-4/node_modules/react-dom/cjs/react-dom.development.js:17811:13)
          at beginWork (/home/runner/work/cis-scheduler-team-4/cis-scheduler-team-4/node_modules/react-dom/cjs/react-dom.development.js:19049:16)
          at HTMLUnknownElement.callCallback (/home/runner/work/cis-scheduler-team-4/cis-scheduler-team-4/node_modules/react-dom/cjs/react-dom.development.js:3945:14)
          at HTMLUnknownElement.callTheUserObjectsOperation (/home/runner/work/cis-scheduler-team-4/cis-scheduler-team-4/node_modules/jsdom/lib/jsdom/living/generated/EventListener.js:26:30)
          at innerInvokeEventListeners (/home/runner/work/cis-scheduler-team-4/cis-scheduler-team-4/node_modules/jsdom/lib/jsdom/living/events/EventTarget-impl.js:338:25)
          at invokeEventListeners (/home/runner/work/cis-scheduler-team-4/cis-scheduler-team-4/node_modules/jsdom/lib/jsdom/living/events/EventTarget-impl.js:274:3)
          at HTMLUnknownElementImpl._dispatch (/home/runner/work/cis-scheduler-team-4/cis-scheduler-team-4/node_modules/jsdom/lib/jsdom/living/events/EventTarget-impl.js:221:9)
          at HTMLUnknownElementImpl.dispatchEvent (/home/runner/work/cis-scheduler-team-4/cis-scheduler-team-4/node_modules/jsdom/lib/jsdom/living/events/EventTarget-impl.js:94:17)
          at HTMLUnknownElement.dispatchEvent (/home/runner/work/cis-scheduler-team-4/cis-scheduler-team-4/node_modules/jsdom/lib/jsdom/living/generated/EventTarget.js:231:34)
          at Object.invokeGuardedCallbackDev (/home/runner/work/cis-scheduler-team-4/cis-scheduler-team-4/node_modules/react-dom/cjs/react-dom.development.js:3994:16)
          at invokeGuardedCallback (/home/runner/work/cis-scheduler-team-4/cis-scheduler-team-4/node_modules/react-dom/cjs/react-dom.development.js:4056:31)
          at beginWork$1 (/home/runner/work/cis-scheduler-team-4/cis-scheduler-team-4/node_modules/react-dom/cjs/react-dom.development.js:23964:7)
          at performUnitOfWork (/home/runner/work/cis-scheduler-team-4/cis-scheduler-team-4/node_modules/react-dom/cjs/react-dom.development.js:22779:12)
          at workLoopSync (/home/runner/work/cis-scheduler-team-4/cis-scheduler-team-4/node_modules/react-dom/cjs/react-dom.development.js:22707:5)
          at renderRootSync (/home/runner/work/cis-scheduler-team-4/cis-scheduler-team-4/node_modules/react-dom/cjs/react-dom.development.js:22670:7)
          at performSyncWorkOnRoot (/home/runner/work/cis-scheduler-team-4/cis-scheduler-team-4/node_modules/react-dom/cjs/react-dom.development.js:22293:18)
          at scheduleUpdateOnFiber (/home/runner/work/cis-scheduler-team-4/cis-scheduler-team-4/node_modules/react-dom/cjs/react-dom.development.js:21881:7)
          at updateContainer (/home/runner/work/cis-scheduler-team-4/cis-scheduler-team-4/node_modules/react-dom/cjs/react-dom.development.js:25482:3)
          at /home/runner/work/cis-scheduler-team-4/cis-scheduler-team-4/node_modules/react-dom/cjs/react-dom.development.js:26021:7
          at unbatchedUpdates (/home/runner/work/cis-scheduler-team-4/cis-scheduler-team-4/node_modules/react-dom/cjs/react-dom.development.js:22431:12)
          at legacyRenderSubtreeIntoContainer (/home/runner/work/cis-scheduler-team-4/cis-scheduler-team-4/node_modules/react-dom/cjs/react-dom.development.js:26020:5)
          at Object.render (/home/runner/work/cis-scheduler-team-4/cis-scheduler-team-4/node_modules/react-dom/cjs/react-dom.development.js:26103:10)
          at /home/runner/work/cis-scheduler-team-4/cis-scheduler-team-4/node_modules/@testing-library/react/dist/pure.js:101:25
          at batchedUpdates$1 (/home/runner/work/cis-scheduler-team-4/cis-scheduler-team-4/node_modules/react-dom/cjs/react-dom.development.js:22380:12)
          at act (/home/runner/work/cis-scheduler-team-4/cis-scheduler-team-4/node_modules/react-dom/cjs/react-dom-test-utils.development.js:1042:14)
          at render (/home/runner/work/cis-scheduler-team-4/cis-scheduler-team-4/node_modules/@testing-library/react/dist/pure.js:97:26)
          at Object.<anonymous> (/home/runner/work/cis-scheduler-team-4/cis-scheduler-team-4/src/test/ViewCourseModal.test.tsx:120:9)
          at Promise.then.completed (/home/runner/work/cis-scheduler-team-4/cis-scheduler-team-4/node_modules/jest-circus/build/utils.js:391:28)
          at new Promise (<anonymous>)
          at callAsyncCircusFn (/home/runner/work/cis-scheduler-team-4/cis-scheduler-team-4/node_modules/jest-circus/build/utils.js:316:10)
          at _callCircusHook (/home/runner/work/cis-scheduler-team-4/cis-scheduler-team-4/node_modules/jest-circus/build/run.js:181:40)
          at _runTest (/home/runner/work/cis-scheduler-team-4/cis-scheduler-team-4/node_modules/jest-circus/build/run.js:148:5)
          at _runTestsForDescribeBlock (/home/runner/work/cis-scheduler-team-4/cis-scheduler-team-4/node_modules/jest-circus/build/run.js:66:9)
          at _runTestsForDescribeBlock (/home/runner/work/cis-scheduler-team-4/cis-scheduler-team-4/node_modules/jest-circus/build/run.js:60:9)
          at run (/home/runner/work/cis-scheduler-team-4/cis-scheduler-team-4/node_modules/jest-circus/build/run.js:25:3)
          at runAndTransformResultsToJestFormat (/home/runner/work/cis-scheduler-team-4/cis-scheduler-team-4/node_modules/jest-circus/build/legacy-code-todo-rewrite/jestAdapterInit.js:170:21)
          at jestAdapter (/home/runner/work/cis-scheduler-team-4/cis-scheduler-team-4/node_modules/jest-circus/build/legacy-code-todo-rewrite/jestAdapter.js:82:19)
          at runTestInternal (/home/runner/work/cis-scheduler-team-4/cis-scheduler-team-4/node_modules/jest-runner/build/runTest.js:389:16)
          at runTest (/home/runner/work/cis-scheduler-team-4/cis-scheduler-team-4/node_modules/jest-runner/build/runTest.js:475:34)

      at VirtualConsole.<anonymous> (node_modules/jsdom/lib/jsdom/virtual-console.js:29:45)
      at reportException (node_modules/jsdom/lib/jsdom/living/helpers/runtime-script-errors.js:70:28)
      at innerInvokeEventListeners (node_modules/jsdom/lib/jsdom/living/events/EventTarget-impl.js:341:9)
      at invokeEventListeners (node_modules/jsdom/lib/jsdom/living/events/EventTarget-impl.js:274:3)
      at HTMLUnknownElementImpl._dispatch (node_modules/jsdom/lib/jsdom/living/events/EventTarget-impl.js:221:9)
      at HTMLUnknownElementImpl.dispatchEvent (node_modules/jsdom/lib/jsdom/living/events/EventTarget-impl.js:94:17)
      at HTMLUnknownElement.dispatchEvent (node_modules/jsdom/lib/jsdom/living/generated/EventTarget.js:231:34)

    console.error
      The above error occurred in the <App> component:
      
          at App (/home/runner/work/cis-scheduler-team-4/cis-scheduler-team-4/src/App.tsx:109:51)
      
      Consider adding an error boundary to your tree to customize error handling behavior.
      Visit https://reactjs.org/link/error-boundaries to learn more about error boundaries.

      at logCapturedError (node_modules/react-dom/cjs/react-dom.development.js:20085:23)
      at update.callback (node_modules/react-dom/cjs/react-dom.development.js:20118:5)
      at callCallback (node_modules/react-dom/cjs/react-dom.development.js:12318:12)
      at commitUpdateQueue (node_modules/react-dom/cjs/react-dom.development.js:12339:9)
      at commitLifeCycles (node_modules/react-dom/cjs/react-dom.development.js:20736:11)
      at commitLayoutEffects (node_modules/react-dom/cjs/react-dom.development.js:23426:7)
      at HTMLUnknownElement.callCallback (node_modules/react-dom/cjs/react-dom.development.js:3945:14)
      at HTMLUnknownElement.callTheUserObjectsOperation (node_modules/jsdom/lib/jsdom/living/generated/EventListener.js:26:30)

    console.error
      Error: Uncaught [Error: useLocation() may be used only in the context of a <Router> component.]
          at reportException (/home/runner/work/cis-scheduler-team-4/cis-scheduler-team-4/node_modules/jsdom/lib/jsdom/living/helpers/runtime-script-errors.js:66:24)
          at innerInvokeEventListeners (/home/runner/work/cis-scheduler-team-4/cis-scheduler-team-4/node_modules/jsdom/lib/jsdom/living/events/EventTarget-impl.js:341:9)
          at invokeEventListeners (/home/runner/work/cis-scheduler-team-4/cis-scheduler-team-4/node_modules/jsdom/lib/jsdom/living/events/EventTarget-impl.js:274:3)
          at HTMLUnknownElementImpl._dispatch (/home/runner/work/cis-scheduler-team-4/cis-scheduler-team-4/node_modules/jsdom/lib/jsdom/living/events/EventTarget-impl.js:221:9)
          at HTMLUnknownElementImpl.dispatchEvent (/home/runner/work/cis-scheduler-team-4/cis-scheduler-team-4/node_modules/jsdom/lib/jsdom/living/events/EventTarget-impl.js:94:17)
          at HTMLUnknownElement.dispatchEvent (/home/runner/work/cis-scheduler-team-4/cis-scheduler-team-4/node_modules/jsdom/lib/jsdom/living/generated/EventTarget.js:231:34)
          at Object.invokeGuardedCallbackDev (/home/runner/work/cis-scheduler-team-4/cis-scheduler-team-4/node_modules/react-dom/cjs/react-dom.development.js:3994:16)
          at invokeGuardedCallback (/home/runner/work/cis-scheduler-team-4/cis-scheduler-team-4/node_modules/react-dom/cjs/react-dom.development.js:4056:31)
          at beginWork$1 (/home/runner/work/cis-scheduler-team-4/cis-scheduler-team-4/node_modules/react-dom/cjs/react-dom.development.js:23964:7)
          at performUnitOfWork (/home/runner/work/cis-scheduler-team-4/cis-scheduler-team-4/node_modules/react-dom/cjs/react-dom.development.js:22779:12) Error: useLocation() may be used only in the context of a <Router> component.
          at invariant (/home/runner/work/cis-scheduler-team-4/packages/react-router/lib/router.ts:5:20)
          at useLocation (/home/runner/work/cis-scheduler-team-4/packages/react-router/lib/hooks.tsx:75:3)
          at App (/home/runner/work/cis-scheduler-team-4/cis-scheduler-team-4/src/App.tsx:164:22)
          at renderWithHooks (/home/runner/work/cis-scheduler-team-4/cis-scheduler-team-4/node_modules/react-dom/cjs/react-dom.development.js:14985:18)
          at mountIndeterminateComponent (/home/runner/work/cis-scheduler-team-4/cis-scheduler-team-4/node_modules/react-dom/cjs/react-dom.development.js:17811:13)
          at beginWork (/home/runner/work/cis-scheduler-team-4/cis-scheduler-team-4/node_modules/react-dom/cjs/react-dom.development.js:19049:16)
          at HTMLUnknownElement.callCallback (/home/runner/work/cis-scheduler-team-4/cis-scheduler-team-4/node_modules/react-dom/cjs/react-dom.development.js:3945:14)
          at HTMLUnknownElement.callTheUserObjectsOperation (/home/runner/work/cis-scheduler-team-4/cis-scheduler-team-4/node_modules/jsdom/lib/jsdom/living/generated/EventListener.js:26:30)
          at innerInvokeEventListeners (/home/runner/work/cis-scheduler-team-4/cis-scheduler-team-4/node_modules/jsdom/lib/jsdom/living/events/EventTarget-impl.js:338:25)
          at invokeEventListeners (/home/runner/work/cis-scheduler-team-4/cis-scheduler-team-4/node_modules/jsdom/lib/jsdom/living/events/EventTarget-impl.js:274:3)
          at HTMLUnknownElementImpl._dispatch (/home/runner/work/cis-scheduler-team-4/cis-scheduler-team-4/node_modules/jsdom/lib/jsdom/living/events/EventTarget-impl.js:221:9)
          at HTMLUnknownElementImpl.dispatchEvent (/home/runner/work/cis-scheduler-team-4/cis-scheduler-team-4/node_modules/jsdom/lib/jsdom/living/events/EventTarget-impl.js:94:17)
          at HTMLUnknownElement.dispatchEvent (/home/runner/work/cis-scheduler-team-4/cis-scheduler-team-4/node_modules/jsdom/lib/jsdom/living/generated/EventTarget.js:231:34)
          at Object.invokeGuardedCallbackDev (/home/runner/work/cis-scheduler-team-4/cis-scheduler-team-4/node_modules/react-dom/cjs/react-dom.development.js:3994:16)
          at invokeGuardedCallback (/home/runner/work/cis-scheduler-team-4/cis-scheduler-team-4/node_modules/react-dom/cjs/react-dom.development.js:4056:31)
          at beginWork$1 (/home/runner/work/cis-scheduler-team-4/cis-scheduler-team-4/node_modules/react-dom/cjs/react-dom.development.js:23964:7)
          at performUnitOfWork (/home/runner/work/cis-scheduler-team-4/cis-scheduler-team-4/node_modules/react-dom/cjs/react-dom.development.js:22779:12)
          at workLoopSync (/home/runner/work/cis-scheduler-team-4/cis-scheduler-team-4/node_modules/react-dom/cjs/react-dom.development.js:22707:5)
          at renderRootSync (/home/runner/work/cis-scheduler-team-4/cis-scheduler-team-4/node_modules/react-dom/cjs/react-dom.development.js:22670:7)
          at performSyncWorkOnRoot (/home/runner/work/cis-scheduler-team-4/cis-scheduler-team-4/node_modules/react-dom/cjs/react-dom.development.js:22293:18)
          at scheduleUpdateOnFiber (/home/runner/work/cis-scheduler-team-4/cis-scheduler-team-4/node_modules/react-dom/cjs/react-dom.development.js:21881:7)
          at updateContainer (/home/runner/work/cis-scheduler-team-4/cis-scheduler-team-4/node_modules/react-dom/cjs/react-dom.development.js:25482:3)
          at /home/runner/work/cis-scheduler-team-4/cis-scheduler-team-4/node_modules/react-dom/cjs/react-dom.development.js:26021:7
          at unbatchedUpdates (/home/runner/work/cis-scheduler-team-4/cis-scheduler-team-4/node_modules/react-dom/cjs/react-dom.development.js:22431:12)
          at legacyRenderSubtreeIntoContainer (/home/runner/work/cis-scheduler-team-4/cis-scheduler-team-4/node_modules/react-dom/cjs/react-dom.development.js:26020:5)
          at Object.render (/home/runner/work/cis-scheduler-team-4/cis-scheduler-team-4/node_modules/react-dom/cjs/react-dom.development.js:26103:10)
          at /home/runner/work/cis-scheduler-team-4/cis-scheduler-team-4/node_modules/@testing-library/react/dist/pure.js:101:25
          at batchedUpdates$1 (/home/runner/work/cis-scheduler-team-4/cis-scheduler-team-4/node_modules/react-dom/cjs/react-dom.development.js:22380:12)
          at act (/home/runner/work/cis-scheduler-team-4/cis-scheduler-team-4/node_modules/react-dom/cjs/react-dom-test-utils.development.js:1042:14)
          at render (/home/runner/work/cis-scheduler-team-4/cis-scheduler-team-4/node_modules/@testing-library/react/dist/pure.js:97:26)
          at Object.<anonymous> (/home/runner/work/cis-scheduler-team-4/cis-scheduler-team-4/src/test/ViewCourseModal.test.tsx:120:9)
          at Promise.then.completed (/home/runner/work/cis-scheduler-team-4/cis-scheduler-team-4/node_modules/jest-circus/build/utils.js:391:28)
          at new Promise (<anonymous>)
          at callAsyncCircusFn (/home/runner/work/cis-scheduler-team-4/cis-scheduler-team-4/node_modules/jest-circus/build/utils.js:316:10)
          at _callCircusHook (/home/runner/work/cis-scheduler-team-4/cis-scheduler-team-4/node_modules/jest-circus/build/run.js:181:40)
          at _runTest (/home/runner/work/cis-scheduler-team-4/cis-scheduler-team-4/node_modules/jest-circus/build/run.js:148:5)
          at _runTestsForDescribeBlock (/home/runner/work/cis-scheduler-team-4/cis-scheduler-team-4/node_modules/jest-circus/build/run.js:66:9)
          at _runTestsForDescribeBlock (/home/runner/work/cis-scheduler-team-4/cis-scheduler-team-4/node_modules/jest-circus/build/run.js:60:9)
          at run (/home/runner/work/cis-scheduler-team-4/cis-scheduler-team-4/node_modules/jest-circus/build/run.js:25:3)
          at runAndTransformResultsToJestFormat (/home/runner/work/cis-scheduler-team-4/cis-scheduler-team-4/node_modules/jest-circus/build/legacy-code-todo-rewrite/jestAdapterInit.js:170:21)
          at jestAdapter (/home/runner/work/cis-scheduler-team-4/cis-scheduler-team-4/node_modules/jest-circus/build/legacy-code-todo-rewrite/jestAdapter.js:82:19)
          at runTestInternal (/home/runner/work/cis-scheduler-team-4/cis-scheduler-team-4/node_modules/jest-runner/build/runTest.js:389:16)
          at runTest (/home/runner/work/cis-scheduler-team-4/cis-scheduler-team-4/node_modules/jest-runner/build/runTest.js:475:34)

      at VirtualConsole.<anonymous> (node_modules/jsdom/lib/jsdom/virtual-console.js:29:45)
      at reportException (node_modules/jsdom/lib/jsdom/living/helpers/runtime-script-errors.js:70:28)
      at innerInvokeEventListeners (node_modules/jsdom/lib/jsdom/living/events/EventTarget-impl.js:341:9)
      at invokeEventListeners (node_modules/jsdom/lib/jsdom/living/events/EventTarget-impl.js:274:3)
      at HTMLUnknownElementImpl._dispatch (node_modules/jsdom/lib/jsdom/living/events/EventTarget-impl.js:221:9)
      at HTMLUnknownElementImpl.dispatchEvent (node_modules/jsdom/lib/jsdom/living/events/EventTarget-impl.js:94:17)
      at HTMLUnknownElement.dispatchEvent (node_modules/jsdom/lib/jsdom/living/generated/EventTarget.js:231:34)

    console.error
      The above error occurred in the <App> component:
      
          at App (/home/runner/work/cis-scheduler-team-4/cis-scheduler-team-4/src/App.tsx:109:51)
      
      Consider adding an error boundary to your tree to customize error handling behavior.
      Visit https://reactjs.org/link/error-boundaries to learn more about error boundaries.

      at logCapturedError (node_modules/react-dom/cjs/react-dom.development.js:20085:23)
      at update.callback (node_modules/react-dom/cjs/react-dom.development.js:20118:5)
      at callCallback (node_modules/react-dom/cjs/react-dom.development.js:12318:12)
      at commitUpdateQueue (node_modules/react-dom/cjs/react-dom.development.js:12339:9)
      at commitLifeCycles (node_modules/react-dom/cjs/react-dom.development.js:20736:11)
      at commitLayoutEffects (node_modules/react-dom/cjs/react-dom.development.js:23426:7)
      at HTMLUnknownElement.callCallback (node_modules/react-dom/cjs/react-dom.development.js:3945:14)
      at HTMLUnknownElement.callTheUserObjectsOperation (node_modules/jsdom/lib/jsdom/living/generated/EventListener.js:26:30)

    console.error
      Error: Uncaught [Error: useLocation() may be used only in the context of a <Router> component.]
          at reportException (/home/runner/work/cis-scheduler-team-4/cis-scheduler-team-4/node_modules/jsdom/lib/jsdom/living/helpers/runtime-script-errors.js:66:24)
          at innerInvokeEventListeners (/home/runner/work/cis-scheduler-team-4/cis-scheduler-team-4/node_modules/jsdom/lib/jsdom/living/events/EventTarget-impl.js:341:9)
          at invokeEventListeners (/home/runner/work/cis-scheduler-team-4/cis-scheduler-team-4/node_modules/jsdom/lib/jsdom/living/events/EventTarget-impl.js:274:3)
          at HTMLUnknownElementImpl._dispatch (/home/runner/work/cis-scheduler-team-4/cis-scheduler-team-4/node_modules/jsdom/lib/jsdom/living/events/EventTarget-impl.js:221:9)
          at HTMLUnknownElementImpl.dispatchEvent (/home/runner/work/cis-scheduler-team-4/cis-scheduler-team-4/node_modules/jsdom/lib/jsdom/living/events/EventTarget-impl.js:94:17)
          at HTMLUnknownElement.dispatchEvent (/home/runner/work/cis-scheduler-team-4/cis-scheduler-team-4/node_modules/jsdom/lib/jsdom/living/generated/EventTarget.js:231:34)
          at Object.invokeGuardedCallbackDev (/home/runner/work/cis-scheduler-team-4/cis-scheduler-team-4/node_modules/react-dom/cjs/react-dom.development.js:3994:16)
          at invokeGuardedCallback (/home/runner/work/cis-scheduler-team-4/cis-scheduler-team-4/node_modules/react-dom/cjs/react-dom.development.js:4056:31)
          at beginWork$1 (/home/runner/work/cis-scheduler-team-4/cis-scheduler-team-4/node_modules/react-dom/cjs/react-dom.development.js:23964:7)
          at performUnitOfWork (/home/runner/work/cis-scheduler-team-4/cis-scheduler-team-4/node_modules/react-dom/cjs/react-dom.development.js:22779:12) Error: useLocation() may be used only in the context of a <Router> component.
          at invariant (/home/runner/work/cis-scheduler-team-4/packages/react-router/lib/router.ts:5:20)
          at useLocation (/home/runner/work/cis-scheduler-team-4/packages/react-router/lib/hooks.tsx:75:3)
          at App (/home/runner/work/cis-scheduler-team-4/cis-scheduler-team-4/src/App.tsx:164:22)
          at renderWithHooks (/home/runner/work/cis-scheduler-team-4/cis-scheduler-team-4/node_modules/react-dom/cjs/react-dom.development.js:14985:18)
          at mountIndeterminateComponent (/home/runner/work/cis-scheduler-team-4/cis-scheduler-team-4/node_modules/react-dom/cjs/react-dom.development.js:17811:13)
          at beginWork (/home/runner/work/cis-scheduler-team-4/cis-scheduler-team-4/node_modules/react-dom/cjs/react-dom.development.js:19049:16)
          at HTMLUnknownElement.callCallback (/home/runner/work/cis-scheduler-team-4/cis-scheduler-team-4/node_modules/react-dom/cjs/react-dom.development.js:3945:14)
          at HTMLUnknownElement.callTheUserObjectsOperation (/home/runner/work/cis-scheduler-team-4/cis-scheduler-team-4/node_modules/jsdom/lib/jsdom/living/generated/EventListener.js:26:30)
          at innerInvokeEventListeners (/home/runner/work/cis-scheduler-team-4/cis-scheduler-team-4/node_modules/jsdom/lib/jsdom/living/events/EventTarget-impl.js:338:25)
          at invokeEventListeners (/home/runner/work/cis-scheduler-team-4/cis-scheduler-team-4/node_modules/jsdom/lib/jsdom/living/events/EventTarget-impl.js:274:3)
          at HTMLUnknownElementImpl._dispatch (/home/runner/work/cis-scheduler-team-4/cis-scheduler-team-4/node_modules/jsdom/lib/jsdom/living/events/EventTarget-impl.js:221:9)
          at HTMLUnknownElementImpl.dispatchEvent (/home/runner/work/cis-scheduler-team-4/cis-scheduler-team-4/node_modules/jsdom/lib/jsdom/living/events/EventTarget-impl.js:94:17)
          at HTMLUnknownElement.dispatchEvent (/home/runner/work/cis-scheduler-team-4/cis-scheduler-team-4/node_modules/jsdom/lib/jsdom/living/generated/EventTarget.js:231:34)
          at Object.invokeGuardedCallbackDev (/home/runner/work/cis-scheduler-team-4/cis-scheduler-team-4/node_modules/react-dom/cjs/react-dom.development.js:3994:16)
          at invokeGuardedCallback (/home/runner/work/cis-scheduler-team-4/cis-scheduler-team-4/node_modules/react-dom/cjs/react-dom.development.js:4056:31)
          at beginWork$1 (/home/runner/work/cis-scheduler-team-4/cis-scheduler-team-4/node_modules/react-dom/cjs/react-dom.development.js:23964:7)
          at performUnitOfWork (/home/runner/work/cis-scheduler-team-4/cis-scheduler-team-4/node_modules/react-dom/cjs/react-dom.development.js:22779:12)
          at workLoopSync (/home/runner/work/cis-scheduler-team-4/cis-scheduler-team-4/node_modules/react-dom/cjs/react-dom.development.js:22707:5)
          at renderRootSync (/home/runner/work/cis-scheduler-team-4/cis-scheduler-team-4/node_modules/react-dom/cjs/react-dom.development.js:22670:7)
          at performSyncWorkOnRoot (/home/runner/work/cis-scheduler-team-4/cis-scheduler-team-4/node_modules/react-dom/cjs/react-dom.development.js:22293:18)
          at scheduleUpdateOnFiber (/home/runner/work/cis-scheduler-team-4/cis-scheduler-team-4/node_modules/react-dom/cjs/react-dom.development.js:21881:7)
          at updateContainer (/home/runner/work/cis-scheduler-team-4/cis-scheduler-team-4/node_modules/react-dom/cjs/react-dom.development.js:25482:3)
          at /home/runner/work/cis-scheduler-team-4/cis-scheduler-team-4/node_modules/react-dom/cjs/react-dom.development.js:26021:7
          at unbatchedUpdates (/home/runner/work/cis-scheduler-team-4/cis-scheduler-team-4/node_modules/react-dom/cjs/react-dom.development.js:22431:12)
          at legacyRenderSubtreeIntoContainer (/home/runner/work/cis-scheduler-team-4/cis-scheduler-team-4/node_modules/react-dom/cjs/react-dom.development.js:26020:5)
          at Object.render (/home/runner/work/cis-scheduler-team-4/cis-scheduler-team-4/node_modules/react-dom/cjs/react-dom.development.js:26103:10)
          at /home/runner/work/cis-scheduler-team-4/cis-scheduler-team-4/node_modules/@testing-library/react/dist/pure.js:101:25
          at batchedUpdates$1 (/home/runner/work/cis-scheduler-team-4/cis-scheduler-team-4/node_modules/react-dom/cjs/react-dom.development.js:22380:12)
          at act (/home/runner/work/cis-scheduler-team-4/cis-scheduler-team-4/node_modules/react-dom/cjs/react-dom-test-utils.development.js:1042:14)
          at render (/home/runner/work/cis-scheduler-team-4/cis-scheduler-team-4/node_modules/@testing-library/react/dist/pure.js:97:26)
          at Object.<anonymous> (/home/runner/work/cis-scheduler-team-4/cis-scheduler-team-4/src/test/ViewCourseModal.test.tsx:120:9)
          at Promise.then.completed (/home/runner/work/cis-scheduler-team-4/cis-scheduler-team-4/node_modules/jest-circus/build/utils.js:391:28)
          at new Promise (<anonymous>)
          at callAsyncCircusFn (/home/runner/work/cis-scheduler-team-4/cis-scheduler-team-4/node_modules/jest-circus/build/utils.js:316:10)
          at _callCircusHook (/home/runner/work/cis-scheduler-team-4/cis-scheduler-team-4/node_modules/jest-circus/build/run.js:181:40)
          at _runTest (/home/runner/work/cis-scheduler-team-4/cis-scheduler-team-4/node_modules/jest-circus/build/run.js:148:5)
          at _runTestsForDescribeBlock (/home/runner/work/cis-scheduler-team-4/cis-scheduler-team-4/node_modules/jest-circus/build/run.js:66:9)
          at _runTestsForDescribeBlock (/home/runner/work/cis-scheduler-team-4/cis-scheduler-team-4/node_modules/jest-circus/build/run.js:60:9)
          at run (/home/runner/work/cis-scheduler-team-4/cis-scheduler-team-4/node_modules/jest-circus/build/run.js:25:3)
          at runAndTransformResultsToJestFormat (/home/runner/work/cis-scheduler-team-4/cis-scheduler-team-4/node_modules/jest-circus/build/legacy-code-todo-rewrite/jestAdapterInit.js:170:21)
          at jestAdapter (/home/runner/work/cis-scheduler-team-4/cis-scheduler-team-4/node_modules/jest-circus/build/legacy-code-todo-rewrite/jestAdapter.js:82:19)
          at runTestInternal (/home/runner/work/cis-scheduler-team-4/cis-scheduler-team-4/node_modules/jest-runner/build/runTest.js:389:16)
          at runTest (/home/runner/work/cis-scheduler-team-4/cis-scheduler-team-4/node_modules/jest-runner/build/runTest.js:475:34)

      at VirtualConsole.<anonymous> (node_modules/jsdom/lib/jsdom/virtual-console.js:29:45)
      at reportException (node_modules/jsdom/lib/jsdom/living/helpers/runtime-script-errors.js:70:28)
      at innerInvokeEventListeners (node_modules/jsdom/lib/jsdom/living/events/EventTarget-impl.js:341:9)
      at invokeEventListeners (node_modules/jsdom/lib/jsdom/living/events/EventTarget-impl.js:274:3)
      at HTMLUnknownElementImpl._dispatch (node_modules/jsdom/lib/jsdom/living/events/EventTarget-impl.js:221:9)
      at HTMLUnknownElementImpl.dispatchEvent (node_modules/jsdom/lib/jsdom/living/events/EventTarget-impl.js:94:17)
      at HTMLUnknownElement.dispatchEvent (node_modules/jsdom/lib/jsdom/living/generated/EventTarget.js:231:34)

    console.error
      The above error occurred in the <App> component:
      
          at App (/home/runner/work/cis-scheduler-team-4/cis-scheduler-team-4/src/App.tsx:109:51)
      
      Consider adding an error boundary to your tree to customize error handling behavior.
      Visit https://reactjs.org/link/error-boundaries to learn more about error boundaries.

      at logCapturedError (node_modules/react-dom/cjs/react-dom.development.js:20085:23)
      at update.callback (node_modules/react-dom/cjs/react-dom.development.js:20118:5)
      at callCallback (node_modules/react-dom/cjs/react-dom.development.js:12318:12)
      at commitUpdateQueue (node_modules/react-dom/cjs/react-dom.development.js:12339:9)
      at commitLifeCycles (node_modules/react-dom/cjs/react-dom.development.js:20736:11)
      at commitLayoutEffects (node_modules/react-dom/cjs/react-dom.development.js:23426:7)
      at HTMLUnknownElement.callCallback (node_modules/react-dom/cjs/react-dom.development.js:3945:14)
      at HTMLUnknownElement.callTheUserObjectsOperation (node_modules/jsdom/lib/jsdom/living/generated/EventListener.js:26:30)

  ● Students can establish that a course meets another course's prerequisite. › Modal displays Course code

    useLocation() may be used only in the context of a <Router> component.

      at invariant (../packages/react-router/lib/router.ts:5:20)
      at useLocation (../packages/react-router/lib/hooks.tsx:75:3)
      at App (src/App.tsx:164:22)
      at renderWithHooks (node_modules/react-dom/cjs/react-dom.development.js:14985:18)
      at mountIndeterminateComponent (node_modules/react-dom/cjs/react-dom.development.js:17811:13)
      at beginWork (node_modules/react-dom/cjs/react-dom.development.js:19049:16)
      at HTMLUnknownElement.callCallback (node_modules/react-dom/cjs/react-dom.development.js:3945:14)
      at HTMLUnknownElement.callTheUserObjectsOperation (node_modules/jsdom/lib/jsdom/living/generated/EventListener.js:26:30)
      at innerInvokeEventListeners (node_modules/jsdom/lib/jsdom/living/events/EventTarget-impl.js:338:25)
      at invokeEventListeners (node_modules/jsdom/lib/jsdom/living/events/EventTarget-impl.js:274:3)
      at HTMLUnknownElementImpl._dispatch (node_modules/jsdom/lib/jsdom/living/events/EventTarget-impl.js:221:9)
      at HTMLUnknownElementImpl.dispatchEvent (node_modules/jsdom/lib/jsdom/living/events/EventTarget-impl.js:94:17)
      at HTMLUnknownElement.dispatchEvent (node_modules/jsdom/lib/jsdom/living/generated/EventTarget.js:231:34)
      at Object.invokeGuardedCallbackDev (node_modules/react-dom/cjs/react-dom.development.js:3994:16)
      at invokeGuardedCallback (node_modules/react-dom/cjs/react-dom.development.js:4056:31)
      at beginWork$1 (node_modules/react-dom/cjs/react-dom.development.js:23964:7)
      at performUnitOfWork (node_modules/react-dom/cjs/react-dom.development.js:22779:12)
      at workLoopSync (node_modules/react-dom/cjs/react-dom.development.js:22707:5)
      at renderRootSync (node_modules/react-dom/cjs/react-dom.development.js:22670:7)
      at performSyncWorkOnRoot (node_modules/react-dom/cjs/react-dom.development.js:22293:18)
      at scheduleUpdateOnFiber (node_modules/react-dom/cjs/react-dom.development.js:21881:7)
      at updateContainer (node_modules/react-dom/cjs/react-dom.development.js:25482:3)
      at node_modules/react-dom/cjs/react-dom.development.js:26021:7
      at unbatchedUpdates (node_modules/react-dom/cjs/react-dom.development.js:22431:12)
      at legacyRenderSubtreeIntoContainer (node_modules/react-dom/cjs/react-dom.development.js:26020:5)
      at Object.render (node_modules/react-dom/cjs/react-dom.development.js:26103:10)
      at node_modules/@testing-library/react/dist/pure.js:101:25
      at batchedUpdates$1 (node_modules/react-dom/cjs/react-dom.development.js:22380:12)
      at act (node_modules/react-dom/cjs/react-dom-test-utils.development.js:1042:14)
      at render (node_modules/@testing-library/react/dist/pure.js:97:26)
      at Object.<anonymous> (src/test/ViewCourseModal.test.tsx:120:9)

  ● Students can establish that a course meets another course's prerequisite. › Modal displays Course title

    useLocation() may be used only in the context of a <Router> component.

      at invariant (../packages/react-router/lib/router.ts:5:20)
      at useLocation (../packages/react-router/lib/hooks.tsx:75:3)
      at App (src/App.tsx:164:22)
      at renderWithHooks (node_modules/react-dom/cjs/react-dom.development.js:14985:18)
      at mountIndeterminateComponent (node_modules/react-dom/cjs/react-dom.development.js:17811:13)
      at beginWork (node_modules/react-dom/cjs/react-dom.development.js:19049:16)
      at HTMLUnknownElement.callCallback (node_modules/react-dom/cjs/react-dom.development.js:3945:14)
      at HTMLUnknownElement.callTheUserObjectsOperation (node_modules/jsdom/lib/jsdom/living/generated/EventListener.js:26:30)
      at innerInvokeEventListeners (node_modules/jsdom/lib/jsdom/living/events/EventTarget-impl.js:338:25)
      at invokeEventListeners (node_modules/jsdom/lib/jsdom/living/events/EventTarget-impl.js:274:3)
      at HTMLUnknownElementImpl._dispatch (node_modules/jsdom/lib/jsdom/living/events/EventTarget-impl.js:221:9)
      at HTMLUnknownElementImpl.dispatchEvent (node_modules/jsdom/lib/jsdom/living/events/EventTarget-impl.js:94:17)
      at HTMLUnknownElement.dispatchEvent (node_modules/jsdom/lib/jsdom/living/generated/EventTarget.js:231:34)
      at Object.invokeGuardedCallbackDev (node_modules/react-dom/cjs/react-dom.development.js:3994:16)
      at invokeGuardedCallback (node_modules/react-dom/cjs/react-dom.development.js:4056:31)
      at beginWork$1 (node_modules/react-dom/cjs/react-dom.development.js:23964:7)
      at performUnitOfWork (node_modules/react-dom/cjs/react-dom.development.js:22779:12)
      at workLoopSync (node_modules/react-dom/cjs/react-dom.development.js:22707:5)
      at renderRootSync (node_modules/react-dom/cjs/react-dom.development.js:22670:7)
      at performSyncWorkOnRoot (node_modules/react-dom/cjs/react-dom.development.js:22293:18)
      at scheduleUpdateOnFiber (node_modules/react-dom/cjs/react-dom.development.js:21881:7)
      at updateContainer (node_modules/react-dom/cjs/react-dom.development.js:25482:3)
      at node_modules/react-dom/cjs/react-dom.development.js:26021:7
      at unbatchedUpdates (node_modules/react-dom/cjs/react-dom.development.js:22431:12)
      at legacyRenderSubtreeIntoContainer (node_modules/react-dom/cjs/react-dom.development.js:26020:5)
      at Object.render (node_modules/react-dom/cjs/react-dom.development.js:26103:10)
      at node_modules/@testing-library/react/dist/pure.js:101:25
      at batchedUpdates$1 (node_modules/react-dom/cjs/react-dom.development.js:22380:12)
      at act (node_modules/react-dom/cjs/react-dom-test-utils.development.js:1042:14)
      at render (node_modules/@testing-library/react/dist/pure.js:97:26)
      at Object.<anonymous> (src/test/ViewCourseModal.test.tsx:120:9)

  ● Students can establish that a course meets another course's prerequisite. › Modal displays Course description

    useLocation() may be used only in the context of a <Router> component.

      at invariant (../packages/react-router/lib/router.ts:5:20)
      at useLocation (../packages/react-router/lib/hooks.tsx:75:3)
      at App (src/App.tsx:164:22)
      at renderWithHooks (node_modules/react-dom/cjs/react-dom.development.js:14985:18)
      at mountIndeterminateComponent (node_modules/react-dom/cjs/react-dom.development.js:17811:13)
      at beginWork (node_modules/react-dom/cjs/react-dom.development.js:19049:16)
      at HTMLUnknownElement.callCallback (node_modules/react-dom/cjs/react-dom.development.js:3945:14)
      at HTMLUnknownElement.callTheUserObjectsOperation (node_modules/jsdom/lib/jsdom/living/generated/EventListener.js:26:30)
      at innerInvokeEventListeners (node_modules/jsdom/lib/jsdom/living/events/EventTarget-impl.js:338:25)
      at invokeEventListeners (node_modules/jsdom/lib/jsdom/living/events/EventTarget-impl.js:274:3)
      at HTMLUnknownElementImpl._dispatch (node_modules/jsdom/lib/jsdom/living/events/EventTarget-impl.js:221:9)
      at HTMLUnknownElementImpl.dispatchEvent (node_modules/jsdom/lib/jsdom/living/events/EventTarget-impl.js:94:17)
      at HTMLUnknownElement.dispatchEvent (node_modules/jsdom/lib/jsdom/living/generated/EventTarget.js:231:34)
      at Object.invokeGuardedCallbackDev (node_modules/react-dom/cjs/react-dom.development.js:3994:16)
      at invokeGuardedCallback (node_modules/react-dom/cjs/react-dom.development.js:4056:31)
      at beginWork$1 (node_modules/react-dom/cjs/react-dom.development.js:23964:7)
      at performUnitOfWork (node_modules/react-dom/cjs/react-dom.development.js:22779:12)
      at workLoopSync (node_modules/react-dom/cjs/react-dom.development.js:22707:5)
      at renderRootSync (node_modules/react-dom/cjs/react-dom.development.js:22670:7)
      at performSyncWorkOnRoot (node_modules/react-dom/cjs/react-dom.development.js:22293:18)
      at scheduleUpdateOnFiber (node_modules/react-dom/cjs/react-dom.development.js:21881:7)
      at updateContainer (node_modules/react-dom/cjs/react-dom.development.js:25482:3)
      at node_modules/react-dom/cjs/react-dom.development.js:26021:7
      at unbatchedUpdates (node_modules/react-dom/cjs/react-dom.development.js:22431:12)
      at legacyRenderSubtreeIntoContainer (node_modules/react-dom/cjs/react-dom.development.js:26020:5)
      at Object.render (node_modules/react-dom/cjs/react-dom.development.js:26103:10)
      at node_modules/@testing-library/react/dist/pure.js:101:25
      at batchedUpdates$1 (node_modules/react-dom/cjs/react-dom.development.js:22380:12)
      at act (node_modules/react-dom/cjs/react-dom-test-utils.development.js:1042:14)
      at render (node_modules/@testing-library/react/dist/pure.js:97:26)
      at Object.<anonymous> (src/test/ViewCourseModal.test.tsx:120:9)

  ● Students can establish that a course meets another course's prerequisite. › Modal displays Course prereq

    useLocation() may be used only in the context of a <Router> component.

      at invariant (../packages/react-router/lib/router.ts:5:20)
      at useLocation (../packages/react-router/lib/hooks.tsx:75:3)
      at App (src/App.tsx:164:22)
      at renderWithHooks (node_modules/react-dom/cjs/react-dom.development.js:14985:18)
      at mountIndeterminateComponent (node_modules/react-dom/cjs/react-dom.development.js:17811:13)
      at beginWork (node_modules/react-dom/cjs/react-dom.development.js:19049:16)
      at HTMLUnknownElement.callCallback (node_modules/react-dom/cjs/react-dom.development.js:3945:14)
      at HTMLUnknownElement.callTheUserObjectsOperation (node_modules/jsdom/lib/jsdom/living/generated/EventListener.js:26:30)
      at innerInvokeEventListeners (node_modules/jsdom/lib/jsdom/living/events/EventTarget-impl.js:338:25)
      at invokeEventListeners (node_modules/jsdom/lib/jsdom/living/events/EventTarget-impl.js:274:3)
      at HTMLUnknownElementImpl._dispatch (node_modules/jsdom/lib/jsdom/living/events/EventTarget-impl.js:221:9)
      at HTMLUnknownElementImpl.dispatchEvent (node_modules/jsdom/lib/jsdom/living/events/EventTarget-impl.js:94:17)
      at HTMLUnknownElement.dispatchEvent (node_modules/jsdom/lib/jsdom/living/generated/EventTarget.js:231:34)
      at Object.invokeGuardedCallbackDev (node_modules/react-dom/cjs/react-dom.development.js:3994:16)
      at invokeGuardedCallback (node_modules/react-dom/cjs/react-dom.development.js:4056:31)
      at beginWork$1 (node_modules/react-dom/cjs/react-dom.development.js:23964:7)
      at performUnitOfWork (node_modules/react-dom/cjs/react-dom.development.js:22779:12)
      at workLoopSync (node_modules/react-dom/cjs/react-dom.development.js:22707:5)
      at renderRootSync (node_modules/react-dom/cjs/react-dom.development.js:22670:7)
      at performSyncWorkOnRoot (node_modules/react-dom/cjs/react-dom.development.js:22293:18)
      at scheduleUpdateOnFiber (node_modules/react-dom/cjs/react-dom.development.js:21881:7)
      at updateContainer (node_modules/react-dom/cjs/react-dom.development.js:25482:3)
      at node_modules/react-dom/cjs/react-dom.development.js:26021:7
      at unbatchedUpdates (node_modules/react-dom/cjs/react-dom.development.js:22431:12)
      at legacyRenderSubtreeIntoContainer (node_modules/react-dom/cjs/react-dom.development.js:26020:5)
      at Object.render (node_modules/react-dom/cjs/react-dom.development.js:26103:10)
      at node_modules/@testing-library/react/dist/pure.js:101:25
      at batchedUpdates$1 (node_modules/react-dom/cjs/react-dom.development.js:22380:12)
      at act (node_modules/react-dom/cjs/react-dom-test-utils.development.js:1042:14)
      at render (node_modules/@testing-library/react/dist/pure.js:97:26)
      at Object.<anonymous> (src/test/ViewCourseModal.test.tsx:120:9)

FAIL src/test/App.test.tsx
  ● Swappable windows to Planner, Course Search, Plans Component. › renders three buttons on screen

    expect(received).toBe(expected) // Object.is equality

    Expected: 3
    Received: 4

      25 |     test("renders three buttons on screen", () => {
      26 |         const buttons = screen.getAllByRole("button");
    > 27 |         expect(buttons.length).toBe(3);
         |                                ^
      28 |     });
      29 |
      30 |     test("'Get Started' is the text on one of the buttons and clicking it routes you to the course page.", () => {

      at Object.<anonymous> (src/test/App.test.tsx:27:32)

  ● Swappable windows to Planner, Course Search, Plans Component. › 'Get Started' is the text on one of the buttons and clicking it routes you to the course page.

    TestingLibraryElementError: Found multiple elements with the text: /Plans/i

    Here are the matching elements:

    Ignored nodes: comments, <script />, <style />
    [36m<h2[39m
      [33mclass[39m=[32m"sc-iqcoie lgtkwA"[39m
    [36m>[39m
      [0mPlans[0m
    [36m</h2>[39m

    Ignored nodes: comments, <script />, <style />
    [36m<button[39m
      [33mclass[39m=[32m"btn btn-primary"[39m
      [33mtype[39m=[32m"button"[39m
    [36m>[39m
      [0mDownload Plans[0m
    [36m</button>[39m

    Ignored nodes: comments, <script />, <style />
    [36m<label[39m
      [33mclass[39m=[32m"form-label"[39m
      [33mfor[39m=[32m"exampleForm"[39m
    [36m>[39m
      [0mUpload a plans file[0m
    [36m</label>[39m

    (If this is intentional, then use the `*AllBy*` variant of the query (like `queryAllByText`, `getAllByText`, or `findAllByText`)).

    Ignored nodes: comments, <script />, <style />
    [36m<body>[39m
      [36m<div>[39m
        [36m<div[39m
          [33mclass[39m=[32m"App"[39m
        [36m>[39m
          [36m<section[39m
            [33mclass[39m=[32m"sc-papXJ loSOBa"[39m
          [36m>[39m
            [36m<div[39m
              [33mclass[39m=[32m"sc-jqUVSM iCTdKl"[39m
            [36m>[39m
              [36m<div[39m
                [33mclass[39m=[32m"sc-kDDrLX jbqpdq"[39m
              [36m>[39m
                [36m<button[39m
                  [33mclass[39m=[32m"btn btn-primary"[39m
                  [33mtype[39m=[32m"button"[39m
                [36m>[39m
                  [0mHome[0m
                [36m</button>[39m
              [36m</div>[39m
              [36m<div[39m
                [33mclass[39m=[32m"sc-kDDrLX jbqpdq"[39m
                [33mstyle[39m=[32m"justify-content: center;"[39m
              [36m>[39m
                [36m<h2[39m
                  [33mclass[39m=[32m"sc-iqcoie lgtkwA"[39m
                [36m>[39m
                  [0mPlans[0m
                [36m</h2>[39m
              [36m</div>[39m
              [36m<div[39m
                [33mclass[39m=[32m"sc-kDDrLX jbqpdq"[39m
              [36m>[39m
                [36m<button[39m
                  [33mclass[39m=[32m"btn btn-primary"[39m
                  [33mstyle[39m=[32m"margin-left: auto; display: block;"[39m
                  [33mtype[39m=[32m"button"[39m
                [36m>[39m
                  [0mSearch Courses[0m
                [36m</button>[39m
                [36m<button[39m
                  [33mclass[39m=[32m"login-button btn btn-primary"[39m
                  [33mstyle[39m=[32m"margin-left: 2rem;"[39m
                  [33mtype[39m=[32m"button"[39m
                [36m>[39m
                  [0mLog In[0m
                [36m</button>[39m
              [36m</div>[39m
            [36m</div>[39m
          [36m</section>[39m
          [36m<div[39m
            [33mclass[39m=[32m"content"[39m
          [36m>[39m
            [36m<div>[39m
              [36m<section>[39m
                [36m<div[39m
                  [33mclass[39m=[32m"sc-crXcEl beNuPj"[39m
                [36m>[39m
                  [36m<div>[39m
                    [36m<div[39m
                      [33mclass[39m=[32m"vstack gap-3"[39m
                    [36m>[39m
                      [36m<div[39m
                        [33mclass[39m=[32m"bg-light border m-2 p-2"[39m
                      [36m>[39m
                        [36m<div>[39m
                          [36m<h1>[39m
                            [0mDefault Plan[0m
                          [36m</h1>[39m
                          [36m<i[39m
                            [33mclass[39m=[32m"d-block"[39m
                          [36m>[39m
                            [0mDescription: [0m
                            [0mDefault Plan for CISC Majors[0m
                          [36m</i>[39m
                          [36m<button[39m
                            [33mclass[39m=[32m"float-right mt-2 btn btn-primary btn-sm"[39m
                            [33mtype[39m=[32m"button"[39m
                          [36m>[39m
                            [0mEdit[0m
                          [36m</button>[39m
                        [36m</div>[39m
                        [36m<div[39m
                          [33mstyle[39m=[32m"display: flex; justify-content: center;"[39m
                        [36m>[39m
                          [36m<span[39m
                            [33mstyle[39m=[32m"font-size: 12px; font-style: italic; cursor: pointer;"[39m
                          [36m>[39m
                            [0mClick to expand[0m
                          [36m</span>[39m
                        [36m</div>[39m
                      [36m</div>[39m
                    [36m</div>[39m
                    [36m<button[39m
                      [33mclass[39m=[32m"m-2 btn btn-primary"[39m
                      [33mtype[39m=[32m"button"[39m
                    [36m>[39m
                      [0mAdd Plan[0m
                    [36m</button>[39m
                    [36m<button[39m
                      [33mclass[39m=[32m"btn btn-primary"[39m
                      [33mtype[39m=[32m"button"[39m
                    [36m>[39m
                      [0mDownload Plans[0m
                    [36m</button>[39m
                    [36m<div>[39m
                      [36m<label[39m
                        [33mclass[39m=[32m"form-label"[39m
                        [33mfor[39m=[32m"exampleForm"[39m
                      [36m>[39m
                        [0mUpload a plans file[0m
                      [36m</label>[39m
                      [36m<input[39m
                        [33mclass[39m=[32m"form-control"[39m
                        [33mid[39m=[32m"exampleForm"[39m
                        [33mtype[39m=[32m"file"[39m
                      [36m/>[39m
                    [36m</div>[39m
                  [36m</div>[39m
                  [36m<div[39m
                    [33mclass[39m=[32m"vstack gap-3"[39m
                  [36m>[39m
                    [36m<div />[39m
                  [36m</div>[39m
                [36m</div>[39m
              [36m</section>[39m
            [36m</div>[39m
            [0m [0m
          [36m</div>[39m
        [36m</div>[39m
      [36m</div>[39m
    [36m</body>[39m

      32 |
      33 |         getStarted.click();
    > 34 |         const linkElement = screen.getByText(/Plans/i);
         |                                    ^
      35 |         expect(linkElement).toBeInTheDocument();
      36 |     });
      37 |

      at Object.getElementError (node_modules/@testing-library/dom/dist/config.js:38:19)
      at getElementError (node_modules/@testing-library/dom/dist/query-helpers.js:25:35)
      at getMultipleElementsFoundError (node_modules/@testing-library/dom/dist/query-helpers.js:29:10)
      at node_modules/@testing-library/dom/dist/query-helpers.js:66:13
      at getByText (node_modules/@testing-library/dom/dist/query-helpers.js:111:19)
      at Object.<anonymous> (src/test/App.test.tsx:34:36)

FAIL src/test/SemesterView.test.tsx
  ● Console

    console.error
      Error: Uncaught [Error: useLocation() may be used only in the context of a <Router> component.]
          at reportException (/home/runner/work/cis-scheduler-team-4/cis-scheduler-team-4/node_modules/jsdom/lib/jsdom/living/helpers/runtime-script-errors.js:66:24)
          at innerInvokeEventListeners (/home/runner/work/cis-scheduler-team-4/cis-scheduler-team-4/node_modules/jsdom/lib/jsdom/living/events/EventTarget-impl.js:341:9)
          at invokeEventListeners (/home/runner/work/cis-scheduler-team-4/cis-scheduler-team-4/node_modules/jsdom/lib/jsdom/living/events/EventTarget-impl.js:274:3)
          at HTMLUnknownElementImpl._dispatch (/home/runner/work/cis-scheduler-team-4/cis-scheduler-team-4/node_modules/jsdom/lib/jsdom/living/events/EventTarget-impl.js:221:9)
          at HTMLUnknownElementImpl.dispatchEvent (/home/runner/work/cis-scheduler-team-4/cis-scheduler-team-4/node_modules/jsdom/lib/jsdom/living/events/EventTarget-impl.js:94:17)
          at HTMLUnknownElement.dispatchEvent (/home/runner/work/cis-scheduler-team-4/cis-scheduler-team-4/node_modules/jsdom/lib/jsdom/living/generated/EventTarget.js:231:34)
          at Object.invokeGuardedCallbackDev (/home/runner/work/cis-scheduler-team-4/cis-scheduler-team-4/node_modules/react-dom/cjs/react-dom.development.js:3994:16)
          at invokeGuardedCallback (/home/runner/work/cis-scheduler-team-4/cis-scheduler-team-4/node_modules/react-dom/cjs/react-dom.development.js:4056:31)
          at beginWork$1 (/home/runner/work/cis-scheduler-team-4/cis-scheduler-team-4/node_modules/react-dom/cjs/react-dom.development.js:23964:7)
          at performUnitOfWork (/home/runner/work/cis-scheduler-team-4/cis-scheduler-team-4/node_modules/react-dom/cjs/react-dom.development.js:22779:12) Error: useLocation() may be used only in the context of a <Router> component.
          at invariant (/home/runner/work/cis-scheduler-team-4/packages/react-router/lib/router.ts:5:20)
          at useLocation (/home/runner/work/cis-scheduler-team-4/packages/react-router/lib/hooks.tsx:75:3)
          at App (/home/runner/work/cis-scheduler-team-4/cis-scheduler-team-4/src/App.tsx:164:22)
          at renderWithHooks (/home/runner/work/cis-scheduler-team-4/cis-scheduler-team-4/node_modules/react-dom/cjs/react-dom.development.js:14985:18)
          at mountIndeterminateComponent (/home/runner/work/cis-scheduler-team-4/cis-scheduler-team-4/node_modules/react-dom/cjs/react-dom.development.js:17811:13)
          at beginWork (/home/runner/work/cis-scheduler-team-4/cis-scheduler-team-4/node_modules/react-dom/cjs/react-dom.development.js:19049:16)
          at HTMLUnknownElement.callCallback (/home/runner/work/cis-scheduler-team-4/cis-scheduler-team-4/node_modules/react-dom/cjs/react-dom.development.js:3945:14)
          at HTMLUnknownElement.callTheUserObjectsOperation (/home/runner/work/cis-scheduler-team-4/cis-scheduler-team-4/node_modules/jsdom/lib/jsdom/living/generated/EventListener.js:26:30)
          at innerInvokeEventListeners (/home/runner/work/cis-scheduler-team-4/cis-scheduler-team-4/node_modules/jsdom/lib/jsdom/living/events/EventTarget-impl.js:338:25)
          at invokeEventListeners (/home/runner/work/cis-scheduler-team-4/cis-scheduler-team-4/node_modules/jsdom/lib/jsdom/living/events/EventTarget-impl.js:274:3)
          at HTMLUnknownElementImpl._dispatch (/home/runner/work/cis-scheduler-team-4/cis-scheduler-team-4/node_modules/jsdom/lib/jsdom/living/events/EventTarget-impl.js:221:9)
          at HTMLUnknownElementImpl.dispatchEvent (/home/runner/work/cis-scheduler-team-4/cis-scheduler-team-4/node_modules/jsdom/lib/jsdom/living/events/EventTarget-impl.js:94:17)
          at HTMLUnknownElement.dispatchEvent (/home/runner/work/cis-scheduler-team-4/cis-scheduler-team-4/node_modules/jsdom/lib/jsdom/living/generated/EventTarget.js:231:34)
          at Object.invokeGuardedCallbackDev (/home/runner/work/cis-scheduler-team-4/cis-scheduler-team-4/node_modules/react-dom/cjs/react-dom.development.js:3994:16)
          at invokeGuardedCallback (/home/runner/work/cis-scheduler-team-4/cis-scheduler-team-4/node_modules/react-dom/cjs/react-dom.development.js:4056:31)
          at beginWork$1 (/home/runner/work/cis-scheduler-team-4/cis-scheduler-team-4/node_modules/react-dom/cjs/react-dom.development.js:23964:7)
          at performUnitOfWork (/home/runner/work/cis-scheduler-team-4/cis-scheduler-team-4/node_modules/react-dom/cjs/react-dom.development.js:22779:12)
          at workLoopSync (/home/runner/work/cis-scheduler-team-4/cis-scheduler-team-4/node_modules/react-dom/cjs/react-dom.development.js:22707:5)
          at renderRootSync (/home/runner/work/cis-scheduler-team-4/cis-scheduler-team-4/node_modules/react-dom/cjs/react-dom.development.js:22670:7)
          at performSyncWorkOnRoot (/home/runner/work/cis-scheduler-team-4/cis-scheduler-team-4/node_modules/react-dom/cjs/react-dom.development.js:22293:18)
          at scheduleUpdateOnFiber (/home/runner/work/cis-scheduler-team-4/cis-scheduler-team-4/node_modules/react-dom/cjs/react-dom.development.js:21881:7)
          at updateContainer (/home/runner/work/cis-scheduler-team-4/cis-scheduler-team-4/node_modules/react-dom/cjs/react-dom.development.js:25482:3)
          at /home/runner/work/cis-scheduler-team-4/cis-scheduler-team-4/node_modules/react-dom/cjs/react-dom.development.js:26021:7
          at unbatchedUpdates (/home/runner/work/cis-scheduler-team-4/cis-scheduler-team-4/node_modules/react-dom/cjs/react-dom.development.js:22431:12)
          at legacyRenderSubtreeIntoContainer (/home/runner/work/cis-scheduler-team-4/cis-scheduler-team-4/node_modules/react-dom/cjs/react-dom.development.js:26020:5)
          at Object.render (/home/runner/work/cis-scheduler-team-4/cis-scheduler-team-4/node_modules/react-dom/cjs/react-dom.development.js:26103:10)
          at /home/runner/work/cis-scheduler-team-4/cis-scheduler-team-4/node_modules/@testing-library/react/dist/pure.js:101:25
          at batchedUpdates$1 (/home/runner/work/cis-scheduler-team-4/cis-scheduler-team-4/node_modules/react-dom/cjs/react-dom.development.js:22380:12)
          at act (/home/runner/work/cis-scheduler-team-4/cis-scheduler-team-4/node_modules/react-dom/cjs/react-dom-test-utils.development.js:1042:14)
          at render (/home/runner/work/cis-scheduler-team-4/cis-scheduler-team-4/node_modules/@testing-library/react/dist/pure.js:97:26)
          at Object.<anonymous> (/home/runner/work/cis-scheduler-team-4/cis-scheduler-team-4/src/test/SemesterView.test.tsx:19:9)
          at Promise.then.completed (/home/runner/work/cis-scheduler-team-4/cis-scheduler-team-4/node_modules/jest-circus/build/utils.js:391:28)
          at new Promise (<anonymous>)
          at callAsyncCircusFn (/home/runner/work/cis-scheduler-team-4/cis-scheduler-team-4/node_modules/jest-circus/build/utils.js:316:10)
          at _callCircusHook (/home/runner/work/cis-scheduler-team-4/cis-scheduler-team-4/node_modules/jest-circus/build/run.js:181:40)
          at _runTest (/home/runner/work/cis-scheduler-team-4/cis-scheduler-team-4/node_modules/jest-circus/build/run.js:148:5)
          at _runTestsForDescribeBlock (/home/runner/work/cis-scheduler-team-4/cis-scheduler-team-4/node_modules/jest-circus/build/run.js:66:9)
          at _runTestsForDescribeBlock (/home/runner/work/cis-scheduler-team-4/cis-scheduler-team-4/node_modules/jest-circus/build/run.js:60:9)
          at run (/home/runner/work/cis-scheduler-team-4/cis-scheduler-team-4/node_modules/jest-circus/build/run.js:25:3)
          at runAndTransformResultsToJestFormat (/home/runner/work/cis-scheduler-team-4/cis-scheduler-team-4/node_modules/jest-circus/build/legacy-code-todo-rewrite/jestAdapterInit.js:170:21)
          at jestAdapter (/home/runner/work/cis-scheduler-team-4/cis-scheduler-team-4/node_modules/jest-circus/build/legacy-code-todo-rewrite/jestAdapter.js:82:19)
          at runTestInternal (/home/runner/work/cis-scheduler-team-4/cis-scheduler-team-4/node_modules/jest-runner/build/runTest.js:389:16)
          at runTest (/home/runner/work/cis-scheduler-team-4/cis-scheduler-team-4/node_modules/jest-runner/build/runTest.js:475:34)

      at VirtualConsole.<anonymous> (node_modules/jsdom/lib/jsdom/virtual-console.js:29:45)
      at reportException (node_modules/jsdom/lib/jsdom/living/helpers/runtime-script-errors.js:70:28)
      at innerInvokeEventListeners (node_modules/jsdom/lib/jsdom/living/events/EventTarget-impl.js:341:9)
      at invokeEventListeners (node_modules/jsdom/lib/jsdom/living/events/EventTarget-impl.js:274:3)
      at HTMLUnknownElementImpl._dispatch (node_modules/jsdom/lib/jsdom/living/events/EventTarget-impl.js:221:9)
      at HTMLUnknownElementImpl.dispatchEvent (node_modules/jsdom/lib/jsdom/living/events/EventTarget-impl.js:94:17)
      at HTMLUnknownElement.dispatchEvent (node_modules/jsdom/lib/jsdom/living/generated/EventTarget.js:231:34)

    console.error
      The above error occurred in the <App> component:
      
          at App (/home/runner/work/cis-scheduler-team-4/cis-scheduler-team-4/src/App.tsx:109:51)
      
      Consider adding an error boundary to your tree to customize error handling behavior.
      Visit https://reactjs.org/link/error-boundaries to learn more about error boundaries.

      at logCapturedError (node_modules/react-dom/cjs/react-dom.development.js:20085:23)
      at update.callback (node_modules/react-dom/cjs/react-dom.development.js:20118:5)
      at callCallback (node_modules/react-dom/cjs/react-dom.development.js:12318:12)
      at commitUpdateQueue (node_modules/react-dom/cjs/react-dom.development.js:12339:9)
      at commitLifeCycles (node_modules/react-dom/cjs/react-dom.development.js:20736:11)
      at commitLayoutEffects (node_modules/react-dom/cjs/react-dom.development.js:23426:7)
      at HTMLUnknownElement.callCallback (node_modules/react-dom/cjs/react-dom.development.js:3945:14)
      at HTMLUnknownElement.callTheUserObjectsOperation (node_modules/jsdom/lib/jsdom/living/generated/EventListener.js:26:30)

    console.error
      Error: Uncaught [Error: useLocation() may be used only in the context of a <Router> component.]
          at reportException (/home/runner/work/cis-scheduler-team-4/cis-scheduler-team-4/node_modules/jsdom/lib/jsdom/living/helpers/runtime-script-errors.js:66:24)
          at innerInvokeEventListeners (/home/runner/work/cis-scheduler-team-4/cis-scheduler-team-4/node_modules/jsdom/lib/jsdom/living/events/EventTarget-impl.js:341:9)
          at invokeEventListeners (/home/runner/work/cis-scheduler-team-4/cis-scheduler-team-4/node_modules/jsdom/lib/jsdom/living/events/EventTarget-impl.js:274:3)
          at HTMLUnknownElementImpl._dispatch (/home/runner/work/cis-scheduler-team-4/cis-scheduler-team-4/node_modules/jsdom/lib/jsdom/living/events/EventTarget-impl.js:221:9)
          at HTMLUnknownElementImpl.dispatchEvent (/home/runner/work/cis-scheduler-team-4/cis-scheduler-team-4/node_modules/jsdom/lib/jsdom/living/events/EventTarget-impl.js:94:17)
          at HTMLUnknownElement.dispatchEvent (/home/runner/work/cis-scheduler-team-4/cis-scheduler-team-4/node_modules/jsdom/lib/jsdom/living/generated/EventTarget.js:231:34)
          at Object.invokeGuardedCallbackDev (/home/runner/work/cis-scheduler-team-4/cis-scheduler-team-4/node_modules/react-dom/cjs/react-dom.development.js:3994:16)
          at invokeGuardedCallback (/home/runner/work/cis-scheduler-team-4/cis-scheduler-team-4/node_modules/react-dom/cjs/react-dom.development.js:4056:31)
          at beginWork$1 (/home/runner/work/cis-scheduler-team-4/cis-scheduler-team-4/node_modules/react-dom/cjs/react-dom.development.js:23964:7)
          at performUnitOfWork (/home/runner/work/cis-scheduler-team-4/cis-scheduler-team-4/node_modules/react-dom/cjs/react-dom.development.js:22779:12) Error: useLocation() may be used only in the context of a <Router> component.
          at invariant (/home/runner/work/cis-scheduler-team-4/packages/react-router/lib/router.ts:5:20)
          at useLocation (/home/runner/work/cis-scheduler-team-4/packages/react-router/lib/hooks.tsx:75:3)
          at App (/home/runner/work/cis-scheduler-team-4/cis-scheduler-team-4/src/App.tsx:164:22)
          at renderWithHooks (/home/runner/work/cis-scheduler-team-4/cis-scheduler-team-4/node_modules/react-dom/cjs/react-dom.development.js:14985:18)
          at mountIndeterminateComponent (/home/runner/work/cis-scheduler-team-4/cis-scheduler-team-4/node_modules/react-dom/cjs/react-dom.development.js:17811:13)
          at beginWork (/home/runner/work/cis-scheduler-team-4/cis-scheduler-team-4/node_modules/react-dom/cjs/react-dom.development.js:19049:16)
          at HTMLUnknownElement.callCallback (/home/runner/work/cis-scheduler-team-4/cis-scheduler-team-4/node_modules/react-dom/cjs/react-dom.development.js:3945:14)
          at HTMLUnknownElement.callTheUserObjectsOperation (/home/runner/work/cis-scheduler-team-4/cis-scheduler-team-4/node_modules/jsdom/lib/jsdom/living/generated/EventListener.js:26:30)
          at innerInvokeEventListeners (/home/runner/work/cis-scheduler-team-4/cis-scheduler-team-4/node_modules/jsdom/lib/jsdom/living/events/EventTarget-impl.js:338:25)
          at invokeEventListeners (/home/runner/work/cis-scheduler-team-4/cis-scheduler-team-4/node_modules/jsdom/lib/jsdom/living/events/EventTarget-impl.js:274:3)
          at HTMLUnknownElementImpl._dispatch (/home/runner/work/cis-scheduler-team-4/cis-scheduler-team-4/node_modules/jsdom/lib/jsdom/living/events/EventTarget-impl.js:221:9)
          at HTMLUnknownElementImpl.dispatchEvent (/home/runner/work/cis-scheduler-team-4/cis-scheduler-team-4/node_modules/jsdom/lib/jsdom/living/events/EventTarget-impl.js:94:17)
          at HTMLUnknownElement.dispatchEvent (/home/runner/work/cis-scheduler-team-4/cis-scheduler-team-4/node_modules/jsdom/lib/jsdom/living/generated/EventTarget.js:231:34)
          at Object.invokeGuardedCallbackDev (/home/runner/work/cis-scheduler-team-4/cis-scheduler-team-4/node_modules/react-dom/cjs/react-dom.development.js:3994:16)
          at invokeGuardedCallback (/home/runner/work/cis-scheduler-team-4/cis-scheduler-team-4/node_modules/react-dom/cjs/react-dom.development.js:4056:31)
          at beginWork$1 (/home/runner/work/cis-scheduler-team-4/cis-scheduler-team-4/node_modules/react-dom/cjs/react-dom.development.js:23964:7)
          at performUnitOfWork (/home/runner/work/cis-scheduler-team-4/cis-scheduler-team-4/node_modules/react-dom/cjs/react-dom.development.js:22779:12)
          at workLoopSync (/home/runner/work/cis-scheduler-team-4/cis-scheduler-team-4/node_modules/react-dom/cjs/react-dom.development.js:22707:5)
          at renderRootSync (/home/runner/work/cis-scheduler-team-4/cis-scheduler-team-4/node_modules/react-dom/cjs/react-dom.development.js:22670:7)
          at performSyncWorkOnRoot (/home/runner/work/cis-scheduler-team-4/cis-scheduler-team-4/node_modules/react-dom/cjs/react-dom.development.js:22293:18)
          at scheduleUpdateOnFiber (/home/runner/work/cis-scheduler-team-4/cis-scheduler-team-4/node_modules/react-dom/cjs/react-dom.development.js:21881:7)
          at updateContainer (/home/runner/work/cis-scheduler-team-4/cis-scheduler-team-4/node_modules/react-dom/cjs/react-dom.development.js:25482:3)
          at /home/runner/work/cis-scheduler-team-4/cis-scheduler-team-4/node_modules/react-dom/cjs/react-dom.development.js:26021:7
          at unbatchedUpdates (/home/runner/work/cis-scheduler-team-4/cis-scheduler-team-4/node_modules/react-dom/cjs/react-dom.development.js:22431:12)
          at legacyRenderSubtreeIntoContainer (/home/runner/work/cis-scheduler-team-4/cis-scheduler-team-4/node_modules/react-dom/cjs/react-dom.development.js:26020:5)
          at Object.render (/home/runner/work/cis-scheduler-team-4/cis-scheduler-team-4/node_modules/react-dom/cjs/react-dom.development.js:26103:10)
          at /home/runner/work/cis-scheduler-team-4/cis-scheduler-team-4/node_modules/@testing-library/react/dist/pure.js:101:25
          at batchedUpdates$1 (/home/runner/work/cis-scheduler-team-4/cis-scheduler-team-4/node_modules/react-dom/cjs/react-dom.development.js:22380:12)
          at act (/home/runner/work/cis-scheduler-team-4/cis-scheduler-team-4/node_modules/react-dom/cjs/react-dom-test-utils.development.js:1042:14)
          at render (/home/runner/work/cis-scheduler-team-4/cis-scheduler-team-4/node_modules/@testing-library/react/dist/pure.js:97:26)
          at Object.<anonymous> (/home/runner/work/cis-scheduler-team-4/cis-scheduler-team-4/src/test/SemesterView.test.tsx:50:9)
          at Promise.then.completed (/home/runner/work/cis-scheduler-team-4/cis-scheduler-team-4/node_modules/jest-circus/build/utils.js:391:28)
          at new Promise (<anonymous>)
          at callAsyncCircusFn (/home/runner/work/cis-scheduler-team-4/cis-scheduler-team-4/node_modules/jest-circus/build/utils.js:316:10)
          at _callCircusHook (/home/runner/work/cis-scheduler-team-4/cis-scheduler-team-4/node_modules/jest-circus/build/run.js:181:40)
          at _runTest (/home/runner/work/cis-scheduler-team-4/cis-scheduler-team-4/node_modules/jest-circus/build/run.js:148:5)
          at _runTestsForDescribeBlock (/home/runner/work/cis-scheduler-team-4/cis-scheduler-team-4/node_modules/jest-circus/build/run.js:66:9)
          at _runTestsForDescribeBlock (/home/runner/work/cis-scheduler-team-4/cis-scheduler-team-4/node_modules/jest-circus/build/run.js:60:9)
          at run (/home/runner/work/cis-scheduler-team-4/cis-scheduler-team-4/node_modules/jest-circus/build/run.js:25:3)
          at runAndTransformResultsToJestFormat (/home/runner/work/cis-scheduler-team-4/cis-scheduler-team-4/node_modules/jest-circus/build/legacy-code-todo-rewrite/jestAdapterInit.js:170:21)
          at jestAdapter (/home/runner/work/cis-scheduler-team-4/cis-scheduler-team-4/node_modules/jest-circus/build/legacy-code-todo-rewrite/jestAdapter.js:82:19)
          at runTestInternal (/home/runner/work/cis-scheduler-team-4/cis-scheduler-team-4/node_modules/jest-runner/build/runTest.js:389:16)
          at runTest (/home/runner/work/cis-scheduler-team-4/cis-scheduler-team-4/node_modules/jest-runner/build/runTest.js:475:34)

      at VirtualConsole.<anonymous> (node_modules/jsdom/lib/jsdom/virtual-console.js:29:45)
      at reportException (node_modules/jsdom/lib/jsdom/living/helpers/runtime-script-errors.js:70:28)
      at innerInvokeEventListeners (node_modules/jsdom/lib/jsdom/living/events/EventTarget-impl.js:341:9)
      at invokeEventListeners (node_modules/jsdom/lib/jsdom/living/events/EventTarget-impl.js:274:3)
      at HTMLUnknownElementImpl._dispatch (node_modules/jsdom/lib/jsdom/living/events/EventTarget-impl.js:221:9)
      at HTMLUnknownElementImpl.dispatchEvent (node_modules/jsdom/lib/jsdom/living/events/EventTarget-impl.js:94:17)
      at HTMLUnknownElement.dispatchEvent (node_modules/jsdom/lib/jsdom/living/generated/EventTarget.js:231:34)

    console.error
      The above error occurred in the <App> component:
      
          at App (/home/runner/work/cis-scheduler-team-4/cis-scheduler-team-4/src/App.tsx:109:51)
      
      Consider adding an error boundary to your tree to customize error handling behavior.
      Visit https://reactjs.org/link/error-boundaries to learn more about error boundaries.

      at logCapturedError (node_modules/react-dom/cjs/react-dom.development.js:20085:23)
      at update.callback (node_modules/react-dom/cjs/react-dom.development.js:20118:5)
      at callCallback (node_modules/react-dom/cjs/react-dom.development.js:12318:12)
      at commitUpdateQueue (node_modules/react-dom/cjs/react-dom.development.js:12339:9)
      at commitLifeCycles (node_modules/react-dom/cjs/react-dom.development.js:20736:11)
      at commitLayoutEffects (node_modules/react-dom/cjs/react-dom.development.js:23426:7)
      at HTMLUnknownElement.callCallback (node_modules/react-dom/cjs/react-dom.development.js:3945:14)
      at HTMLUnknownElement.callTheUserObjectsOperation (node_modules/jsdom/lib/jsdom/living/generated/EventListener.js:26:30)

    console.error
      Error: Uncaught [Error: useLocation() may be used only in the context of a <Router> component.]
          at reportException (/home/runner/work/cis-scheduler-team-4/cis-scheduler-team-4/node_modules/jsdom/lib/jsdom/living/helpers/runtime-script-errors.js:66:24)
          at innerInvokeEventListeners (/home/runner/work/cis-scheduler-team-4/cis-scheduler-team-4/node_modules/jsdom/lib/jsdom/living/events/EventTarget-impl.js:341:9)
          at invokeEventListeners (/home/runner/work/cis-scheduler-team-4/cis-scheduler-team-4/node_modules/jsdom/lib/jsdom/living/events/EventTarget-impl.js:274:3)
          at HTMLUnknownElementImpl._dispatch (/home/runner/work/cis-scheduler-team-4/cis-scheduler-team-4/node_modules/jsdom/lib/jsdom/living/events/EventTarget-impl.js:221:9)
          at HTMLUnknownElementImpl.dispatchEvent (/home/runner/work/cis-scheduler-team-4/cis-scheduler-team-4/node_modules/jsdom/lib/jsdom/living/events/EventTarget-impl.js:94:17)
          at HTMLUnknownElement.dispatchEvent (/home/runner/work/cis-scheduler-team-4/cis-scheduler-team-4/node_modules/jsdom/lib/jsdom/living/generated/EventTarget.js:231:34)
          at Object.invokeGuardedCallbackDev (/home/runner/work/cis-scheduler-team-4/cis-scheduler-team-4/node_modules/react-dom/cjs/react-dom.development.js:3994:16)
          at invokeGuardedCallback (/home/runner/work/cis-scheduler-team-4/cis-scheduler-team-4/node_modules/react-dom/cjs/react-dom.development.js:4056:31)
          at beginWork$1 (/home/runner/work/cis-scheduler-team-4/cis-scheduler-team-4/node_modules/react-dom/cjs/react-dom.development.js:23964:7)
          at performUnitOfWork (/home/runner/work/cis-scheduler-team-4/cis-scheduler-team-4/node_modules/react-dom/cjs/react-dom.development.js:22779:12) Error: useLocation() may be used only in the context of a <Router> component.
          at invariant (/home/runner/work/cis-scheduler-team-4/packages/react-router/lib/router.ts:5:20)
          at useLocation (/home/runner/work/cis-scheduler-team-4/packages/react-router/lib/hooks.tsx:75:3)
          at App (/home/runner/work/cis-scheduler-team-4/cis-scheduler-team-4/src/App.tsx:164:22)
          at renderWithHooks (/home/runner/work/cis-scheduler-team-4/cis-scheduler-team-4/node_modules/react-dom/cjs/react-dom.development.js:14985:18)
          at mountIndeterminateComponent (/home/runner/work/cis-scheduler-team-4/cis-scheduler-team-4/node_modules/react-dom/cjs/react-dom.development.js:17811:13)
          at beginWork (/home/runner/work/cis-scheduler-team-4/cis-scheduler-team-4/node_modules/react-dom/cjs/react-dom.development.js:19049:16)
          at HTMLUnknownElement.callCallback (/home/runner/work/cis-scheduler-team-4/cis-scheduler-team-4/node_modules/react-dom/cjs/react-dom.development.js:3945:14)
          at HTMLUnknownElement.callTheUserObjectsOperation (/home/runner/work/cis-scheduler-team-4/cis-scheduler-team-4/node_modules/jsdom/lib/jsdom/living/generated/EventListener.js:26:30)
          at innerInvokeEventListeners (/home/runner/work/cis-scheduler-team-4/cis-scheduler-team-4/node_modules/jsdom/lib/jsdom/living/events/EventTarget-impl.js:338:25)
          at invokeEventListeners (/home/runner/work/cis-scheduler-team-4/cis-scheduler-team-4/node_modules/jsdom/lib/jsdom/living/events/EventTarget-impl.js:274:3)
          at HTMLUnknownElementImpl._dispatch (/home/runner/work/cis-scheduler-team-4/cis-scheduler-team-4/node_modules/jsdom/lib/jsdom/living/events/EventTarget-impl.js:221:9)
          at HTMLUnknownElementImpl.dispatchEvent (/home/runner/work/cis-scheduler-team-4/cis-scheduler-team-4/node_modules/jsdom/lib/jsdom/living/events/EventTarget-impl.js:94:17)
          at HTMLUnknownElement.dispatchEvent (/home/runner/work/cis-scheduler-team-4/cis-scheduler-team-4/node_modules/jsdom/lib/jsdom/living/generated/EventTarget.js:231:34)
          at Object.invokeGuardedCallbackDev (/home/runner/work/cis-scheduler-team-4/cis-scheduler-team-4/node_modules/react-dom/cjs/react-dom.development.js:3994:16)
          at invokeGuardedCallback (/home/runner/work/cis-scheduler-team-4/cis-scheduler-team-4/node_modules/react-dom/cjs/react-dom.development.js:4056:31)
          at beginWork$1 (/home/runner/work/cis-scheduler-team-4/cis-scheduler-team-4/node_modules/react-dom/cjs/react-dom.development.js:23964:7)
          at performUnitOfWork (/home/runner/work/cis-scheduler-team-4/cis-scheduler-team-4/node_modules/react-dom/cjs/react-dom.development.js:22779:12)
          at workLoopSync (/home/runner/work/cis-scheduler-team-4/cis-scheduler-team-4/node_modules/react-dom/cjs/react-dom.development.js:22707:5)
          at renderRootSync (/home/runner/work/cis-scheduler-team-4/cis-scheduler-team-4/node_modules/react-dom/cjs/react-dom.development.js:22670:7)
          at performSyncWorkOnRoot (/home/runner/work/cis-scheduler-team-4/cis-scheduler-team-4/node_modules/react-dom/cjs/react-dom.development.js:22293:18)
          at scheduleUpdateOnFiber (/home/runner/work/cis-scheduler-team-4/cis-scheduler-team-4/node_modules/react-dom/cjs/react-dom.development.js:21881:7)
          at updateContainer (/home/runner/work/cis-scheduler-team-4/cis-scheduler-team-4/node_modules/react-dom/cjs/react-dom.development.js:25482:3)
          at /home/runner/work/cis-scheduler-team-4/cis-scheduler-team-4/node_modules/react-dom/cjs/react-dom.development.js:26021:7
          at unbatchedUpdates (/home/runner/work/cis-scheduler-team-4/cis-scheduler-team-4/node_modules/react-dom/cjs/react-dom.development.js:22431:12)
          at legacyRenderSubtreeIntoContainer (/home/runner/work/cis-scheduler-team-4/cis-scheduler-team-4/node_modules/react-dom/cjs/react-dom.development.js:26020:5)
          at Object.render (/home/runner/work/cis-scheduler-team-4/cis-scheduler-team-4/node_modules/react-dom/cjs/react-dom.development.js:26103:10)
          at /home/runner/work/cis-scheduler-team-4/cis-scheduler-team-4/node_modules/@testing-library/react/dist/pure.js:101:25
          at batchedUpdates$1 (/home/runner/work/cis-scheduler-team-4/cis-scheduler-team-4/node_modules/react-dom/cjs/react-dom.development.js:22380:12)
          at act (/home/runner/work/cis-scheduler-team-4/cis-scheduler-team-4/node_modules/react-dom/cjs/react-dom-test-utils.development.js:1042:14)
          at render (/home/runner/work/cis-scheduler-team-4/cis-scheduler-team-4/node_modules/@testing-library/react/dist/pure.js:97:26)
          at Object.<anonymous> (/home/runner/work/cis-scheduler-team-4/cis-scheduler-team-4/src/test/SemesterView.test.tsx:80:9)
          at Promise.then.completed (/home/runner/work/cis-scheduler-team-4/cis-scheduler-team-4/node_modules/jest-circus/build/utils.js:391:28)
          at new Promise (<anonymous>)
          at callAsyncCircusFn (/home/runner/work/cis-scheduler-team-4/cis-scheduler-team-4/node_modules/jest-circus/build/utils.js:316:10)
          at _callCircusHook (/home/runner/work/cis-scheduler-team-4/cis-scheduler-team-4/node_modules/jest-circus/build/run.js:181:40)
          at _runTest (/home/runner/work/cis-scheduler-team-4/cis-scheduler-team-4/node_modules/jest-circus/build/run.js:148:5)
          at _runTestsForDescribeBlock (/home/runner/work/cis-scheduler-team-4/cis-scheduler-team-4/node_modules/jest-circus/build/run.js:66:9)
          at _runTestsForDescribeBlock (/home/runner/work/cis-scheduler-team-4/cis-scheduler-team-4/node_modules/jest-circus/build/run.js:60:9)
          at run (/home/runner/work/cis-scheduler-team-4/cis-scheduler-team-4/node_modules/jest-circus/build/run.js:25:3)
          at runAndTransformResultsToJestFormat (/home/runner/work/cis-scheduler-team-4/cis-scheduler-team-4/node_modules/jest-circus/build/legacy-code-todo-rewrite/jestAdapterInit.js:170:21)
          at jestAdapter (/home/runner/work/cis-scheduler-team-4/cis-scheduler-team-4/node_modules/jest-circus/build/legacy-code-todo-rewrite/jestAdapter.js:82:19)
          at runTestInternal (/home/runner/work/cis-scheduler-team-4/cis-scheduler-team-4/node_modules/jest-runner/build/runTest.js:389:16)
          at runTest (/home/runner/work/cis-scheduler-team-4/cis-scheduler-team-4/node_modules/jest-runner/build/runTest.js:475:34)

      at VirtualConsole.<anonymous> (node_modules/jsdom/lib/jsdom/virtual-console.js:29:45)
      at reportException (node_modules/jsdom/lib/jsdom/living/helpers/runtime-script-errors.js:70:28)
      at innerInvokeEventListeners (node_modules/jsdom/lib/jsdom/living/events/EventTarget-impl.js:341:9)
      at invokeEventListeners (node_modules/jsdom/lib/jsdom/living/events/EventTarget-impl.js:274:3)
      at HTMLUnknownElementImpl._dispatch (node_modules/jsdom/lib/jsdom/living/events/EventTarget-impl.js:221:9)
      at HTMLUnknownElementImpl.dispatchEvent (node_modules/jsdom/lib/jsdom/living/events/EventTarget-impl.js:94:17)
      at HTMLUnknownElement.dispatchEvent (node_modules/jsdom/lib/jsdom/living/generated/EventTarget.js:231:34)

    console.error
      The above error occurred in the <App> component:
      
          at App (/home/runner/work/cis-scheduler-team-4/cis-scheduler-team-4/src/App.tsx:109:51)
      
      Consider adding an error boundary to your tree to customize error handling behavior.
      Visit https://reactjs.org/link/error-boundaries to learn more about error boundaries.

      at logCapturedError (node_modules/react-dom/cjs/react-dom.development.js:20085:23)
      at update.callback (node_modules/react-dom/cjs/react-dom.development.js:20118:5)
      at callCallback (node_modules/react-dom/cjs/react-dom.development.js:12318:12)
      at commitUpdateQueue (node_modules/react-dom/cjs/react-dom.development.js:12339:9)
      at commitLifeCycles (node_modules/react-dom/cjs/react-dom.development.js:20736:11)
      at commitLayoutEffects (node_modules/react-dom/cjs/react-dom.development.js:23426:7)
      at HTMLUnknownElement.callCallback (node_modules/react-dom/cjs/react-dom.development.js:3945:14)
      at HTMLUnknownElement.callTheUserObjectsOperation (node_modules/jsdom/lib/jsdom/living/generated/EventListener.js:26:30)

  ● User should be able to delete semesters › You can delete a semester

    useLocation() may be used only in the context of a <Router> component.

      at invariant (../packages/react-router/lib/router.ts:5:20)
      at useLocation (../packages/react-router/lib/hooks.tsx:75:3)
      at App (src/App.tsx:164:22)
      at renderWithHooks (node_modules/react-dom/cjs/react-dom.development.js:14985:18)
      at mountIndeterminateComponent (node_modules/react-dom/cjs/react-dom.development.js:17811:13)
      at beginWork (node_modules/react-dom/cjs/react-dom.development.js:19049:16)
      at HTMLUnknownElement.callCallback (node_modules/react-dom/cjs/react-dom.development.js:3945:14)
      at HTMLUnknownElement.callTheUserObjectsOperation (node_modules/jsdom/lib/jsdom/living/generated/EventListener.js:26:30)
      at innerInvokeEventListeners (node_modules/jsdom/lib/jsdom/living/events/EventTarget-impl.js:338:25)
      at invokeEventListeners (node_modules/jsdom/lib/jsdom/living/events/EventTarget-impl.js:274:3)
      at HTMLUnknownElementImpl._dispatch (node_modules/jsdom/lib/jsdom/living/events/EventTarget-impl.js:221:9)
      at HTMLUnknownElementImpl.dispatchEvent (node_modules/jsdom/lib/jsdom/living/events/EventTarget-impl.js:94:17)
      at HTMLUnknownElement.dispatchEvent (node_modules/jsdom/lib/jsdom/living/generated/EventTarget.js:231:34)
      at Object.invokeGuardedCallbackDev (node_modules/react-dom/cjs/react-dom.development.js:3994:16)
      at invokeGuardedCallback (node_modules/react-dom/cjs/react-dom.development.js:4056:31)
      at beginWork$1 (node_modules/react-dom/cjs/react-dom.development.js:23964:7)
      at performUnitOfWork (node_modules/react-dom/cjs/react-dom.development.js:22779:12)
      at workLoopSync (node_modules/react-dom/cjs/react-dom.development.js:22707:5)
      at renderRootSync (node_modules/react-dom/cjs/react-dom.development.js:22670:7)
      at performSyncWorkOnRoot (node_modules/react-dom/cjs/react-dom.development.js:22293:18)
      at scheduleUpdateOnFiber (node_modules/react-dom/cjs/react-dom.development.js:21881:7)
      at updateContainer (node_modules/react-dom/cjs/react-dom.development.js:25482:3)
      at node_modules/react-dom/cjs/react-dom.development.js:26021:7
      at unbatchedUpdates (node_modules/react-dom/cjs/react-dom.development.js:22431:12)
      at legacyRenderSubtreeIntoContainer (node_modules/react-dom/cjs/react-dom.development.js:26020:5)
      at Object.render (node_modules/react-dom/cjs/react-dom.development.js:26103:10)
      at node_modules/@testing-library/react/dist/pure.js:101:25
      at batchedUpdates$1 (node_modules/react-dom/cjs/react-dom.development.js:22380:12)
      at act (node_modules/react-dom/cjs/react-dom-test-utils.development.js:1042:14)
      at render (node_modules/@testing-library/react/dist/pure.js:97:26)
      at Object.<anonymous> (src/test/SemesterView.test.tsx:19:9)

  ● User should be able to clear all courses from a semester › You can clear all courses in a semester

    useLocation() may be used only in the context of a <Router> component.

      at invariant (../packages/react-router/lib/router.ts:5:20)
      at useLocation (../packages/react-router/lib/hooks.tsx:75:3)
      at App (src/App.tsx:164:22)
      at renderWithHooks (node_modules/react-dom/cjs/react-dom.development.js:14985:18)
      at mountIndeterminateComponent (node_modules/react-dom/cjs/react-dom.development.js:17811:13)
      at beginWork (node_modules/react-dom/cjs/react-dom.development.js:19049:16)
      at HTMLUnknownElement.callCallback (node_modules/react-dom/cjs/react-dom.development.js:3945:14)
      at HTMLUnknownElement.callTheUserObjectsOperation (node_modules/jsdom/lib/jsdom/living/generated/EventListener.js:26:30)
      at innerInvokeEventListeners (node_modules/jsdom/lib/jsdom/living/events/EventTarget-impl.js:338:25)
      at invokeEventListeners (node_modules/jsdom/lib/jsdom/living/events/EventTarget-impl.js:274:3)
      at HTMLUnknownElementImpl._dispatch (node_modules/jsdom/lib/jsdom/living/events/EventTarget-impl.js:221:9)
      at HTMLUnknownElementImpl.dispatchEvent (node_modules/jsdom/lib/jsdom/living/events/EventTarget-impl.js:94:17)
      at HTMLUnknownElement.dispatchEvent (node_modules/jsdom/lib/jsdom/living/generated/EventTarget.js:231:34)
      at Object.invokeGuardedCallbackDev (node_modules/react-dom/cjs/react-dom.development.js:3994:16)
      at invokeGuardedCallback (node_modules/react-dom/cjs/react-dom.development.js:4056:31)
      at beginWork$1 (node_modules/react-dom/cjs/react-dom.development.js:23964:7)
      at performUnitOfWork (node_modules/react-dom/cjs/react-dom.development.js:22779:12)
      at workLoopSync (node_modules/react-dom/cjs/react-dom.development.js:22707:5)
      at renderRootSync (node_modules/react-dom/cjs/react-dom.development.js:22670:7)
      at performSyncWorkOnRoot (node_modules/react-dom/cjs/react-dom.development.js:22293:18)
      at scheduleUpdateOnFiber (node_modules/react-dom/cjs/react-dom.development.js:21881:7)
      at updateContainer (node_modules/react-dom/cjs/react-dom.development.js:25482:3)
      at node_modules/react-dom/cjs/react-dom.development.js:26021:7
      at unbatchedUpdates (node_modules/react-dom/cjs/react-dom.development.js:22431:12)
      at legacyRenderSubtreeIntoContainer (node_modules/react-dom/cjs/react-dom.development.js:26020:5)
      at Object.render (node_modules/react-dom/cjs/react-dom.development.js:26103:10)
      at node_modules/@testing-library/react/dist/pure.js:101:25
      at batchedUpdates$1 (node_modules/react-dom/cjs/react-dom.development.js:22380:12)
      at act (node_modules/react-dom/cjs/react-dom-test-utils.development.js:1042:14)
      at render (node_modules/@testing-library/react/dist/pure.js:97:26)
      at Object.<anonymous> (src/test/SemesterView.test.tsx:50:9)

  ● User should be able to add a course to a semester › You can add a course to semester

    useLocation() may be used only in the context of a <Router> component.

      at invariant (../packages/react-router/lib/router.ts:5:20)
      at useLocation (../packages/react-router/lib/hooks.tsx:75:3)
      at App (src/App.tsx:164:22)
      at renderWithHooks (node_modules/react-dom/cjs/react-dom.development.js:14985:18)
      at mountIndeterminateComponent (node_modules/react-dom/cjs/react-dom.development.js:17811:13)
      at beginWork (node_modules/react-dom/cjs/react-dom.development.js:19049:16)
      at HTMLUnknownElement.callCallback (node_modules/react-dom/cjs/react-dom.development.js:3945:14)
      at HTMLUnknownElement.callTheUserObjectsOperation (node_modules/jsdom/lib/jsdom/living/generated/EventListener.js:26:30)
      at innerInvokeEventListeners (node_modules/jsdom/lib/jsdom/living/events/EventTarget-impl.js:338:25)
      at invokeEventListeners (node_modules/jsdom/lib/jsdom/living/events/EventTarget-impl.js:274:3)
      at HTMLUnknownElementImpl._dispatch (node_modules/jsdom/lib/jsdom/living/events/EventTarget-impl.js:221:9)
      at HTMLUnknownElementImpl.dispatchEvent (node_modules/jsdom/lib/jsdom/living/events/EventTarget-impl.js:94:17)
      at HTMLUnknownElement.dispatchEvent (node_modules/jsdom/lib/jsdom/living/generated/EventTarget.js:231:34)
      at Object.invokeGuardedCallbackDev (node_modules/react-dom/cjs/react-dom.development.js:3994:16)
      at invokeGuardedCallback (node_modules/react-dom/cjs/react-dom.development.js:4056:31)
      at beginWork$1 (node_modules/react-dom/cjs/react-dom.development.js:23964:7)
      at performUnitOfWork (node_modules/react-dom/cjs/react-dom.development.js:22779:12)
      at workLoopSync (node_modules/react-dom/cjs/react-dom.development.js:22707:5)
      at renderRootSync (node_modules/react-dom/cjs/react-dom.development.js:22670:7)
      at performSyncWorkOnRoot (node_modules/react-dom/cjs/react-dom.development.js:22293:18)
      at scheduleUpdateOnFiber (node_modules/react-dom/cjs/react-dom.development.js:21881:7)
      at updateContainer (node_modules/react-dom/cjs/react-dom.development.js:25482:3)
      at node_modules/react-dom/cjs/react-dom.development.js:26021:7
      at unbatchedUpdates (node_modules/react-dom/cjs/react-dom.development.js:22431:12)
      at legacyRenderSubtreeIntoContainer (node_modules/react-dom/cjs/react-dom.development.js:26020:5)
      at Object.render (node_modules/react-dom/cjs/react-dom.development.js:26103:10)
      at node_modules/@testing-library/react/dist/pure.js:101:25
      at batchedUpdates$1 (node_modules/react-dom/cjs/react-dom.development.js:22380:12)
      at act (node_modules/react-dom/cjs/react-dom-test-utils.development.js:1042:14)
      at render (node_modules/@testing-library/react/dist/pure.js:97:26)
      at Object.<anonymous> (src/test/SemesterView.test.tsx:80:9)

FAIL src/test/PlanView.test.tsx
  ● Console

    console.error
      Error: Uncaught [Error: useLocation() may be used only in the context of a <Router> component.]
          at reportException (/home/runner/work/cis-scheduler-team-4/cis-scheduler-team-4/node_modules/jsdom/lib/jsdom/living/helpers/runtime-script-errors.js:66:24)
          at innerInvokeEventListeners (/home/runner/work/cis-scheduler-team-4/cis-scheduler-team-4/node_modules/jsdom/lib/jsdom/living/events/EventTarget-impl.js:341:9)
          at invokeEventListeners (/home/runner/work/cis-scheduler-team-4/cis-scheduler-team-4/node_modules/jsdom/lib/jsdom/living/events/EventTarget-impl.js:274:3)
          at HTMLUnknownElementImpl._dispatch (/home/runner/work/cis-scheduler-team-4/cis-scheduler-team-4/node_modules/jsdom/lib/jsdom/living/events/EventTarget-impl.js:221:9)
          at HTMLUnknownElementImpl.dispatchEvent (/home/runner/work/cis-scheduler-team-4/cis-scheduler-team-4/node_modules/jsdom/lib/jsdom/living/events/EventTarget-impl.js:94:17)
          at HTMLUnknownElement.dispatchEvent (/home/runner/work/cis-scheduler-team-4/cis-scheduler-team-4/node_modules/jsdom/lib/jsdom/living/generated/EventTarget.js:231:34)
          at Object.invokeGuardedCallbackDev (/home/runner/work/cis-scheduler-team-4/cis-scheduler-team-4/node_modules/react-dom/cjs/react-dom.development.js:3994:16)
          at invokeGuardedCallback (/home/runner/work/cis-scheduler-team-4/cis-scheduler-team-4/node_modules/react-dom/cjs/react-dom.development.js:4056:31)
          at beginWork$1 (/home/runner/work/cis-scheduler-team-4/cis-scheduler-team-4/node_modules/react-dom/cjs/react-dom.development.js:23964:7)
          at performUnitOfWork (/home/runner/work/cis-scheduler-team-4/cis-scheduler-team-4/node_modules/react-dom/cjs/react-dom.development.js:22779:12) Error: useLocation() may be used only in the context of a <Router> component.
          at invariant (/home/runner/work/cis-scheduler-team-4/packages/react-router/lib/router.ts:5:20)
          at useLocation (/home/runner/work/cis-scheduler-team-4/packages/react-router/lib/hooks.tsx:75:3)
          at App (/home/runner/work/cis-scheduler-team-4/cis-scheduler-team-4/src/App.tsx:164:22)
          at renderWithHooks (/home/runner/work/cis-scheduler-team-4/cis-scheduler-team-4/node_modules/react-dom/cjs/react-dom.development.js:14985:18)
          at mountIndeterminateComponent (/home/runner/work/cis-scheduler-team-4/cis-scheduler-team-4/node_modules/react-dom/cjs/react-dom.development.js:17811:13)
          at beginWork (/home/runner/work/cis-scheduler-team-4/cis-scheduler-team-4/node_modules/react-dom/cjs/react-dom.development.js:19049:16)
          at HTMLUnknownElement.callCallback (/home/runner/work/cis-scheduler-team-4/cis-scheduler-team-4/node_modules/react-dom/cjs/react-dom.development.js:3945:14)
          at HTMLUnknownElement.callTheUserObjectsOperation (/home/runner/work/cis-scheduler-team-4/cis-scheduler-team-4/node_modules/jsdom/lib/jsdom/living/generated/EventListener.js:26:30)
          at innerInvokeEventListeners (/home/runner/work/cis-scheduler-team-4/cis-scheduler-team-4/node_modules/jsdom/lib/jsdom/living/events/EventTarget-impl.js:338:25)
          at invokeEventListeners (/home/runner/work/cis-scheduler-team-4/cis-scheduler-team-4/node_modules/jsdom/lib/jsdom/living/events/EventTarget-impl.js:274:3)
          at HTMLUnknownElementImpl._dispatch (/home/runner/work/cis-scheduler-team-4/cis-scheduler-team-4/node_modules/jsdom/lib/jsdom/living/events/EventTarget-impl.js:221:9)
          at HTMLUnknownElementImpl.dispatchEvent (/home/runner/work/cis-scheduler-team-4/cis-scheduler-team-4/node_modules/jsdom/lib/jsdom/living/events/EventTarget-impl.js:94:17)
          at HTMLUnknownElement.dispatchEvent (/home/runner/work/cis-scheduler-team-4/cis-scheduler-team-4/node_modules/jsdom/lib/jsdom/living/generated/EventTarget.js:231:34)
          at Object.invokeGuardedCallbackDev (/home/runner/work/cis-scheduler-team-4/cis-scheduler-team-4/node_modules/react-dom/cjs/react-dom.development.js:3994:16)
          at invokeGuardedCallback (/home/runner/work/cis-scheduler-team-4/cis-scheduler-team-4/node_modules/react-dom/cjs/react-dom.development.js:4056:31)
          at beginWork$1 (/home/runner/work/cis-scheduler-team-4/cis-scheduler-team-4/node_modules/react-dom/cjs/react-dom.development.js:23964:7)
          at performUnitOfWork (/home/runner/work/cis-scheduler-team-4/cis-scheduler-team-4/node_modules/react-dom/cjs/react-dom.development.js:22779:12)
          at workLoopSync (/home/runner/work/cis-scheduler-team-4/cis-scheduler-team-4/node_modules/react-dom/cjs/react-dom.development.js:22707:5)
          at renderRootSync (/home/runner/work/cis-scheduler-team-4/cis-scheduler-team-4/node_modules/react-dom/cjs/react-dom.development.js:22670:7)
          at performSyncWorkOnRoot (/home/runner/work/cis-scheduler-team-4/cis-scheduler-team-4/node_modules/react-dom/cjs/react-dom.development.js:22293:18)
          at scheduleUpdateOnFiber (/home/runner/work/cis-scheduler-team-4/cis-scheduler-team-4/node_modules/react-dom/cjs/react-dom.development.js:21881:7)
          at updateContainer (/home/runner/work/cis-scheduler-team-4/cis-scheduler-team-4/node_modules/react-dom/cjs/react-dom.development.js:25482:3)
          at /home/runner/work/cis-scheduler-team-4/cis-scheduler-team-4/node_modules/react-dom/cjs/react-dom.development.js:26021:7
          at unbatchedUpdates (/home/runner/work/cis-scheduler-team-4/cis-scheduler-team-4/node_modules/react-dom/cjs/react-dom.development.js:22431:12)
          at legacyRenderSubtreeIntoContainer (/home/runner/work/cis-scheduler-team-4/cis-scheduler-team-4/node_modules/react-dom/cjs/react-dom.development.js:26020:5)
          at Object.render (/home/runner/work/cis-scheduler-team-4/cis-scheduler-team-4/node_modules/react-dom/cjs/react-dom.development.js:26103:10)
          at /home/runner/work/cis-scheduler-team-4/cis-scheduler-team-4/node_modules/@testing-library/react/dist/pure.js:101:25
          at batchedUpdates$1 (/home/runner/work/cis-scheduler-team-4/cis-scheduler-team-4/node_modules/react-dom/cjs/react-dom.development.js:22380:12)
          at act (/home/runner/work/cis-scheduler-team-4/cis-scheduler-team-4/node_modules/react-dom/cjs/react-dom-test-utils.development.js:1042:14)
          at render (/home/runner/work/cis-scheduler-team-4/cis-scheduler-team-4/node_modules/@testing-library/react/dist/pure.js:97:26)
          at Object.<anonymous> (/home/runner/work/cis-scheduler-team-4/cis-scheduler-team-4/src/test/PlanView.test.tsx:19:9)
          at Promise.then.completed (/home/runner/work/cis-scheduler-team-4/cis-scheduler-team-4/node_modules/jest-circus/build/utils.js:391:28)
          at new Promise (<anonymous>)
          at callAsyncCircusFn (/home/runner/work/cis-scheduler-team-4/cis-scheduler-team-4/node_modules/jest-circus/build/utils.js:316:10)
          at _callCircusHook (/home/runner/work/cis-scheduler-team-4/cis-scheduler-team-4/node_modules/jest-circus/build/run.js:181:40)
          at _runTest (/home/runner/work/cis-scheduler-team-4/cis-scheduler-team-4/node_modules/jest-circus/build/run.js:148:5)
          at _runTestsForDescribeBlock (/home/runner/work/cis-scheduler-team-4/cis-scheduler-team-4/node_modules/jest-circus/build/run.js:66:9)
          at _runTestsForDescribeBlock (/home/runner/work/cis-scheduler-team-4/cis-scheduler-team-4/node_modules/jest-circus/build/run.js:60:9)
          at run (/home/runner/work/cis-scheduler-team-4/cis-scheduler-team-4/node_modules/jest-circus/build/run.js:25:3)
          at runAndTransformResultsToJestFormat (/home/runner/work/cis-scheduler-team-4/cis-scheduler-team-4/node_modules/jest-circus/build/legacy-code-todo-rewrite/jestAdapterInit.js:170:21)
          at jestAdapter (/home/runner/work/cis-scheduler-team-4/cis-scheduler-team-4/node_modules/jest-circus/build/legacy-code-todo-rewrite/jestAdapter.js:82:19)
          at runTestInternal (/home/runner/work/cis-scheduler-team-4/cis-scheduler-team-4/node_modules/jest-runner/build/runTest.js:389:16)
          at runTest (/home/runner/work/cis-scheduler-team-4/cis-scheduler-team-4/node_modules/jest-runner/build/runTest.js:475:34)

      at VirtualConsole.<anonymous> (node_modules/jsdom/lib/jsdom/virtual-console.js:29:45)
      at reportException (node_modules/jsdom/lib/jsdom/living/helpers/runtime-script-errors.js:70:28)
      at innerInvokeEventListeners (node_modules/jsdom/lib/jsdom/living/events/EventTarget-impl.js:341:9)
      at invokeEventListeners (node_modules/jsdom/lib/jsdom/living/events/EventTarget-impl.js:274:3)
      at HTMLUnknownElementImpl._dispatch (node_modules/jsdom/lib/jsdom/living/events/EventTarget-impl.js:221:9)
      at HTMLUnknownElementImpl.dispatchEvent (node_modules/jsdom/lib/jsdom/living/events/EventTarget-impl.js:94:17)
      at HTMLUnknownElement.dispatchEvent (node_modules/jsdom/lib/jsdom/living/generated/EventTarget.js:231:34)

    console.error
      The above error occurred in the <App> component:
      
          at App (/home/runner/work/cis-scheduler-team-4/cis-scheduler-team-4/src/App.tsx:109:51)
      
      Consider adding an error boundary to your tree to customize error handling behavior.
      Visit https://reactjs.org/link/error-boundaries to learn more about error boundaries.

      at logCapturedError (node_modules/react-dom/cjs/react-dom.development.js:20085:23)
      at update.callback (node_modules/react-dom/cjs/react-dom.development.js:20118:5)
      at callCallback (node_modules/react-dom/cjs/react-dom.development.js:12318:12)
      at commitUpdateQueue (node_modules/react-dom/cjs/react-dom.development.js:12339:9)
      at commitLifeCycles (node_modules/react-dom/cjs/react-dom.development.js:20736:11)
      at commitLayoutEffects (node_modules/react-dom/cjs/react-dom.development.js:23426:7)
      at HTMLUnknownElement.callCallback (node_modules/react-dom/cjs/react-dom.development.js:3945:14)
      at HTMLUnknownElement.callTheUserObjectsOperation (node_modules/jsdom/lib/jsdom/living/generated/EventListener.js:26:30)

    console.error
      Error: Uncaught [Error: useLocation() may be used only in the context of a <Router> component.]
          at reportException (/home/runner/work/cis-scheduler-team-4/cis-scheduler-team-4/node_modules/jsdom/lib/jsdom/living/helpers/runtime-script-errors.js:66:24)
          at innerInvokeEventListeners (/home/runner/work/cis-scheduler-team-4/cis-scheduler-team-4/node_modules/jsdom/lib/jsdom/living/events/EventTarget-impl.js:341:9)
          at invokeEventListeners (/home/runner/work/cis-scheduler-team-4/cis-scheduler-team-4/node_modules/jsdom/lib/jsdom/living/events/EventTarget-impl.js:274:3)
          at HTMLUnknownElementImpl._dispatch (/home/runner/work/cis-scheduler-team-4/cis-scheduler-team-4/node_modules/jsdom/lib/jsdom/living/events/EventTarget-impl.js:221:9)
          at HTMLUnknownElementImpl.dispatchEvent (/home/runner/work/cis-scheduler-team-4/cis-scheduler-team-4/node_modules/jsdom/lib/jsdom/living/events/EventTarget-impl.js:94:17)
          at HTMLUnknownElement.dispatchEvent (/home/runner/work/cis-scheduler-team-4/cis-scheduler-team-4/node_modules/jsdom/lib/jsdom/living/generated/EventTarget.js:231:34)
          at Object.invokeGuardedCallbackDev (/home/runner/work/cis-scheduler-team-4/cis-scheduler-team-4/node_modules/react-dom/cjs/react-dom.development.js:3994:16)
          at invokeGuardedCallback (/home/runner/work/cis-scheduler-team-4/cis-scheduler-team-4/node_modules/react-dom/cjs/react-dom.development.js:4056:31)
          at beginWork$1 (/home/runner/work/cis-scheduler-team-4/cis-scheduler-team-4/node_modules/react-dom/cjs/react-dom.development.js:23964:7)
          at performUnitOfWork (/home/runner/work/cis-scheduler-team-4/cis-scheduler-team-4/node_modules/react-dom/cjs/react-dom.development.js:22779:12) Error: useLocation() may be used only in the context of a <Router> component.
          at invariant (/home/runner/work/cis-scheduler-team-4/packages/react-router/lib/router.ts:5:20)
          at useLocation (/home/runner/work/cis-scheduler-team-4/packages/react-router/lib/hooks.tsx:75:3)
          at App (/home/runner/work/cis-scheduler-team-4/cis-scheduler-team-4/src/App.tsx:164:22)
          at renderWithHooks (/home/runner/work/cis-scheduler-team-4/cis-scheduler-team-4/node_modules/react-dom/cjs/react-dom.development.js:14985:18)
          at mountIndeterminateComponent (/home/runner/work/cis-scheduler-team-4/cis-scheduler-team-4/node_modules/react-dom/cjs/react-dom.development.js:17811:13)
          at beginWork (/home/runner/work/cis-scheduler-team-4/cis-scheduler-team-4/node_modules/react-dom/cjs/react-dom.development.js:19049:16)
          at HTMLUnknownElement.callCallback (/home/runner/work/cis-scheduler-team-4/cis-scheduler-team-4/node_modules/react-dom/cjs/react-dom.development.js:3945:14)
          at HTMLUnknownElement.callTheUserObjectsOperation (/home/runner/work/cis-scheduler-team-4/cis-scheduler-team-4/node_modules/jsdom/lib/jsdom/living/generated/EventListener.js:26:30)
          at innerInvokeEventListeners (/home/runner/work/cis-scheduler-team-4/cis-scheduler-team-4/node_modules/jsdom/lib/jsdom/living/events/EventTarget-impl.js:338:25)
          at invokeEventListeners (/home/runner/work/cis-scheduler-team-4/cis-scheduler-team-4/node_modules/jsdom/lib/jsdom/living/events/EventTarget-impl.js:274:3)
          at HTMLUnknownElementImpl._dispatch (/home/runner/work/cis-scheduler-team-4/cis-scheduler-team-4/node_modules/jsdom/lib/jsdom/living/events/EventTarget-impl.js:221:9)
          at HTMLUnknownElementImpl.dispatchEvent (/home/runner/work/cis-scheduler-team-4/cis-scheduler-team-4/node_modules/jsdom/lib/jsdom/living/events/EventTarget-impl.js:94:17)
          at HTMLUnknownElement.dispatchEvent (/home/runner/work/cis-scheduler-team-4/cis-scheduler-team-4/node_modules/jsdom/lib/jsdom/living/generated/EventTarget.js:231:34)
          at Object.invokeGuardedCallbackDev (/home/runner/work/cis-scheduler-team-4/cis-scheduler-team-4/node_modules/react-dom/cjs/react-dom.development.js:3994:16)
          at invokeGuardedCallback (/home/runner/work/cis-scheduler-team-4/cis-scheduler-team-4/node_modules/react-dom/cjs/react-dom.development.js:4056:31)
          at beginWork$1 (/home/runner/work/cis-scheduler-team-4/cis-scheduler-team-4/node_modules/react-dom/cjs/react-dom.development.js:23964:7)
          at performUnitOfWork (/home/runner/work/cis-scheduler-team-4/cis-scheduler-team-4/node_modules/react-dom/cjs/react-dom.development.js:22779:12)
          at workLoopSync (/home/runner/work/cis-scheduler-team-4/cis-scheduler-team-4/node_modules/react-dom/cjs/react-dom.development.js:22707:5)
          at renderRootSync (/home/runner/work/cis-scheduler-team-4/cis-scheduler-team-4/node_modules/react-dom/cjs/react-dom.development.js:22670:7)
          at performSyncWorkOnRoot (/home/runner/work/cis-scheduler-team-4/cis-scheduler-team-4/node_modules/react-dom/cjs/react-dom.development.js:22293:18)
          at scheduleUpdateOnFiber (/home/runner/work/cis-scheduler-team-4/cis-scheduler-team-4/node_modules/react-dom/cjs/react-dom.development.js:21881:7)
          at updateContainer (/home/runner/work/cis-scheduler-team-4/cis-scheduler-team-4/node_modules/react-dom/cjs/react-dom.development.js:25482:3)
          at /home/runner/work/cis-scheduler-team-4/cis-scheduler-team-4/node_modules/react-dom/cjs/react-dom.development.js:26021:7
          at unbatchedUpdates (/home/runner/work/cis-scheduler-team-4/cis-scheduler-team-4/node_modules/react-dom/cjs/react-dom.development.js:22431:12)
          at legacyRenderSubtreeIntoContainer (/home/runner/work/cis-scheduler-team-4/cis-scheduler-team-4/node_modules/react-dom/cjs/react-dom.development.js:26020:5)
          at Object.render (/home/runner/work/cis-scheduler-team-4/cis-scheduler-team-4/node_modules/react-dom/cjs/react-dom.development.js:26103:10)
          at /home/runner/work/cis-scheduler-team-4/cis-scheduler-team-4/node_modules/@testing-library/react/dist/pure.js:101:25
          at batchedUpdates$1 (/home/runner/work/cis-scheduler-team-4/cis-scheduler-team-4/node_modules/react-dom/cjs/react-dom.development.js:22380:12)
          at act (/home/runner/work/cis-scheduler-team-4/cis-scheduler-team-4/node_modules/react-dom/cjs/react-dom-test-utils.development.js:1042:14)
          at render (/home/runner/work/cis-scheduler-team-4/cis-scheduler-team-4/node_modules/@testing-library/react/dist/pure.js:97:26)
          at Object.<anonymous> (/home/runner/work/cis-scheduler-team-4/cis-scheduler-team-4/src/test/PlanView.test.tsx:46:9)
          at Promise.then.completed (/home/runner/work/cis-scheduler-team-4/cis-scheduler-team-4/node_modules/jest-circus/build/utils.js:391:28)
          at new Promise (<anonymous>)
          at callAsyncCircusFn (/home/runner/work/cis-scheduler-team-4/cis-scheduler-team-4/node_modules/jest-circus/build/utils.js:316:10)
          at _callCircusHook (/home/runner/work/cis-scheduler-team-4/cis-scheduler-team-4/node_modules/jest-circus/build/run.js:181:40)
          at _runTest (/home/runner/work/cis-scheduler-team-4/cis-scheduler-team-4/node_modules/jest-circus/build/run.js:148:5)
          at _runTestsForDescribeBlock (/home/runner/work/cis-scheduler-team-4/cis-scheduler-team-4/node_modules/jest-circus/build/run.js:66:9)
          at _runTestsForDescribeBlock (/home/runner/work/cis-scheduler-team-4/cis-scheduler-team-4/node_modules/jest-circus/build/run.js:60:9)
          at run (/home/runner/work/cis-scheduler-team-4/cis-scheduler-team-4/node_modules/jest-circus/build/run.js:25:3)
          at runAndTransformResultsToJestFormat (/home/runner/work/cis-scheduler-team-4/cis-scheduler-team-4/node_modules/jest-circus/build/legacy-code-todo-rewrite/jestAdapterInit.js:170:21)
          at jestAdapter (/home/runner/work/cis-scheduler-team-4/cis-scheduler-team-4/node_modules/jest-circus/build/legacy-code-todo-rewrite/jestAdapter.js:82:19)
          at runTestInternal (/home/runner/work/cis-scheduler-team-4/cis-scheduler-team-4/node_modules/jest-runner/build/runTest.js:389:16)
          at runTest (/home/runner/work/cis-scheduler-team-4/cis-scheduler-team-4/node_modules/jest-runner/build/runTest.js:475:34)

      at VirtualConsole.<anonymous> (node_modules/jsdom/lib/jsdom/virtual-console.js:29:45)
      at reportException (node_modules/jsdom/lib/jsdom/living/helpers/runtime-script-errors.js:70:28)
      at innerInvokeEventListeners (node_modules/jsdom/lib/jsdom/living/events/EventTarget-impl.js:341:9)
      at invokeEventListeners (node_modules/jsdom/lib/jsdom/living/events/EventTarget-impl.js:274:3)
      at HTMLUnknownElementImpl._dispatch (node_modules/jsdom/lib/jsdom/living/events/EventTarget-impl.js:221:9)
      at HTMLUnknownElementImpl.dispatchEvent (node_modules/jsdom/lib/jsdom/living/events/EventTarget-impl.js:94:17)
      at HTMLUnknownElement.dispatchEvent (node_modules/jsdom/lib/jsdom/living/generated/EventTarget.js:231:34)

    console.error
      The above error occurred in the <App> component:
      
          at App (/home/runner/work/cis-scheduler-team-4/cis-scheduler-team-4/src/App.tsx:109:51)
      
      Consider adding an error boundary to your tree to customize error handling behavior.
      Visit https://reactjs.org/link/error-boundaries to learn more about error boundaries.

      at logCapturedError (node_modules/react-dom/cjs/react-dom.development.js:20085:23)
      at update.callback (node_modules/react-dom/cjs/react-dom.development.js:20118:5)
      at callCallback (node_modules/react-dom/cjs/react-dom.development.js:12318:12)
      at commitUpdateQueue (node_modules/react-dom/cjs/react-dom.development.js:12339:9)
      at commitLifeCycles (node_modules/react-dom/cjs/react-dom.development.js:20736:11)
      at commitLayoutEffects (node_modules/react-dom/cjs/react-dom.development.js:23426:7)
      at HTMLUnknownElement.callCallback (node_modules/react-dom/cjs/react-dom.development.js:3945:14)
      at HTMLUnknownElement.callTheUserObjectsOperation (node_modules/jsdom/lib/jsdom/living/generated/EventListener.js:26:30)

  ● User should be able to add a year › There is a button that allows the user to add a year

    useLocation() may be used only in the context of a <Router> component.

      at invariant (../packages/react-router/lib/router.ts:5:20)
      at useLocation (../packages/react-router/lib/hooks.tsx:75:3)
      at App (src/App.tsx:164:22)
      at renderWithHooks (node_modules/react-dom/cjs/react-dom.development.js:14985:18)
      at mountIndeterminateComponent (node_modules/react-dom/cjs/react-dom.development.js:17811:13)
      at beginWork (node_modules/react-dom/cjs/react-dom.development.js:19049:16)
      at HTMLUnknownElement.callCallback (node_modules/react-dom/cjs/react-dom.development.js:3945:14)
      at HTMLUnknownElement.callTheUserObjectsOperation (node_modules/jsdom/lib/jsdom/living/generated/EventListener.js:26:30)
      at innerInvokeEventListeners (node_modules/jsdom/lib/jsdom/living/events/EventTarget-impl.js:338:25)
      at invokeEventListeners (node_modules/jsdom/lib/jsdom/living/events/EventTarget-impl.js:274:3)
      at HTMLUnknownElementImpl._dispatch (node_modules/jsdom/lib/jsdom/living/events/EventTarget-impl.js:221:9)
      at HTMLUnknownElementImpl.dispatchEvent (node_modules/jsdom/lib/jsdom/living/events/EventTarget-impl.js:94:17)
      at HTMLUnknownElement.dispatchEvent (node_modules/jsdom/lib/jsdom/living/generated/EventTarget.js:231:34)
      at Object.invokeGuardedCallbackDev (node_modules/react-dom/cjs/react-dom.development.js:3994:16)
      at invokeGuardedCallback (node_modules/react-dom/cjs/react-dom.development.js:4056:31)
      at beginWork$1 (node_modules/react-dom/cjs/react-dom.development.js:23964:7)
      at performUnitOfWork (node_modules/react-dom/cjs/react-dom.development.js:22779:12)
      at workLoopSync (node_modules/react-dom/cjs/react-dom.development.js:22707:5)
      at renderRootSync (node_modules/react-dom/cjs/react-dom.development.js:22670:7)
      at performSyncWorkOnRoot (node_modules/react-dom/cjs/react-dom.development.js:22293:18)
      at scheduleUpdateOnFiber (node_modules/react-dom/cjs/react-dom.development.js:21881:7)
      at updateContainer (node_modules/react-dom/cjs/react-dom.development.js:25482:3)
      at node_modules/react-dom/cjs/react-dom.development.js:26021:7
      at unbatchedUpdates (node_modules/react-dom/cjs/react-dom.development.js:22431:12)
      at legacyRenderSubtreeIntoContainer (node_modules/react-dom/cjs/react-dom.development.js:26020:5)
      at Object.render (node_modules/react-dom/cjs/react-dom.development.js:26103:10)
      at node_modules/@testing-library/react/dist/pure.js:101:25
      at batchedUpdates$1 (node_modules/react-dom/cjs/react-dom.development.js:22380:12)
      at act (node_modules/react-dom/cjs/react-dom-test-utils.development.js:1042:14)
      at render (node_modules/@testing-library/react/dist/pure.js:97:26)
      at Object.<anonymous> (src/test/PlanView.test.tsx:19:9)

  ● User should be able to clear all existing semesters in a plan › You can clear all semesters in a plan

    useLocation() may be used only in the context of a <Router> component.

      at invariant (../packages/react-router/lib/router.ts:5:20)
      at useLocation (../packages/react-router/lib/hooks.tsx:75:3)
      at App (src/App.tsx:164:22)
      at renderWithHooks (node_modules/react-dom/cjs/react-dom.development.js:14985:18)
      at mountIndeterminateComponent (node_modules/react-dom/cjs/react-dom.development.js:17811:13)
      at beginWork (node_modules/react-dom/cjs/react-dom.development.js:19049:16)
      at HTMLUnknownElement.callCallback (node_modules/react-dom/cjs/react-dom.development.js:3945:14)
      at HTMLUnknownElement.callTheUserObjectsOperation (node_modules/jsdom/lib/jsdom/living/generated/EventListener.js:26:30)
      at innerInvokeEventListeners (node_modules/jsdom/lib/jsdom/living/events/EventTarget-impl.js:338:25)
      at invokeEventListeners (node_modules/jsdom/lib/jsdom/living/events/EventTarget-impl.js:274:3)
      at HTMLUnknownElementImpl._dispatch (node_modules/jsdom/lib/jsdom/living/events/EventTarget-impl.js:221:9)
      at HTMLUnknownElementImpl.dispatchEvent (node_modules/jsdom/lib/jsdom/living/events/EventTarget-impl.js:94:17)
      at HTMLUnknownElement.dispatchEvent (node_modules/jsdom/lib/jsdom/living/generated/EventTarget.js:231:34)
      at Object.invokeGuardedCallbackDev (node_modules/react-dom/cjs/react-dom.development.js:3994:16)
      at invokeGuardedCallback (node_modules/react-dom/cjs/react-dom.development.js:4056:31)
      at beginWork$1 (node_modules/react-dom/cjs/react-dom.development.js:23964:7)
      at performUnitOfWork (node_modules/react-dom/cjs/react-dom.development.js:22779:12)
      at workLoopSync (node_modules/react-dom/cjs/react-dom.development.js:22707:5)
      at renderRootSync (node_modules/react-dom/cjs/react-dom.development.js:22670:7)
      at performSyncWorkOnRoot (node_modules/react-dom/cjs/react-dom.development.js:22293:18)
      at scheduleUpdateOnFiber (node_modules/react-dom/cjs/react-dom.development.js:21881:7)
      at updateContainer (node_modules/react-dom/cjs/react-dom.development.js:25482:3)
      at node_modules/react-dom/cjs/react-dom.development.js:26021:7
      at unbatchedUpdates (node_modules/react-dom/cjs/react-dom.development.js:22431:12)
      at legacyRenderSubtreeIntoContainer (node_modules/react-dom/cjs/react-dom.development.js:26020:5)
      at Object.render (node_modules/react-dom/cjs/react-dom.development.js:26103:10)
      at node_modules/@testing-library/react/dist/pure.js:101:25
      at batchedUpdates$1 (node_modules/react-dom/cjs/react-dom.development.js:22380:12)
      at act (node_modules/react-dom/cjs/react-dom-test-utils.development.js:1042:14)
      at render (node_modules/@testing-library/react/dist/pure.js:97:26)
      at Object.<anonymous> (src/test/PlanView.test.tsx:46:9)

FAIL src/test/PlanList.test.tsx
  ● Console

    console.error
      Error: Uncaught [Error: useLocation() may be used only in the context of a <Router> component.]
          at reportException (/home/runner/work/cis-scheduler-team-4/cis-scheduler-team-4/node_modules/jsdom/lib/jsdom/living/helpers/runtime-script-errors.js:66:24)
          at innerInvokeEventListeners (/home/runner/work/cis-scheduler-team-4/cis-scheduler-team-4/node_modules/jsdom/lib/jsdom/living/events/EventTarget-impl.js:341:9)
          at invokeEventListeners (/home/runner/work/cis-scheduler-team-4/cis-scheduler-team-4/node_modules/jsdom/lib/jsdom/living/events/EventTarget-impl.js:274:3)
          at HTMLUnknownElementImpl._dispatch (/home/runner/work/cis-scheduler-team-4/cis-scheduler-team-4/node_modules/jsdom/lib/jsdom/living/events/EventTarget-impl.js:221:9)
          at HTMLUnknownElementImpl.dispatchEvent (/home/runner/work/cis-scheduler-team-4/cis-scheduler-team-4/node_modules/jsdom/lib/jsdom/living/events/EventTarget-impl.js:94:17)
          at HTMLUnknownElement.dispatchEvent (/home/runner/work/cis-scheduler-team-4/cis-scheduler-team-4/node_modules/jsdom/lib/jsdom/living/generated/EventTarget.js:231:34)
          at Object.invokeGuardedCallbackDev (/home/runner/work/cis-scheduler-team-4/cis-scheduler-team-4/node_modules/react-dom/cjs/react-dom.development.js:3994:16)
          at invokeGuardedCallback (/home/runner/work/cis-scheduler-team-4/cis-scheduler-team-4/node_modules/react-dom/cjs/react-dom.development.js:4056:31)
          at beginWork$1 (/home/runner/work/cis-scheduler-team-4/cis-scheduler-team-4/node_modules/react-dom/cjs/react-dom.development.js:23964:7)
          at performUnitOfWork (/home/runner/work/cis-scheduler-team-4/cis-scheduler-team-4/node_modules/react-dom/cjs/react-dom.development.js:22779:12) Error: useLocation() may be used only in the context of a <Router> component.
          at invariant (/home/runner/work/cis-scheduler-team-4/packages/react-router/lib/router.ts:5:20)
          at useLocation (/home/runner/work/cis-scheduler-team-4/packages/react-router/lib/hooks.tsx:75:3)
          at App (/home/runner/work/cis-scheduler-team-4/cis-scheduler-team-4/src/App.tsx:164:22)
          at renderWithHooks (/home/runner/work/cis-scheduler-team-4/cis-scheduler-team-4/node_modules/react-dom/cjs/react-dom.development.js:14985:18)
          at mountIndeterminateComponent (/home/runner/work/cis-scheduler-team-4/cis-scheduler-team-4/node_modules/react-dom/cjs/react-dom.development.js:17811:13)
          at beginWork (/home/runner/work/cis-scheduler-team-4/cis-scheduler-team-4/node_modules/react-dom/cjs/react-dom.development.js:19049:16)
          at HTMLUnknownElement.callCallback (/home/runner/work/cis-scheduler-team-4/cis-scheduler-team-4/node_modules/react-dom/cjs/react-dom.development.js:3945:14)
          at HTMLUnknownElement.callTheUserObjectsOperation (/home/runner/work/cis-scheduler-team-4/cis-scheduler-team-4/node_modules/jsdom/lib/jsdom/living/generated/EventListener.js:26:30)
          at innerInvokeEventListeners (/home/runner/work/cis-scheduler-team-4/cis-scheduler-team-4/node_modules/jsdom/lib/jsdom/living/events/EventTarget-impl.js:338:25)
          at invokeEventListeners (/home/runner/work/cis-scheduler-team-4/cis-scheduler-team-4/node_modules/jsdom/lib/jsdom/living/events/EventTarget-impl.js:274:3)
          at HTMLUnknownElementImpl._dispatch (/home/runner/work/cis-scheduler-team-4/cis-scheduler-team-4/node_modules/jsdom/lib/jsdom/living/events/EventTarget-impl.js:221:9)
          at HTMLUnknownElementImpl.dispatchEvent (/home/runner/work/cis-scheduler-team-4/cis-scheduler-team-4/node_modules/jsdom/lib/jsdom/living/events/EventTarget-impl.js:94:17)
          at HTMLUnknownElement.dispatchEvent (/home/runner/work/cis-scheduler-team-4/cis-scheduler-team-4/node_modules/jsdom/lib/jsdom/living/generated/EventTarget.js:231:34)
          at Object.invokeGuardedCallbackDev (/home/runner/work/cis-scheduler-team-4/cis-scheduler-team-4/node_modules/react-dom/cjs/react-dom.development.js:3994:16)
          at invokeGuardedCallback (/home/runner/work/cis-scheduler-team-4/cis-scheduler-team-4/node_modules/react-dom/cjs/react-dom.development.js:4056:31)
          at beginWork$1 (/home/runner/work/cis-scheduler-team-4/cis-scheduler-team-4/node_modules/react-dom/cjs/react-dom.development.js:23964:7)
          at performUnitOfWork (/home/runner/work/cis-scheduler-team-4/cis-scheduler-team-4/node_modules/react-dom/cjs/react-dom.development.js:22779:12)
          at workLoopSync (/home/runner/work/cis-scheduler-team-4/cis-scheduler-team-4/node_modules/react-dom/cjs/react-dom.development.js:22707:5)
          at renderRootSync (/home/runner/work/cis-scheduler-team-4/cis-scheduler-team-4/node_modules/react-dom/cjs/react-dom.development.js:22670:7)
          at performSyncWorkOnRoot (/home/runner/work/cis-scheduler-team-4/cis-scheduler-team-4/node_modules/react-dom/cjs/react-dom.development.js:22293:18)
          at scheduleUpdateOnFiber (/home/runner/work/cis-scheduler-team-4/cis-scheduler-team-4/node_modules/react-dom/cjs/react-dom.development.js:21881:7)
          at updateContainer (/home/runner/work/cis-scheduler-team-4/cis-scheduler-team-4/node_modules/react-dom/cjs/react-dom.development.js:25482:3)
          at /home/runner/work/cis-scheduler-team-4/cis-scheduler-team-4/node_modules/react-dom/cjs/react-dom.development.js:26021:7
          at unbatchedUpdates (/home/runner/work/cis-scheduler-team-4/cis-scheduler-team-4/node_modules/react-dom/cjs/react-dom.development.js:22431:12)
          at legacyRenderSubtreeIntoContainer (/home/runner/work/cis-scheduler-team-4/cis-scheduler-team-4/node_modules/react-dom/cjs/react-dom.development.js:26020:5)
          at Object.render (/home/runner/work/cis-scheduler-team-4/cis-scheduler-team-4/node_modules/react-dom/cjs/react-dom.development.js:26103:10)
          at /home/runner/work/cis-scheduler-team-4/cis-scheduler-team-4/node_modules/@testing-library/react/dist/pure.js:101:25
          at batchedUpdates$1 (/home/runner/work/cis-scheduler-team-4/cis-scheduler-team-4/node_modules/react-dom/cjs/react-dom.development.js:22380:12)
          at act (/home/runner/work/cis-scheduler-team-4/cis-scheduler-team-4/node_modules/react-dom/cjs/react-dom-test-utils.development.js:1042:14)
          at render (/home/runner/work/cis-scheduler-team-4/cis-scheduler-team-4/node_modules/@testing-library/react/dist/pure.js:97:26)
          at Object.<anonymous> (/home/runner/work/cis-scheduler-team-4/cis-scheduler-team-4/src/test/PlanList.test.tsx:15:9)
          at Promise.then.completed (/home/runner/work/cis-scheduler-team-4/cis-scheduler-team-4/node_modules/jest-circus/build/utils.js:391:28)
          at new Promise (<anonymous>)
          at callAsyncCircusFn (/home/runner/work/cis-scheduler-team-4/cis-scheduler-team-4/node_modules/jest-circus/build/utils.js:316:10)
          at _callCircusHook (/home/runner/work/cis-scheduler-team-4/cis-scheduler-team-4/node_modules/jest-circus/build/run.js:181:40)
          at _runTest (/home/runner/work/cis-scheduler-team-4/cis-scheduler-team-4/node_modules/jest-circus/build/run.js:148:5)
          at _runTestsForDescribeBlock (/home/runner/work/cis-scheduler-team-4/cis-scheduler-team-4/node_modules/jest-circus/build/run.js:66:9)
          at _runTestsForDescribeBlock (/home/runner/work/cis-scheduler-team-4/cis-scheduler-team-4/node_modules/jest-circus/build/run.js:60:9)
          at run (/home/runner/work/cis-scheduler-team-4/cis-scheduler-team-4/node_modules/jest-circus/build/run.js:25:3)
          at runAndTransformResultsToJestFormat (/home/runner/work/cis-scheduler-team-4/cis-scheduler-team-4/node_modules/jest-circus/build/legacy-code-todo-rewrite/jestAdapterInit.js:170:21)
          at jestAdapter (/home/runner/work/cis-scheduler-team-4/cis-scheduler-team-4/node_modules/jest-circus/build/legacy-code-todo-rewrite/jestAdapter.js:82:19)
          at runTestInternal (/home/runner/work/cis-scheduler-team-4/cis-scheduler-team-4/node_modules/jest-runner/build/runTest.js:389:16)
          at runTest (/home/runner/work/cis-scheduler-team-4/cis-scheduler-team-4/node_modules/jest-runner/build/runTest.js:475:34)

      at VirtualConsole.<anonymous> (node_modules/jsdom/lib/jsdom/virtual-console.js:29:45)
      at reportException (node_modules/jsdom/lib/jsdom/living/helpers/runtime-script-errors.js:70:28)
      at innerInvokeEventListeners (node_modules/jsdom/lib/jsdom/living/events/EventTarget-impl.js:341:9)
      at invokeEventListeners (node_modules/jsdom/lib/jsdom/living/events/EventTarget-impl.js:274:3)
      at HTMLUnknownElementImpl._dispatch (node_modules/jsdom/lib/jsdom/living/events/EventTarget-impl.js:221:9)
      at HTMLUnknownElementImpl.dispatchEvent (node_modules/jsdom/lib/jsdom/living/events/EventTarget-impl.js:94:17)
      at HTMLUnknownElement.dispatchEvent (node_modules/jsdom/lib/jsdom/living/generated/EventTarget.js:231:34)

    console.error
      The above error occurred in the <App> component:
      
          at App (/home/runner/work/cis-scheduler-team-4/cis-scheduler-team-4/src/App.tsx:109:51)
      
      Consider adding an error boundary to your tree to customize error handling behavior.
      Visit https://reactjs.org/link/error-boundaries to learn more about error boundaries.

      at logCapturedError (node_modules/react-dom/cjs/react-dom.development.js:20085:23)
      at update.callback (node_modules/react-dom/cjs/react-dom.development.js:20118:5)
      at callCallback (node_modules/react-dom/cjs/react-dom.development.js:12318:12)
      at commitUpdateQueue (node_modules/react-dom/cjs/react-dom.development.js:12339:9)
      at commitLifeCycles (node_modules/react-dom/cjs/react-dom.development.js:20736:11)
      at commitLayoutEffects (node_modules/react-dom/cjs/react-dom.development.js:23426:7)
      at HTMLUnknownElement.callCallback (node_modules/react-dom/cjs/react-dom.development.js:3945:14)
      at HTMLUnknownElement.callTheUserObjectsOperation (node_modules/jsdom/lib/jsdom/living/generated/EventListener.js:26:30)

    console.error
      Error: Uncaught [Error: useLocation() may be used only in the context of a <Router> component.]
          at reportException (/home/runner/work/cis-scheduler-team-4/cis-scheduler-team-4/node_modules/jsdom/lib/jsdom/living/helpers/runtime-script-errors.js:66:24)
          at innerInvokeEventListeners (/home/runner/work/cis-scheduler-team-4/cis-scheduler-team-4/node_modules/jsdom/lib/jsdom/living/events/EventTarget-impl.js:341:9)
          at invokeEventListeners (/home/runner/work/cis-scheduler-team-4/cis-scheduler-team-4/node_modules/jsdom/lib/jsdom/living/events/EventTarget-impl.js:274:3)
          at HTMLUnknownElementImpl._dispatch (/home/runner/work/cis-scheduler-team-4/cis-scheduler-team-4/node_modules/jsdom/lib/jsdom/living/events/EventTarget-impl.js:221:9)
          at HTMLUnknownElementImpl.dispatchEvent (/home/runner/work/cis-scheduler-team-4/cis-scheduler-team-4/node_modules/jsdom/lib/jsdom/living/events/EventTarget-impl.js:94:17)
          at HTMLUnknownElement.dispatchEvent (/home/runner/work/cis-scheduler-team-4/cis-scheduler-team-4/node_modules/jsdom/lib/jsdom/living/generated/EventTarget.js:231:34)
          at Object.invokeGuardedCallbackDev (/home/runner/work/cis-scheduler-team-4/cis-scheduler-team-4/node_modules/react-dom/cjs/react-dom.development.js:3994:16)
          at invokeGuardedCallback (/home/runner/work/cis-scheduler-team-4/cis-scheduler-team-4/node_modules/react-dom/cjs/react-dom.development.js:4056:31)
          at beginWork$1 (/home/runner/work/cis-scheduler-team-4/cis-scheduler-team-4/node_modules/react-dom/cjs/react-dom.development.js:23964:7)
          at performUnitOfWork (/home/runner/work/cis-scheduler-team-4/cis-scheduler-team-4/node_modules/react-dom/cjs/react-dom.development.js:22779:12) Error: useLocation() may be used only in the context of a <Router> component.
          at invariant (/home/runner/work/cis-scheduler-team-4/packages/react-router/lib/router.ts:5:20)
          at useLocation (/home/runner/work/cis-scheduler-team-4/packages/react-router/lib/hooks.tsx:75:3)
          at App (/home/runner/work/cis-scheduler-team-4/cis-scheduler-team-4/src/App.tsx:164:22)
          at renderWithHooks (/home/runner/work/cis-scheduler-team-4/cis-scheduler-team-4/node_modules/react-dom/cjs/react-dom.development.js:14985:18)
          at mountIndeterminateComponent (/home/runner/work/cis-scheduler-team-4/cis-scheduler-team-4/node_modules/react-dom/cjs/react-dom.development.js:17811:13)
          at beginWork (/home/runner/work/cis-scheduler-team-4/cis-scheduler-team-4/node_modules/react-dom/cjs/react-dom.development.js:19049:16)
          at HTMLUnknownElement.callCallback (/home/runner/work/cis-scheduler-team-4/cis-scheduler-team-4/node_modules/react-dom/cjs/react-dom.development.js:3945:14)
          at HTMLUnknownElement.callTheUserObjectsOperation (/home/runner/work/cis-scheduler-team-4/cis-scheduler-team-4/node_modules/jsdom/lib/jsdom/living/generated/EventListener.js:26:30)
          at innerInvokeEventListeners (/home/runner/work/cis-scheduler-team-4/cis-scheduler-team-4/node_modules/jsdom/lib/jsdom/living/events/EventTarget-impl.js:338:25)
          at invokeEventListeners (/home/runner/work/cis-scheduler-team-4/cis-scheduler-team-4/node_modules/jsdom/lib/jsdom/living/events/EventTarget-impl.js:274:3)
          at HTMLUnknownElementImpl._dispatch (/home/runner/work/cis-scheduler-team-4/cis-scheduler-team-4/node_modules/jsdom/lib/jsdom/living/events/EventTarget-impl.js:221:9)
          at HTMLUnknownElementImpl.dispatchEvent (/home/runner/work/cis-scheduler-team-4/cis-scheduler-team-4/node_modules/jsdom/lib/jsdom/living/events/EventTarget-impl.js:94:17)
          at HTMLUnknownElement.dispatchEvent (/home/runner/work/cis-scheduler-team-4/cis-scheduler-team-4/node_modules/jsdom/lib/jsdom/living/generated/EventTarget.js:231:34)
          at Object.invokeGuardedCallbackDev (/home/runner/work/cis-scheduler-team-4/cis-scheduler-team-4/node_modules/react-dom/cjs/react-dom.development.js:3994:16)
          at invokeGuardedCallback (/home/runner/work/cis-scheduler-team-4/cis-scheduler-team-4/node_modules/react-dom/cjs/react-dom.development.js:4056:31)
          at beginWork$1 (/home/runner/work/cis-scheduler-team-4/cis-scheduler-team-4/node_modules/react-dom/cjs/react-dom.development.js:23964:7)
          at performUnitOfWork (/home/runner/work/cis-scheduler-team-4/cis-scheduler-team-4/node_modules/react-dom/cjs/react-dom.development.js:22779:12)
          at workLoopSync (/home/runner/work/cis-scheduler-team-4/cis-scheduler-team-4/node_modules/react-dom/cjs/react-dom.development.js:22707:5)
          at renderRootSync (/home/runner/work/cis-scheduler-team-4/cis-scheduler-team-4/node_modules/react-dom/cjs/react-dom.development.js:22670:7)
          at performSyncWorkOnRoot (/home/runner/work/cis-scheduler-team-4/cis-scheduler-team-4/node_modules/react-dom/cjs/react-dom.development.js:22293:18)
          at scheduleUpdateOnFiber (/home/runner/work/cis-scheduler-team-4/cis-scheduler-team-4/node_modules/react-dom/cjs/react-dom.development.js:21881:7)
          at updateContainer (/home/runner/work/cis-scheduler-team-4/cis-scheduler-team-4/node_modules/react-dom/cjs/react-dom.development.js:25482:3)
          at /home/runner/work/cis-scheduler-team-4/cis-scheduler-team-4/node_modules/react-dom/cjs/react-dom.development.js:26021:7
          at unbatchedUpdates (/home/runner/work/cis-scheduler-team-4/cis-scheduler-team-4/node_modules/react-dom/cjs/react-dom.development.js:22431:12)
          at legacyRenderSubtreeIntoContainer (/home/runner/work/cis-scheduler-team-4/cis-scheduler-team-4/node_modules/react-dom/cjs/react-dom.development.js:26020:5)
          at Object.render (/home/runner/work/cis-scheduler-team-4/cis-scheduler-team-4/node_modules/react-dom/cjs/react-dom.development.js:26103:10)
          at /home/runner/work/cis-scheduler-team-4/cis-scheduler-team-4/node_modules/@testing-library/react/dist/pure.js:101:25
          at batchedUpdates$1 (/home/runner/work/cis-scheduler-team-4/cis-scheduler-team-4/node_modules/react-dom/cjs/react-dom.development.js:22380:12)
          at act (/home/runner/work/cis-scheduler-team-4/cis-scheduler-team-4/node_modules/react-dom/cjs/react-dom-test-utils.development.js:1042:14)
          at render (/home/runner/work/cis-scheduler-team-4/cis-scheduler-team-4/node_modules/@testing-library/react/dist/pure.js:97:26)
          at Object.<anonymous> (/home/runner/work/cis-scheduler-team-4/cis-scheduler-team-4/src/test/PlanList.test.tsx:15:9)
          at Promise.then.completed (/home/runner/work/cis-scheduler-team-4/cis-scheduler-team-4/node_modules/jest-circus/build/utils.js:391:28)
          at new Promise (<anonymous>)
          at callAsyncCircusFn (/home/runner/work/cis-scheduler-team-4/cis-scheduler-team-4/node_modules/jest-circus/build/utils.js:316:10)
          at _callCircusHook (/home/runner/work/cis-scheduler-team-4/cis-scheduler-team-4/node_modules/jest-circus/build/run.js:181:40)
          at _runTest (/home/runner/work/cis-scheduler-team-4/cis-scheduler-team-4/node_modules/jest-circus/build/run.js:148:5)
          at _runTestsForDescribeBlock (/home/runner/work/cis-scheduler-team-4/cis-scheduler-team-4/node_modules/jest-circus/build/run.js:66:9)
          at _runTestsForDescribeBlock (/home/runner/work/cis-scheduler-team-4/cis-scheduler-team-4/node_modules/jest-circus/build/run.js:60:9)
          at run (/home/runner/work/cis-scheduler-team-4/cis-scheduler-team-4/node_modules/jest-circus/build/run.js:25:3)
          at runAndTransformResultsToJestFormat (/home/runner/work/cis-scheduler-team-4/cis-scheduler-team-4/node_modules/jest-circus/build/legacy-code-todo-rewrite/jestAdapterInit.js:170:21)
          at jestAdapter (/home/runner/work/cis-scheduler-team-4/cis-scheduler-team-4/node_modules/jest-circus/build/legacy-code-todo-rewrite/jestAdapter.js:82:19)
          at runTestInternal (/home/runner/work/cis-scheduler-team-4/cis-scheduler-team-4/node_modules/jest-runner/build/runTest.js:389:16)
          at runTest (/home/runner/work/cis-scheduler-team-4/cis-scheduler-team-4/node_modules/jest-runner/build/runTest.js:475:34)

      at VirtualConsole.<anonymous> (node_modules/jsdom/lib/jsdom/virtual-console.js:29:45)
      at reportException (node_modules/jsdom/lib/jsdom/living/helpers/runtime-script-errors.js:70:28)
      at innerInvokeEventListeners (node_modules/jsdom/lib/jsdom/living/events/EventTarget-impl.js:341:9)
      at invokeEventListeners (node_modules/jsdom/lib/jsdom/living/events/EventTarget-impl.js:274:3)
      at HTMLUnknownElementImpl._dispatch (node_modules/jsdom/lib/jsdom/living/events/EventTarget-impl.js:221:9)
      at HTMLUnknownElementImpl.dispatchEvent (node_modules/jsdom/lib/jsdom/living/events/EventTarget-impl.js:94:17)
      at HTMLUnknownElement.dispatchEvent (node_modules/jsdom/lib/jsdom/living/generated/EventTarget.js:231:34)

    console.error
      The above error occurred in the <App> component:
      
          at App (/home/runner/work/cis-scheduler-team-4/cis-scheduler-team-4/src/App.tsx:109:51)
      
      Consider adding an error boundary to your tree to customize error handling behavior.
      Visit https://reactjs.org/link/error-boundaries to learn more about error boundaries.

      at logCapturedError (node_modules/react-dom/cjs/react-dom.development.js:20085:23)
      at update.callback (node_modules/react-dom/cjs/react-dom.development.js:20118:5)
      at callCallback (node_modules/react-dom/cjs/react-dom.development.js:12318:12)
      at commitUpdateQueue (node_modules/react-dom/cjs/react-dom.development.js:12339:9)
      at commitLifeCycles (node_modules/react-dom/cjs/react-dom.development.js:20736:11)
      at commitLayoutEffects (node_modules/react-dom/cjs/react-dom.development.js:23426:7)
      at HTMLUnknownElement.callCallback (node_modules/react-dom/cjs/react-dom.development.js:3945:14)
      at HTMLUnknownElement.callTheUserObjectsOperation (node_modules/jsdom/lib/jsdom/living/generated/EventListener.js:26:30)

    console.error
      Error: Uncaught [Error: useLocation() may be used only in the context of a <Router> component.]
          at reportException (/home/runner/work/cis-scheduler-team-4/cis-scheduler-team-4/node_modules/jsdom/lib/jsdom/living/helpers/runtime-script-errors.js:66:24)
          at innerInvokeEventListeners (/home/runner/work/cis-scheduler-team-4/cis-scheduler-team-4/node_modules/jsdom/lib/jsdom/living/events/EventTarget-impl.js:341:9)
          at invokeEventListeners (/home/runner/work/cis-scheduler-team-4/cis-scheduler-team-4/node_modules/jsdom/lib/jsdom/living/events/EventTarget-impl.js:274:3)
          at HTMLUnknownElementImpl._dispatch (/home/runner/work/cis-scheduler-team-4/cis-scheduler-team-4/node_modules/jsdom/lib/jsdom/living/events/EventTarget-impl.js:221:9)
          at HTMLUnknownElementImpl.dispatchEvent (/home/runner/work/cis-scheduler-team-4/cis-scheduler-team-4/node_modules/jsdom/lib/jsdom/living/events/EventTarget-impl.js:94:17)
          at HTMLUnknownElement.dispatchEvent (/home/runner/work/cis-scheduler-team-4/cis-scheduler-team-4/node_modules/jsdom/lib/jsdom/living/generated/EventTarget.js:231:34)
          at Object.invokeGuardedCallbackDev (/home/runner/work/cis-scheduler-team-4/cis-scheduler-team-4/node_modules/react-dom/cjs/react-dom.development.js:3994:16)
          at invokeGuardedCallback (/home/runner/work/cis-scheduler-team-4/cis-scheduler-team-4/node_modules/react-dom/cjs/react-dom.development.js:4056:31)
          at beginWork$1 (/home/runner/work/cis-scheduler-team-4/cis-scheduler-team-4/node_modules/react-dom/cjs/react-dom.development.js:23964:7)
          at performUnitOfWork (/home/runner/work/cis-scheduler-team-4/cis-scheduler-team-4/node_modules/react-dom/cjs/react-dom.development.js:22779:12) Error: useLocation() may be used only in the context of a <Router> component.
          at invariant (/home/runner/work/cis-scheduler-team-4/packages/react-router/lib/router.ts:5:20)
          at useLocation (/home/runner/work/cis-scheduler-team-4/packages/react-router/lib/hooks.tsx:75:3)
          at App (/home/runner/work/cis-scheduler-team-4/cis-scheduler-team-4/src/App.tsx:164:22)
          at renderWithHooks (/home/runner/work/cis-scheduler-team-4/cis-scheduler-team-4/node_modules/react-dom/cjs/react-dom.development.js:14985:18)
          at mountIndeterminateComponent (/home/runner/work/cis-scheduler-team-4/cis-scheduler-team-4/node_modules/react-dom/cjs/react-dom.development.js:17811:13)
          at beginWork (/home/runner/work/cis-scheduler-team-4/cis-scheduler-team-4/node_modules/react-dom/cjs/react-dom.development.js:19049:16)
          at HTMLUnknownElement.callCallback (/home/runner/work/cis-scheduler-team-4/cis-scheduler-team-4/node_modules/react-dom/cjs/react-dom.development.js:3945:14)
          at HTMLUnknownElement.callTheUserObjectsOperation (/home/runner/work/cis-scheduler-team-4/cis-scheduler-team-4/node_modules/jsdom/lib/jsdom/living/generated/EventListener.js:26:30)
          at innerInvokeEventListeners (/home/runner/work/cis-scheduler-team-4/cis-scheduler-team-4/node_modules/jsdom/lib/jsdom/living/events/EventTarget-impl.js:338:25)
          at invokeEventListeners (/home/runner/work/cis-scheduler-team-4/cis-scheduler-team-4/node_modules/jsdom/lib/jsdom/living/events/EventTarget-impl.js:274:3)
          at HTMLUnknownElementImpl._dispatch (/home/runner/work/cis-scheduler-team-4/cis-scheduler-team-4/node_modules/jsdom/lib/jsdom/living/events/EventTarget-impl.js:221:9)
          at HTMLUnknownElementImpl.dispatchEvent (/home/runner/work/cis-scheduler-team-4/cis-scheduler-team-4/node_modules/jsdom/lib/jsdom/living/events/EventTarget-impl.js:94:17)
          at HTMLUnknownElement.dispatchEvent (/home/runner/work/cis-scheduler-team-4/cis-scheduler-team-4/node_modules/jsdom/lib/jsdom/living/generated/EventTarget.js:231:34)
          at Object.invokeGuardedCallbackDev (/home/runner/work/cis-scheduler-team-4/cis-scheduler-team-4/node_modules/react-dom/cjs/react-dom.development.js:3994:16)
          at invokeGuardedCallback (/home/runner/work/cis-scheduler-team-4/cis-scheduler-team-4/node_modules/react-dom/cjs/react-dom.development.js:4056:31)
          at beginWork$1 (/home/runner/work/cis-scheduler-team-4/cis-scheduler-team-4/node_modules/react-dom/cjs/react-dom.development.js:23964:7)
          at performUnitOfWork (/home/runner/work/cis-scheduler-team-4/cis-scheduler-team-4/node_modules/react-dom/cjs/react-dom.development.js:22779:12)
          at workLoopSync (/home/runner/work/cis-scheduler-team-4/cis-scheduler-team-4/node_modules/react-dom/cjs/react-dom.development.js:22707:5)
          at renderRootSync (/home/runner/work/cis-scheduler-team-4/cis-scheduler-team-4/node_modules/react-dom/cjs/react-dom.development.js:22670:7)
          at performSyncWorkOnRoot (/home/runner/work/cis-scheduler-team-4/cis-scheduler-team-4/node_modules/react-dom/cjs/react-dom.development.js:22293:18)
          at scheduleUpdateOnFiber (/home/runner/work/cis-scheduler-team-4/cis-scheduler-team-4/node_modules/react-dom/cjs/react-dom.development.js:21881:7)
          at updateContainer (/home/runner/work/cis-scheduler-team-4/cis-scheduler-team-4/node_modules/react-dom/cjs/react-dom.development.js:25482:3)
          at /home/runner/work/cis-scheduler-team-4/cis-scheduler-team-4/node_modules/react-dom/cjs/react-dom.development.js:26021:7
          at unbatchedUpdates (/home/runner/work/cis-scheduler-team-4/cis-scheduler-team-4/node_modules/react-dom/cjs/react-dom.development.js:22431:12)
          at legacyRenderSubtreeIntoContainer (/home/runner/work/cis-scheduler-team-4/cis-scheduler-team-4/node_modules/react-dom/cjs/react-dom.development.js:26020:5)
          at Object.render (/home/runner/work/cis-scheduler-team-4/cis-scheduler-team-4/node_modules/react-dom/cjs/react-dom.development.js:26103:10)
          at /home/runner/work/cis-scheduler-team-4/cis-scheduler-team-4/node_modules/@testing-library/react/dist/pure.js:101:25
          at batchedUpdates$1 (/home/runner/work/cis-scheduler-team-4/cis-scheduler-team-4/node_modules/react-dom/cjs/react-dom.development.js:22380:12)
          at act (/home/runner/work/cis-scheduler-team-4/cis-scheduler-team-4/node_modules/react-dom/cjs/react-dom-test-utils.development.js:1042:14)
          at render (/home/runner/work/cis-scheduler-team-4/cis-scheduler-team-4/node_modules/@testing-library/react/dist/pure.js:97:26)
          at Object.<anonymous> (/home/runner/work/cis-scheduler-team-4/cis-scheduler-team-4/src/test/PlanList.test.tsx:15:9)
          at Promise.then.completed (/home/runner/work/cis-scheduler-team-4/cis-scheduler-team-4/node_modules/jest-circus/build/utils.js:391:28)
          at new Promise (<anonymous>)
          at callAsyncCircusFn (/home/runner/work/cis-scheduler-team-4/cis-scheduler-team-4/node_modules/jest-circus/build/utils.js:316:10)
          at _callCircusHook (/home/runner/work/cis-scheduler-team-4/cis-scheduler-team-4/node_modules/jest-circus/build/run.js:181:40)
          at _runTest (/home/runner/work/cis-scheduler-team-4/cis-scheduler-team-4/node_modules/jest-circus/build/run.js:148:5)
          at _runTestsForDescribeBlock (/home/runner/work/cis-scheduler-team-4/cis-scheduler-team-4/node_modules/jest-circus/build/run.js:66:9)
          at _runTestsForDescribeBlock (/home/runner/work/cis-scheduler-team-4/cis-scheduler-team-4/node_modules/jest-circus/build/run.js:60:9)
          at run (/home/runner/work/cis-scheduler-team-4/cis-scheduler-team-4/node_modules/jest-circus/build/run.js:25:3)
          at runAndTransformResultsToJestFormat (/home/runner/work/cis-scheduler-team-4/cis-scheduler-team-4/node_modules/jest-circus/build/legacy-code-todo-rewrite/jestAdapterInit.js:170:21)
          at jestAdapter (/home/runner/work/cis-scheduler-team-4/cis-scheduler-team-4/node_modules/jest-circus/build/legacy-code-todo-rewrite/jestAdapter.js:82:19)
          at runTestInternal (/home/runner/work/cis-scheduler-team-4/cis-scheduler-team-4/node_modules/jest-runner/build/runTest.js:389:16)
          at runTest (/home/runner/work/cis-scheduler-team-4/cis-scheduler-team-4/node_modules/jest-runner/build/runTest.js:475:34)

      at VirtualConsole.<anonymous> (node_modules/jsdom/lib/jsdom/virtual-console.js:29:45)
      at reportException (node_modules/jsdom/lib/jsdom/living/helpers/runtime-script-errors.js:70:28)
      at innerInvokeEventListeners (node_modules/jsdom/lib/jsdom/living/events/EventTarget-impl.js:341:9)
      at invokeEventListeners (node_modules/jsdom/lib/jsdom/living/events/EventTarget-impl.js:274:3)
      at HTMLUnknownElementImpl._dispatch (node_modules/jsdom/lib/jsdom/living/events/EventTarget-impl.js:221:9)
      at HTMLUnknownElementImpl.dispatchEvent (node_modules/jsdom/lib/jsdom/living/events/EventTarget-impl.js:94:17)
      at HTMLUnknownElement.dispatchEvent (node_modules/jsdom/lib/jsdom/living/generated/EventTarget.js:231:34)

    console.error
      The above error occurred in the <App> component:
      
          at App (/home/runner/work/cis-scheduler-team-4/cis-scheduler-team-4/src/App.tsx:109:51)
      
      Consider adding an error boundary to your tree to customize error handling behavior.
      Visit https://reactjs.org/link/error-boundaries to learn more about error boundaries.

      at logCapturedError (node_modules/react-dom/cjs/react-dom.development.js:20085:23)
      at update.callback (node_modules/react-dom/cjs/react-dom.development.js:20118:5)
      at callCallback (node_modules/react-dom/cjs/react-dom.development.js:12318:12)
      at commitUpdateQueue (node_modules/react-dom/cjs/react-dom.development.js:12339:9)
      at commitLifeCycles (node_modules/react-dom/cjs/react-dom.development.js:20736:11)
      at commitLayoutEffects (node_modules/react-dom/cjs/react-dom.development.js:23426:7)
      at HTMLUnknownElement.callCallback (node_modules/react-dom/cjs/react-dom.development.js:3945:14)
      at HTMLUnknownElement.callTheUserObjectsOperation (node_modules/jsdom/lib/jsdom/living/generated/EventListener.js:26:30)

    console.error
      Error: Uncaught [Error: useLocation() may be used only in the context of a <Router> component.]
          at reportException (/home/runner/work/cis-scheduler-team-4/cis-scheduler-team-4/node_modules/jsdom/lib/jsdom/living/helpers/runtime-script-errors.js:66:24)
          at innerInvokeEventListeners (/home/runner/work/cis-scheduler-team-4/cis-scheduler-team-4/node_modules/jsdom/lib/jsdom/living/events/EventTarget-impl.js:341:9)
          at invokeEventListeners (/home/runner/work/cis-scheduler-team-4/cis-scheduler-team-4/node_modules/jsdom/lib/jsdom/living/events/EventTarget-impl.js:274:3)
          at HTMLUnknownElementImpl._dispatch (/home/runner/work/cis-scheduler-team-4/cis-scheduler-team-4/node_modules/jsdom/lib/jsdom/living/events/EventTarget-impl.js:221:9)
          at HTMLUnknownElementImpl.dispatchEvent (/home/runner/work/cis-scheduler-team-4/cis-scheduler-team-4/node_modules/jsdom/lib/jsdom/living/events/EventTarget-impl.js:94:17)
          at HTMLUnknownElement.dispatchEvent (/home/runner/work/cis-scheduler-team-4/cis-scheduler-team-4/node_modules/jsdom/lib/jsdom/living/generated/EventTarget.js:231:34)
          at Object.invokeGuardedCallbackDev (/home/runner/work/cis-scheduler-team-4/cis-scheduler-team-4/node_modules/react-dom/cjs/react-dom.development.js:3994:16)
          at invokeGuardedCallback (/home/runner/work/cis-scheduler-team-4/cis-scheduler-team-4/node_modules/react-dom/cjs/react-dom.development.js:4056:31)
          at beginWork$1 (/home/runner/work/cis-scheduler-team-4/cis-scheduler-team-4/node_modules/react-dom/cjs/react-dom.development.js:23964:7)
          at performUnitOfWork (/home/runner/work/cis-scheduler-team-4/cis-scheduler-team-4/node_modules/react-dom/cjs/react-dom.development.js:22779:12) Error: useLocation() may be used only in the context of a <Router> component.
          at invariant (/home/runner/work/cis-scheduler-team-4/packages/react-router/lib/router.ts:5:20)
          at useLocation (/home/runner/work/cis-scheduler-team-4/packages/react-router/lib/hooks.tsx:75:3)
          at App (/home/runner/work/cis-scheduler-team-4/cis-scheduler-team-4/src/App.tsx:164:22)
          at renderWithHooks (/home/runner/work/cis-scheduler-team-4/cis-scheduler-team-4/node_modules/react-dom/cjs/react-dom.development.js:14985:18)
          at mountIndeterminateComponent (/home/runner/work/cis-scheduler-team-4/cis-scheduler-team-4/node_modules/react-dom/cjs/react-dom.development.js:17811:13)
          at beginWork (/home/runner/work/cis-scheduler-team-4/cis-scheduler-team-4/node_modules/react-dom/cjs/react-dom.development.js:19049:16)
          at HTMLUnknownElement.callCallback (/home/runner/work/cis-scheduler-team-4/cis-scheduler-team-4/node_modules/react-dom/cjs/react-dom.development.js:3945:14)
          at HTMLUnknownElement.callTheUserObjectsOperation (/home/runner/work/cis-scheduler-team-4/cis-scheduler-team-4/node_modules/jsdom/lib/jsdom/living/generated/EventListener.js:26:30)
          at innerInvokeEventListeners (/home/runner/work/cis-scheduler-team-4/cis-scheduler-team-4/node_modules/jsdom/lib/jsdom/living/events/EventTarget-impl.js:338:25)
          at invokeEventListeners (/home/runner/work/cis-scheduler-team-4/cis-scheduler-team-4/node_modules/jsdom/lib/jsdom/living/events/EventTarget-impl.js:274:3)
          at HTMLUnknownElementImpl._dispatch (/home/runner/work/cis-scheduler-team-4/cis-scheduler-team-4/node_modules/jsdom/lib/jsdom/living/events/EventTarget-impl.js:221:9)
          at HTMLUnknownElementImpl.dispatchEvent (/home/runner/work/cis-scheduler-team-4/cis-scheduler-team-4/node_modules/jsdom/lib/jsdom/living/events/EventTarget-impl.js:94:17)
          at HTMLUnknownElement.dispatchEvent (/home/runner/work/cis-scheduler-team-4/cis-scheduler-team-4/node_modules/jsdom/lib/jsdom/living/generated/EventTarget.js:231:34)
          at Object.invokeGuardedCallbackDev (/home/runner/work/cis-scheduler-team-4/cis-scheduler-team-4/node_modules/react-dom/cjs/react-dom.development.js:3994:16)
          at invokeGuardedCallback (/home/runner/work/cis-scheduler-team-4/cis-scheduler-team-4/node_modules/react-dom/cjs/react-dom.development.js:4056:31)
          at beginWork$1 (/home/runner/work/cis-scheduler-team-4/cis-scheduler-team-4/node_modules/react-dom/cjs/react-dom.development.js:23964:7)
          at performUnitOfWork (/home/runner/work/cis-scheduler-team-4/cis-scheduler-team-4/node_modules/react-dom/cjs/react-dom.development.js:22779:12)
          at workLoopSync (/home/runner/work/cis-scheduler-team-4/cis-scheduler-team-4/node_modules/react-dom/cjs/react-dom.development.js:22707:5)
          at renderRootSync (/home/runner/work/cis-scheduler-team-4/cis-scheduler-team-4/node_modules/react-dom/cjs/react-dom.development.js:22670:7)
          at performSyncWorkOnRoot (/home/runner/work/cis-scheduler-team-4/cis-scheduler-team-4/node_modules/react-dom/cjs/react-dom.development.js:22293:18)
          at scheduleUpdateOnFiber (/home/runner/work/cis-scheduler-team-4/cis-scheduler-team-4/node_modules/react-dom/cjs/react-dom.development.js:21881:7)
          at updateContainer (/home/runner/work/cis-scheduler-team-4/cis-scheduler-team-4/node_modules/react-dom/cjs/react-dom.development.js:25482:3)
          at /home/runner/work/cis-scheduler-team-4/cis-scheduler-team-4/node_modules/react-dom/cjs/react-dom.development.js:26021:7
          at unbatchedUpdates (/home/runner/work/cis-scheduler-team-4/cis-scheduler-team-4/node_modules/react-dom/cjs/react-dom.development.js:22431:12)
          at legacyRenderSubtreeIntoContainer (/home/runner/work/cis-scheduler-team-4/cis-scheduler-team-4/node_modules/react-dom/cjs/react-dom.development.js:26020:5)
          at Object.render (/home/runner/work/cis-scheduler-team-4/cis-scheduler-team-4/node_modules/react-dom/cjs/react-dom.development.js:26103:10)
          at /home/runner/work/cis-scheduler-team-4/cis-scheduler-team-4/node_modules/@testing-library/react/dist/pure.js:101:25
          at batchedUpdates$1 (/home/runner/work/cis-scheduler-team-4/cis-scheduler-team-4/node_modules/react-dom/cjs/react-dom.development.js:22380:12)
          at act (/home/runner/work/cis-scheduler-team-4/cis-scheduler-team-4/node_modules/react-dom/cjs/react-dom-test-utils.development.js:1042:14)
          at render (/home/runner/work/cis-scheduler-team-4/cis-scheduler-team-4/node_modules/@testing-library/react/dist/pure.js:97:26)
          at Object.<anonymous> (/home/runner/work/cis-scheduler-team-4/cis-scheduler-team-4/src/test/PlanList.test.tsx:15:9)
          at Promise.then.completed (/home/runner/work/cis-scheduler-team-4/cis-scheduler-team-4/node_modules/jest-circus/build/utils.js:391:28)
          at new Promise (<anonymous>)
          at callAsyncCircusFn (/home/runner/work/cis-scheduler-team-4/cis-scheduler-team-4/node_modules/jest-circus/build/utils.js:316:10)
          at _callCircusHook (/home/runner/work/cis-scheduler-team-4/cis-scheduler-team-4/node_modules/jest-circus/build/run.js:181:40)
          at _runTest (/home/runner/work/cis-scheduler-team-4/cis-scheduler-team-4/node_modules/jest-circus/build/run.js:148:5)
          at _runTestsForDescribeBlock (/home/runner/work/cis-scheduler-team-4/cis-scheduler-team-4/node_modules/jest-circus/build/run.js:66:9)
          at _runTestsForDescribeBlock (/home/runner/work/cis-scheduler-team-4/cis-scheduler-team-4/node_modules/jest-circus/build/run.js:60:9)
          at run (/home/runner/work/cis-scheduler-team-4/cis-scheduler-team-4/node_modules/jest-circus/build/run.js:25:3)
          at runAndTransformResultsToJestFormat (/home/runner/work/cis-scheduler-team-4/cis-scheduler-team-4/node_modules/jest-circus/build/legacy-code-todo-rewrite/jestAdapterInit.js:170:21)
          at jestAdapter (/home/runner/work/cis-scheduler-team-4/cis-scheduler-team-4/node_modules/jest-circus/build/legacy-code-todo-rewrite/jestAdapter.js:82:19)
          at runTestInternal (/home/runner/work/cis-scheduler-team-4/cis-scheduler-team-4/node_modules/jest-runner/build/runTest.js:389:16)
          at runTest (/home/runner/work/cis-scheduler-team-4/cis-scheduler-team-4/node_modules/jest-runner/build/runTest.js:475:34)

      at VirtualConsole.<anonymous> (node_modules/jsdom/lib/jsdom/virtual-console.js:29:45)
      at reportException (node_modules/jsdom/lib/jsdom/living/helpers/runtime-script-errors.js:70:28)
      at innerInvokeEventListeners (node_modules/jsdom/lib/jsdom/living/events/EventTarget-impl.js:341:9)
      at invokeEventListeners (node_modules/jsdom/lib/jsdom/living/events/EventTarget-impl.js:274:3)
      at HTMLUnknownElementImpl._dispatch (node_modules/jsdom/lib/jsdom/living/events/EventTarget-impl.js:221:9)
      at HTMLUnknownElementImpl.dispatchEvent (node_modules/jsdom/lib/jsdom/living/events/EventTarget-impl.js:94:17)
      at HTMLUnknownElement.dispatchEvent (node_modules/jsdom/lib/jsdom/living/generated/EventTarget.js:231:34)

    console.error
      The above error occurred in the <App> component:
      
          at App (/home/runner/work/cis-scheduler-team-4/cis-scheduler-team-4/src/App.tsx:109:51)
      
      Consider adding an error boundary to your tree to customize error handling behavior.
      Visit https://reactjs.org/link/error-boundaries to learn more about error boundaries.

      at logCapturedError (node_modules/react-dom/cjs/react-dom.development.js:20085:23)
      at update.callback (node_modules/react-dom/cjs/react-dom.development.js:20118:5)
      at callCallback (node_modules/react-dom/cjs/react-dom.development.js:12318:12)
      at commitUpdateQueue (node_modules/react-dom/cjs/react-dom.development.js:12339:9)
      at commitLifeCycles (node_modules/react-dom/cjs/react-dom.development.js:20736:11)
      at commitLayoutEffects (node_modules/react-dom/cjs/react-dom.development.js:23426:7)
      at HTMLUnknownElement.callCallback (node_modules/react-dom/cjs/react-dom.development.js:3945:14)
      at HTMLUnknownElement.callTheUserObjectsOperation (node_modules/jsdom/lib/jsdom/living/generated/EventListener.js:26:30)

  ● User can see a list of plans and be able to edit and delete them › There is a button, which adds a plan

    useLocation() may be used only in the context of a <Router> component.

      at invariant (../packages/react-router/lib/router.ts:5:20)
      at useLocation (../packages/react-router/lib/hooks.tsx:75:3)
      at App (src/App.tsx:164:22)
      at renderWithHooks (node_modules/react-dom/cjs/react-dom.development.js:14985:18)
      at mountIndeterminateComponent (node_modules/react-dom/cjs/react-dom.development.js:17811:13)
      at beginWork (node_modules/react-dom/cjs/react-dom.development.js:19049:16)
      at HTMLUnknownElement.callCallback (node_modules/react-dom/cjs/react-dom.development.js:3945:14)
      at HTMLUnknownElement.callTheUserObjectsOperation (node_modules/jsdom/lib/jsdom/living/generated/EventListener.js:26:30)
      at innerInvokeEventListeners (node_modules/jsdom/lib/jsdom/living/events/EventTarget-impl.js:338:25)
      at invokeEventListeners (node_modules/jsdom/lib/jsdom/living/events/EventTarget-impl.js:274:3)
      at HTMLUnknownElementImpl._dispatch (node_modules/jsdom/lib/jsdom/living/events/EventTarget-impl.js:221:9)
      at HTMLUnknownElementImpl.dispatchEvent (node_modules/jsdom/lib/jsdom/living/events/EventTarget-impl.js:94:17)
      at HTMLUnknownElement.dispatchEvent (node_modules/jsdom/lib/jsdom/living/generated/EventTarget.js:231:34)
      at Object.invokeGuardedCallbackDev (node_modules/react-dom/cjs/react-dom.development.js:3994:16)
      at invokeGuardedCallback (node_modules/react-dom/cjs/react-dom.development.js:4056:31)
      at beginWork$1 (node_modules/react-dom/cjs/react-dom.development.js:23964:7)
      at performUnitOfWork (node_modules/react-dom/cjs/react-dom.development.js:22779:12)
      at workLoopSync (node_modules/react-dom/cjs/react-dom.development.js:22707:5)
      at renderRootSync (node_modules/react-dom/cjs/react-dom.development.js:22670:7)
      at performSyncWorkOnRoot (node_modules/react-dom/cjs/react-dom.development.js:22293:18)
      at scheduleUpdateOnFiber (node_modules/react-dom/cjs/react-dom.development.js:21881:7)
      at updateContainer (node_modules/react-dom/cjs/react-dom.development.js:25482:3)
      at node_modules/react-dom/cjs/react-dom.development.js:26021:7
      at unbatchedUpdates (node_modules/react-dom/cjs/react-dom.development.js:22431:12)
      at legacyRenderSubtreeIntoContainer (node_modules/react-dom/cjs/react-dom.development.js:26020:5)
      at Object.render (node_modules/react-dom/cjs/react-dom.development.js:26103:10)
      at node_modules/@testing-library/react/dist/pure.js:101:25
      at batchedUpdates$1 (node_modules/react-dom/cjs/react-dom.development.js:22380:12)
      at act (node_modules/react-dom/cjs/react-dom-test-utils.development.js:1042:14)
      at render (node_modules/@testing-library/react/dist/pure.js:97:26)
      at Object.<anonymous> (src/test/PlanList.test.tsx:15:9)

  ● User can see a list of plans and be able to edit and delete them › There is a button, which allows the user to edit or delete a plan

    useLocation() may be used only in the context of a <Router> component.

      at invariant (../packages/react-router/lib/router.ts:5:20)
      at useLocation (../packages/react-router/lib/hooks.tsx:75:3)
      at App (src/App.tsx:164:22)
      at renderWithHooks (node_modules/react-dom/cjs/react-dom.development.js:14985:18)
      at mountIndeterminateComponent (node_modules/react-dom/cjs/react-dom.development.js:17811:13)
      at beginWork (node_modules/react-dom/cjs/react-dom.development.js:19049:16)
      at HTMLUnknownElement.callCallback (node_modules/react-dom/cjs/react-dom.development.js:3945:14)
      at HTMLUnknownElement.callTheUserObjectsOperation (node_modules/jsdom/lib/jsdom/living/generated/EventListener.js:26:30)
      at innerInvokeEventListeners (node_modules/jsdom/lib/jsdom/living/events/EventTarget-impl.js:338:25)
      at invokeEventListeners (node_modules/jsdom/lib/jsdom/living/events/EventTarget-impl.js:274:3)
      at HTMLUnknownElementImpl._dispatch (node_modules/jsdom/lib/jsdom/living/events/EventTarget-impl.js:221:9)
      at HTMLUnknownElementImpl.dispatchEvent (node_modules/jsdom/lib/jsdom/living/events/EventTarget-impl.js:94:17)
      at HTMLUnknownElement.dispatchEvent (node_modules/jsdom/lib/jsdom/living/generated/EventTarget.js:231:34)
      at Object.invokeGuardedCallbackDev (node_modules/react-dom/cjs/react-dom.development.js:3994:16)
      at invokeGuardedCallback (node_modules/react-dom/cjs/react-dom.development.js:4056:31)
      at beginWork$1 (node_modules/react-dom/cjs/react-dom.development.js:23964:7)
      at performUnitOfWork (node_modules/react-dom/cjs/react-dom.development.js:22779:12)
      at workLoopSync (node_modules/react-dom/cjs/react-dom.development.js:22707:5)
      at renderRootSync (node_modules/react-dom/cjs/react-dom.development.js:22670:7)
      at performSyncWorkOnRoot (node_modules/react-dom/cjs/react-dom.development.js:22293:18)
      at scheduleUpdateOnFiber (node_modules/react-dom/cjs/react-dom.development.js:21881:7)
      at updateContainer (node_modules/react-dom/cjs/react-dom.development.js:25482:3)
      at node_modules/react-dom/cjs/react-dom.development.js:26021:7
      at unbatchedUpdates (node_modules/react-dom/cjs/react-dom.development.js:22431:12)
      at legacyRenderSubtreeIntoContainer (node_modules/react-dom/cjs/react-dom.development.js:26020:5)
      at Object.render (node_modules/react-dom/cjs/react-dom.development.js:26103:10)
      at node_modules/@testing-library/react/dist/pure.js:101:25
      at batchedUpdates$1 (node_modules/react-dom/cjs/react-dom.development.js:22380:12)
      at act (node_modules/react-dom/cjs/react-dom-test-utils.development.js:1042:14)
      at render (node_modules/@testing-library/react/dist/pure.js:97:26)
      at Object.<anonymous> (src/test/PlanList.test.tsx:15:9)

  ● User can see a list of plans and be able to edit and delete them › You can see the title of a plan

    useLocation() may be used only in the context of a <Router> component.

      at invariant (../packages/react-router/lib/router.ts:5:20)
      at useLocation (../packages/react-router/lib/hooks.tsx:75:3)
      at App (src/App.tsx:164:22)
      at renderWithHooks (node_modules/react-dom/cjs/react-dom.development.js:14985:18)
      at mountIndeterminateComponent (node_modules/react-dom/cjs/react-dom.development.js:17811:13)
      at beginWork (node_modules/react-dom/cjs/react-dom.development.js:19049:16)
      at HTMLUnknownElement.callCallback (node_modules/react-dom/cjs/react-dom.development.js:3945:14)
      at HTMLUnknownElement.callTheUserObjectsOperation (node_modules/jsdom/lib/jsdom/living/generated/EventListener.js:26:30)
      at innerInvokeEventListeners (node_modules/jsdom/lib/jsdom/living/events/EventTarget-impl.js:338:25)
      at invokeEventListeners (node_modules/jsdom/lib/jsdom/living/events/EventTarget-impl.js:274:3)
      at HTMLUnknownElementImpl._dispatch (node_modules/jsdom/lib/jsdom/living/events/EventTarget-impl.js:221:9)
      at HTMLUnknownElementImpl.dispatchEvent (node_modules/jsdom/lib/jsdom/living/events/EventTarget-impl.js:94:17)
      at HTMLUnknownElement.dispatchEvent (node_modules/jsdom/lib/jsdom/living/generated/EventTarget.js:231:34)
      at Object.invokeGuardedCallbackDev (node_modules/react-dom/cjs/react-dom.development.js:3994:16)
      at invokeGuardedCallback (node_modules/react-dom/cjs/react-dom.development.js:4056:31)
      at beginWork$1 (node_modules/react-dom/cjs/react-dom.development.js:23964:7)
      at performUnitOfWork (node_modules/react-dom/cjs/react-dom.development.js:22779:12)
      at workLoopSync (node_modules/react-dom/cjs/react-dom.development.js:22707:5)
      at renderRootSync (node_modules/react-dom/cjs/react-dom.development.js:22670:7)
      at performSyncWorkOnRoot (node_modules/react-dom/cjs/react-dom.development.js:22293:18)
      at scheduleUpdateOnFiber (node_modules/react-dom/cjs/react-dom.development.js:21881:7)
      at updateContainer (node_modules/react-dom/cjs/react-dom.development.js:25482:3)
      at node_modules/react-dom/cjs/react-dom.development.js:26021:7
      at unbatchedUpdates (node_modules/react-dom/cjs/react-dom.development.js:22431:12)
      at legacyRenderSubtreeIntoContainer (node_modules/react-dom/cjs/react-dom.development.js:26020:5)
      at Object.render (node_modules/react-dom/cjs/react-dom.development.js:26103:10)
      at node_modules/@testing-library/react/dist/pure.js:101:25
      at batchedUpdates$1 (node_modules/react-dom/cjs/react-dom.development.js:22380:12)
      at act (node_modules/react-dom/cjs/react-dom-test-utils.development.js:1042:14)
      at render (node_modules/@testing-library/react/dist/pure.js:97:26)
      at Object.<anonymous> (src/test/PlanList.test.tsx:15:9)

  ● User can see a list of plans and be able to edit and delete them › You can seee the plan description

    useLocation() may be used only in the context of a <Router> component.

      at invariant (../packages/react-router/lib/router.ts:5:20)
      at useLocation (../packages/react-router/lib/hooks.tsx:75:3)
      at App (src/App.tsx:164:22)
      at renderWithHooks (node_modules/react-dom/cjs/react-dom.development.js:14985:18)
      at mountIndeterminateComponent (node_modules/react-dom/cjs/react-dom.development.js:17811:13)
      at beginWork (node_modules/react-dom/cjs/react-dom.development.js:19049:16)
      at HTMLUnknownElement.callCallback (node_modules/react-dom/cjs/react-dom.development.js:3945:14)
      at HTMLUnknownElement.callTheUserObjectsOperation (node_modules/jsdom/lib/jsdom/living/generated/EventListener.js:26:30)
      at innerInvokeEventListeners (node_modules/jsdom/lib/jsdom/living/events/EventTarget-impl.js:338:25)
      at invokeEventListeners (node_modules/jsdom/lib/jsdom/living/events/EventTarget-impl.js:274:3)
      at HTMLUnknownElementImpl._dispatch (node_modules/jsdom/lib/jsdom/living/events/EventTarget-impl.js:221:9)
      at HTMLUnknownElementImpl.dispatchEvent (node_modules/jsdom/lib/jsdom/living/events/EventTarget-impl.js:94:17)
      at HTMLUnknownElement.dispatchEvent (node_modules/jsdom/lib/jsdom/living/generated/EventTarget.js:231:34)
      at Object.invokeGuardedCallbackDev (node_modules/react-dom/cjs/react-dom.development.js:3994:16)
      at invokeGuardedCallback (node_modules/react-dom/cjs/react-dom.development.js:4056:31)
      at beginWork$1 (node_modules/react-dom/cjs/react-dom.development.js:23964:7)
      at performUnitOfWork (node_modules/react-dom/cjs/react-dom.development.js:22779:12)
      at workLoopSync (node_modules/react-dom/cjs/react-dom.development.js:22707:5)
      at renderRootSync (node_modules/react-dom/cjs/react-dom.development.js:22670:7)
      at performSyncWorkOnRoot (node_modules/react-dom/cjs/react-dom.development.js:22293:18)
      at scheduleUpdateOnFiber (node_modules/react-dom/cjs/react-dom.development.js:21881:7)
      at updateContainer (node_modules/react-dom/cjs/react-dom.development.js:25482:3)
      at node_modules/react-dom/cjs/react-dom.development.js:26021:7
      at unbatchedUpdates (node_modules/react-dom/cjs/react-dom.development.js:22431:12)
      at legacyRenderSubtreeIntoContainer (node_modules/react-dom/cjs/react-dom.development.js:26020:5)
      at Object.render (node_modules/react-dom/cjs/react-dom.development.js:26103:10)
      at node_modules/@testing-library/react/dist/pure.js:101:25
      at batchedUpdates$1 (node_modules/react-dom/cjs/react-dom.development.js:22380:12)
      at act (node_modules/react-dom/cjs/react-dom-test-utils.development.js:1042:14)
      at render (node_modules/@testing-library/react/dist/pure.js:97:26)
      at Object.<anonymous> (src/test/PlanList.test.tsx:15:9)

FAIL src/test/YearList.test.tsx
  ● Console

    console.error
      Error: Uncaught [Error: useLocation() may be used only in the context of a <Router> component.]
          at reportException (/home/runner/work/cis-scheduler-team-4/cis-scheduler-team-4/node_modules/jsdom/lib/jsdom/living/helpers/runtime-script-errors.js:66:24)
          at innerInvokeEventListeners (/home/runner/work/cis-scheduler-team-4/cis-scheduler-team-4/node_modules/jsdom/lib/jsdom/living/events/EventTarget-impl.js:341:9)
          at invokeEventListeners (/home/runner/work/cis-scheduler-team-4/cis-scheduler-team-4/node_modules/jsdom/lib/jsdom/living/events/EventTarget-impl.js:274:3)
          at HTMLUnknownElementImpl._dispatch (/home/runner/work/cis-scheduler-team-4/cis-scheduler-team-4/node_modules/jsdom/lib/jsdom/living/events/EventTarget-impl.js:221:9)
          at HTMLUnknownElementImpl.dispatchEvent (/home/runner/work/cis-scheduler-team-4/cis-scheduler-team-4/node_modules/jsdom/lib/jsdom/living/events/EventTarget-impl.js:94:17)
          at HTMLUnknownElement.dispatchEvent (/home/runner/work/cis-scheduler-team-4/cis-scheduler-team-4/node_modules/jsdom/lib/jsdom/living/generated/EventTarget.js:231:34)
          at Object.invokeGuardedCallbackDev (/home/runner/work/cis-scheduler-team-4/cis-scheduler-team-4/node_modules/react-dom/cjs/react-dom.development.js:3994:16)
          at invokeGuardedCallback (/home/runner/work/cis-scheduler-team-4/cis-scheduler-team-4/node_modules/react-dom/cjs/react-dom.development.js:4056:31)
          at beginWork$1 (/home/runner/work/cis-scheduler-team-4/cis-scheduler-team-4/node_modules/react-dom/cjs/react-dom.development.js:23964:7)
          at performUnitOfWork (/home/runner/work/cis-scheduler-team-4/cis-scheduler-team-4/node_modules/react-dom/cjs/react-dom.development.js:22779:12) Error: useLocation() may be used only in the context of a <Router> component.
          at invariant (/home/runner/work/cis-scheduler-team-4/packages/react-router/lib/router.ts:5:20)
          at useLocation (/home/runner/work/cis-scheduler-team-4/packages/react-router/lib/hooks.tsx:75:3)
          at App (/home/runner/work/cis-scheduler-team-4/cis-scheduler-team-4/src/App.tsx:164:22)
          at renderWithHooks (/home/runner/work/cis-scheduler-team-4/cis-scheduler-team-4/node_modules/react-dom/cjs/react-dom.development.js:14985:18)
          at mountIndeterminateComponent (/home/runner/work/cis-scheduler-team-4/cis-scheduler-team-4/node_modules/react-dom/cjs/react-dom.development.js:17811:13)
          at beginWork (/home/runner/work/cis-scheduler-team-4/cis-scheduler-team-4/node_modules/react-dom/cjs/react-dom.development.js:19049:16)
          at HTMLUnknownElement.callCallback (/home/runner/work/cis-scheduler-team-4/cis-scheduler-team-4/node_modules/react-dom/cjs/react-dom.development.js:3945:14)
          at HTMLUnknownElement.callTheUserObjectsOperation (/home/runner/work/cis-scheduler-team-4/cis-scheduler-team-4/node_modules/jsdom/lib/jsdom/living/generated/EventListener.js:26:30)
          at innerInvokeEventListeners (/home/runner/work/cis-scheduler-team-4/cis-scheduler-team-4/node_modules/jsdom/lib/jsdom/living/events/EventTarget-impl.js:338:25)
          at invokeEventListeners (/home/runner/work/cis-scheduler-team-4/cis-scheduler-team-4/node_modules/jsdom/lib/jsdom/living/events/EventTarget-impl.js:274:3)
          at HTMLUnknownElementImpl._dispatch (/home/runner/work/cis-scheduler-team-4/cis-scheduler-team-4/node_modules/jsdom/lib/jsdom/living/events/EventTarget-impl.js:221:9)
          at HTMLUnknownElementImpl.dispatchEvent (/home/runner/work/cis-scheduler-team-4/cis-scheduler-team-4/node_modules/jsdom/lib/jsdom/living/events/EventTarget-impl.js:94:17)
          at HTMLUnknownElement.dispatchEvent (/home/runner/work/cis-scheduler-team-4/cis-scheduler-team-4/node_modules/jsdom/lib/jsdom/living/generated/EventTarget.js:231:34)
          at Object.invokeGuardedCallbackDev (/home/runner/work/cis-scheduler-team-4/cis-scheduler-team-4/node_modules/react-dom/cjs/react-dom.development.js:3994:16)
          at invokeGuardedCallback (/home/runner/work/cis-scheduler-team-4/cis-scheduler-team-4/node_modules/react-dom/cjs/react-dom.development.js:4056:31)
          at beginWork$1 (/home/runner/work/cis-scheduler-team-4/cis-scheduler-team-4/node_modules/react-dom/cjs/react-dom.development.js:23964:7)
          at performUnitOfWork (/home/runner/work/cis-scheduler-team-4/cis-scheduler-team-4/node_modules/react-dom/cjs/react-dom.development.js:22779:12)
          at workLoopSync (/home/runner/work/cis-scheduler-team-4/cis-scheduler-team-4/node_modules/react-dom/cjs/react-dom.development.js:22707:5)
          at renderRootSync (/home/runner/work/cis-scheduler-team-4/cis-scheduler-team-4/node_modules/react-dom/cjs/react-dom.development.js:22670:7)
          at performSyncWorkOnRoot (/home/runner/work/cis-scheduler-team-4/cis-scheduler-team-4/node_modules/react-dom/cjs/react-dom.development.js:22293:18)
          at scheduleUpdateOnFiber (/home/runner/work/cis-scheduler-team-4/cis-scheduler-team-4/node_modules/react-dom/cjs/react-dom.development.js:21881:7)
          at updateContainer (/home/runner/work/cis-scheduler-team-4/cis-scheduler-team-4/node_modules/react-dom/cjs/react-dom.development.js:25482:3)
          at /home/runner/work/cis-scheduler-team-4/cis-scheduler-team-4/node_modules/react-dom/cjs/react-dom.development.js:26021:7
          at unbatchedUpdates (/home/runner/work/cis-scheduler-team-4/cis-scheduler-team-4/node_modules/react-dom/cjs/react-dom.development.js:22431:12)
          at legacyRenderSubtreeIntoContainer (/home/runner/work/cis-scheduler-team-4/cis-scheduler-team-4/node_modules/react-dom/cjs/react-dom.development.js:26020:5)
          at Object.render (/home/runner/work/cis-scheduler-team-4/cis-scheduler-team-4/node_modules/react-dom/cjs/react-dom.development.js:26103:10)
          at /home/runner/work/cis-scheduler-team-4/cis-scheduler-team-4/node_modules/@testing-library/react/dist/pure.js:101:25
          at batchedUpdates$1 (/home/runner/work/cis-scheduler-team-4/cis-scheduler-team-4/node_modules/react-dom/cjs/react-dom.development.js:22380:12)
          at act (/home/runner/work/cis-scheduler-team-4/cis-scheduler-team-4/node_modules/react-dom/cjs/react-dom-test-utils.development.js:1042:14)
          at render (/home/runner/work/cis-scheduler-team-4/cis-scheduler-team-4/node_modules/@testing-library/react/dist/pure.js:97:26)
          at Object.<anonymous> (/home/runner/work/cis-scheduler-team-4/cis-scheduler-team-4/src/test/YearList.test.tsx:19:9)
          at Promise.then.completed (/home/runner/work/cis-scheduler-team-4/cis-scheduler-team-4/node_modules/jest-circus/build/utils.js:391:28)
          at new Promise (<anonymous>)
          at callAsyncCircusFn (/home/runner/work/cis-scheduler-team-4/cis-scheduler-team-4/node_modules/jest-circus/build/utils.js:316:10)
          at _callCircusHook (/home/runner/work/cis-scheduler-team-4/cis-scheduler-team-4/node_modules/jest-circus/build/run.js:181:40)
          at _runTest (/home/runner/work/cis-scheduler-team-4/cis-scheduler-team-4/node_modules/jest-circus/build/run.js:148:5)
          at _runTestsForDescribeBlock (/home/runner/work/cis-scheduler-team-4/cis-scheduler-team-4/node_modules/jest-circus/build/run.js:66:9)
          at _runTestsForDescribeBlock (/home/runner/work/cis-scheduler-team-4/cis-scheduler-team-4/node_modules/jest-circus/build/run.js:60:9)
          at run (/home/runner/work/cis-scheduler-team-4/cis-scheduler-team-4/node_modules/jest-circus/build/run.js:25:3)
          at runAndTransformResultsToJestFormat (/home/runner/work/cis-scheduler-team-4/cis-scheduler-team-4/node_modules/jest-circus/build/legacy-code-todo-rewrite/jestAdapterInit.js:170:21)
          at jestAdapter (/home/runner/work/cis-scheduler-team-4/cis-scheduler-team-4/node_modules/jest-circus/build/legacy-code-todo-rewrite/jestAdapter.js:82:19)
          at runTestInternal (/home/runner/work/cis-scheduler-team-4/cis-scheduler-team-4/node_modules/jest-runner/build/runTest.js:389:16)
          at runTest (/home/runner/work/cis-scheduler-team-4/cis-scheduler-team-4/node_modules/jest-runner/build/runTest.js:475:34)

      at VirtualConsole.<anonymous> (node_modules/jsdom/lib/jsdom/virtual-console.js:29:45)
      at reportException (node_modules/jsdom/lib/jsdom/living/helpers/runtime-script-errors.js:70:28)
      at innerInvokeEventListeners (node_modules/jsdom/lib/jsdom/living/events/EventTarget-impl.js:341:9)
      at invokeEventListeners (node_modules/jsdom/lib/jsdom/living/events/EventTarget-impl.js:274:3)
      at HTMLUnknownElementImpl._dispatch (node_modules/jsdom/lib/jsdom/living/events/EventTarget-impl.js:221:9)
      at HTMLUnknownElementImpl.dispatchEvent (node_modules/jsdom/lib/jsdom/living/events/EventTarget-impl.js:94:17)
      at HTMLUnknownElement.dispatchEvent (node_modules/jsdom/lib/jsdom/living/generated/EventTarget.js:231:34)

    console.error
      The above error occurred in the <App> component:
      
          at App (/home/runner/work/cis-scheduler-team-4/cis-scheduler-team-4/src/App.tsx:109:51)
      
      Consider adding an error boundary to your tree to customize error handling behavior.
      Visit https://reactjs.org/link/error-boundaries to learn more about error boundaries.

      at logCapturedError (node_modules/react-dom/cjs/react-dom.development.js:20085:23)
      at update.callback (node_modules/react-dom/cjs/react-dom.development.js:20118:5)
      at callCallback (node_modules/react-dom/cjs/react-dom.development.js:12318:12)
      at commitUpdateQueue (node_modules/react-dom/cjs/react-dom.development.js:12339:9)
      at commitLifeCycles (node_modules/react-dom/cjs/react-dom.development.js:20736:11)
      at commitLayoutEffects (node_modules/react-dom/cjs/react-dom.development.js:23426:7)
      at HTMLUnknownElement.callCallback (node_modules/react-dom/cjs/react-dom.development.js:3945:14)
      at HTMLUnknownElement.callTheUserObjectsOperation (node_modules/jsdom/lib/jsdom/living/generated/EventListener.js:26:30)

    console.error
      Error: Uncaught [Error: useLocation() may be used only in the context of a <Router> component.]
          at reportException (/home/runner/work/cis-scheduler-team-4/cis-scheduler-team-4/node_modules/jsdom/lib/jsdom/living/helpers/runtime-script-errors.js:66:24)
          at innerInvokeEventListeners (/home/runner/work/cis-scheduler-team-4/cis-scheduler-team-4/node_modules/jsdom/lib/jsdom/living/events/EventTarget-impl.js:341:9)
          at invokeEventListeners (/home/runner/work/cis-scheduler-team-4/cis-scheduler-team-4/node_modules/jsdom/lib/jsdom/living/events/EventTarget-impl.js:274:3)
          at HTMLUnknownElementImpl._dispatch (/home/runner/work/cis-scheduler-team-4/cis-scheduler-team-4/node_modules/jsdom/lib/jsdom/living/events/EventTarget-impl.js:221:9)
          at HTMLUnknownElementImpl.dispatchEvent (/home/runner/work/cis-scheduler-team-4/cis-scheduler-team-4/node_modules/jsdom/lib/jsdom/living/events/EventTarget-impl.js:94:17)
          at HTMLUnknownElement.dispatchEvent (/home/runner/work/cis-scheduler-team-4/cis-scheduler-team-4/node_modules/jsdom/lib/jsdom/living/generated/EventTarget.js:231:34)
          at Object.invokeGuardedCallbackDev (/home/runner/work/cis-scheduler-team-4/cis-scheduler-team-4/node_modules/react-dom/cjs/react-dom.development.js:3994:16)
          at invokeGuardedCallback (/home/runner/work/cis-scheduler-team-4/cis-scheduler-team-4/node_modules/react-dom/cjs/react-dom.development.js:4056:31)
          at beginWork$1 (/home/runner/work/cis-scheduler-team-4/cis-scheduler-team-4/node_modules/react-dom/cjs/react-dom.development.js:23964:7)
          at performUnitOfWork (/home/runner/work/cis-scheduler-team-4/cis-scheduler-team-4/node_modules/react-dom/cjs/react-dom.development.js:22779:12) Error: useLocation() may be used only in the context of a <Router> component.
          at invariant (/home/runner/work/cis-scheduler-team-4/packages/react-router/lib/router.ts:5:20)
          at useLocation (/home/runner/work/cis-scheduler-team-4/packages/react-router/lib/hooks.tsx:75:3)
          at App (/home/runner/work/cis-scheduler-team-4/cis-scheduler-team-4/src/App.tsx:164:22)
          at renderWithHooks (/home/runner/work/cis-scheduler-team-4/cis-scheduler-team-4/node_modules/react-dom/cjs/react-dom.development.js:14985:18)
          at mountIndeterminateComponent (/home/runner/work/cis-scheduler-team-4/cis-scheduler-team-4/node_modules/react-dom/cjs/react-dom.development.js:17811:13)
          at beginWork (/home/runner/work/cis-scheduler-team-4/cis-scheduler-team-4/node_modules/react-dom/cjs/react-dom.development.js:19049:16)
          at HTMLUnknownElement.callCallback (/home/runner/work/cis-scheduler-team-4/cis-scheduler-team-4/node_modules/react-dom/cjs/react-dom.development.js:3945:14)
          at HTMLUnknownElement.callTheUserObjectsOperation (/home/runner/work/cis-scheduler-team-4/cis-scheduler-team-4/node_modules/jsdom/lib/jsdom/living/generated/EventListener.js:26:30)
          at innerInvokeEventListeners (/home/runner/work/cis-scheduler-team-4/cis-scheduler-team-4/node_modules/jsdom/lib/jsdom/living/events/EventTarget-impl.js:338:25)
          at invokeEventListeners (/home/runner/work/cis-scheduler-team-4/cis-scheduler-team-4/node_modules/jsdom/lib/jsdom/living/events/EventTarget-impl.js:274:3)
          at HTMLUnknownElementImpl._dispatch (/home/runner/work/cis-scheduler-team-4/cis-scheduler-team-4/node_modules/jsdom/lib/jsdom/living/events/EventTarget-impl.js:221:9)
          at HTMLUnknownElementImpl.dispatchEvent (/home/runner/work/cis-scheduler-team-4/cis-scheduler-team-4/node_modules/jsdom/lib/jsdom/living/events/EventTarget-impl.js:94:17)
          at HTMLUnknownElement.dispatchEvent (/home/runner/work/cis-scheduler-team-4/cis-scheduler-team-4/node_modules/jsdom/lib/jsdom/living/generated/EventTarget.js:231:34)
          at Object.invokeGuardedCallbackDev (/home/runner/work/cis-scheduler-team-4/cis-scheduler-team-4/node_modules/react-dom/cjs/react-dom.development.js:3994:16)
          at invokeGuardedCallback (/home/runner/work/cis-scheduler-team-4/cis-scheduler-team-4/node_modules/react-dom/cjs/react-dom.development.js:4056:31)
          at beginWork$1 (/home/runner/work/cis-scheduler-team-4/cis-scheduler-team-4/node_modules/react-dom/cjs/react-dom.development.js:23964:7)
          at performUnitOfWork (/home/runner/work/cis-scheduler-team-4/cis-scheduler-team-4/node_modules/react-dom/cjs/react-dom.development.js:22779:12)
          at workLoopSync (/home/runner/work/cis-scheduler-team-4/cis-scheduler-team-4/node_modules/react-dom/cjs/react-dom.development.js:22707:5)
          at renderRootSync (/home/runner/work/cis-scheduler-team-4/cis-scheduler-team-4/node_modules/react-dom/cjs/react-dom.development.js:22670:7)
          at performSyncWorkOnRoot (/home/runner/work/cis-scheduler-team-4/cis-scheduler-team-4/node_modules/react-dom/cjs/react-dom.development.js:22293:18)
          at scheduleUpdateOnFiber (/home/runner/work/cis-scheduler-team-4/cis-scheduler-team-4/node_modules/react-dom/cjs/react-dom.development.js:21881:7)
          at updateContainer (/home/runner/work/cis-scheduler-team-4/cis-scheduler-team-4/node_modules/react-dom/cjs/react-dom.development.js:25482:3)
          at /home/runner/work/cis-scheduler-team-4/cis-scheduler-team-4/node_modules/react-dom/cjs/react-dom.development.js:26021:7
          at unbatchedUpdates (/home/runner/work/cis-scheduler-team-4/cis-scheduler-team-4/node_modules/react-dom/cjs/react-dom.development.js:22431:12)
          at legacyRenderSubtreeIntoContainer (/home/runner/work/cis-scheduler-team-4/cis-scheduler-team-4/node_modules/react-dom/cjs/react-dom.development.js:26020:5)
          at Object.render (/home/runner/work/cis-scheduler-team-4/cis-scheduler-team-4/node_modules/react-dom/cjs/react-dom.development.js:26103:10)
          at /home/runner/work/cis-scheduler-team-4/cis-scheduler-team-4/node_modules/@testing-library/react/dist/pure.js:101:25
          at batchedUpdates$1 (/home/runner/work/cis-scheduler-team-4/cis-scheduler-team-4/node_modules/react-dom/cjs/react-dom.development.js:22380:12)
          at act (/home/runner/work/cis-scheduler-team-4/cis-scheduler-team-4/node_modules/react-dom/cjs/react-dom-test-utils.development.js:1042:14)
          at render (/home/runner/work/cis-scheduler-team-4/cis-scheduler-team-4/node_modules/@testing-library/react/dist/pure.js:97:26)
          at Object.<anonymous> (/home/runner/work/cis-scheduler-team-4/cis-scheduler-team-4/src/test/YearList.test.tsx:19:9)
          at Promise.then.completed (/home/runner/work/cis-scheduler-team-4/cis-scheduler-team-4/node_modules/jest-circus/build/utils.js:391:28)
          at new Promise (<anonymous>)
          at callAsyncCircusFn (/home/runner/work/cis-scheduler-team-4/cis-scheduler-team-4/node_modules/jest-circus/build/utils.js:316:10)
          at _callCircusHook (/home/runner/work/cis-scheduler-team-4/cis-scheduler-team-4/node_modules/jest-circus/build/run.js:181:40)
          at _runTest (/home/runner/work/cis-scheduler-team-4/cis-scheduler-team-4/node_modules/jest-circus/build/run.js:148:5)
          at _runTestsForDescribeBlock (/home/runner/work/cis-scheduler-team-4/cis-scheduler-team-4/node_modules/jest-circus/build/run.js:66:9)
          at _runTestsForDescribeBlock (/home/runner/work/cis-scheduler-team-4/cis-scheduler-team-4/node_modules/jest-circus/build/run.js:60:9)
          at run (/home/runner/work/cis-scheduler-team-4/cis-scheduler-team-4/node_modules/jest-circus/build/run.js:25:3)
          at runAndTransformResultsToJestFormat (/home/runner/work/cis-scheduler-team-4/cis-scheduler-team-4/node_modules/jest-circus/build/legacy-code-todo-rewrite/jestAdapterInit.js:170:21)
          at jestAdapter (/home/runner/work/cis-scheduler-team-4/cis-scheduler-team-4/node_modules/jest-circus/build/legacy-code-todo-rewrite/jestAdapter.js:82:19)
          at runTestInternal (/home/runner/work/cis-scheduler-team-4/cis-scheduler-team-4/node_modules/jest-runner/build/runTest.js:389:16)
          at runTest (/home/runner/work/cis-scheduler-team-4/cis-scheduler-team-4/node_modules/jest-runner/build/runTest.js:475:34)

      at VirtualConsole.<anonymous> (node_modules/jsdom/lib/jsdom/virtual-console.js:29:45)
      at reportException (node_modules/jsdom/lib/jsdom/living/helpers/runtime-script-errors.js:70:28)
      at innerInvokeEventListeners (node_modules/jsdom/lib/jsdom/living/events/EventTarget-impl.js:341:9)
      at invokeEventListeners (node_modules/jsdom/lib/jsdom/living/events/EventTarget-impl.js:274:3)
      at HTMLUnknownElementImpl._dispatch (node_modules/jsdom/lib/jsdom/living/events/EventTarget-impl.js:221:9)
      at HTMLUnknownElementImpl.dispatchEvent (node_modules/jsdom/lib/jsdom/living/events/EventTarget-impl.js:94:17)
      at HTMLUnknownElement.dispatchEvent (node_modules/jsdom/lib/jsdom/living/generated/EventTarget.js:231:34)

    console.error
      The above error occurred in the <App> component:
      
          at App (/home/runner/work/cis-scheduler-team-4/cis-scheduler-team-4/src/App.tsx:109:51)
      
      Consider adding an error boundary to your tree to customize error handling behavior.
      Visit https://reactjs.org/link/error-boundaries to learn more about error boundaries.

      at logCapturedError (node_modules/react-dom/cjs/react-dom.development.js:20085:23)
      at update.callback (node_modules/react-dom/cjs/react-dom.development.js:20118:5)
      at callCallback (node_modules/react-dom/cjs/react-dom.development.js:12318:12)
      at commitUpdateQueue (node_modules/react-dom/cjs/react-dom.development.js:12339:9)
      at commitLifeCycles (node_modules/react-dom/cjs/react-dom.development.js:20736:11)
      at commitLayoutEffects (node_modules/react-dom/cjs/react-dom.development.js:23426:7)
      at HTMLUnknownElement.callCallback (node_modules/react-dom/cjs/react-dom.development.js:3945:14)
      at HTMLUnknownElement.callTheUserObjectsOperation (node_modules/jsdom/lib/jsdom/living/generated/EventListener.js:26:30)

    console.error
      Error: Uncaught [Error: useLocation() may be used only in the context of a <Router> component.]
          at reportException (/home/runner/work/cis-scheduler-team-4/cis-scheduler-team-4/node_modules/jsdom/lib/jsdom/living/helpers/runtime-script-errors.js:66:24)
          at innerInvokeEventListeners (/home/runner/work/cis-scheduler-team-4/cis-scheduler-team-4/node_modules/jsdom/lib/jsdom/living/events/EventTarget-impl.js:341:9)
          at invokeEventListeners (/home/runner/work/cis-scheduler-team-4/cis-scheduler-team-4/node_modules/jsdom/lib/jsdom/living/events/EventTarget-impl.js:274:3)
          at HTMLUnknownElementImpl._dispatch (/home/runner/work/cis-scheduler-team-4/cis-scheduler-team-4/node_modules/jsdom/lib/jsdom/living/events/EventTarget-impl.js:221:9)
          at HTMLUnknownElementImpl.dispatchEvent (/home/runner/work/cis-scheduler-team-4/cis-scheduler-team-4/node_modules/jsdom/lib/jsdom/living/events/EventTarget-impl.js:94:17)
          at HTMLUnknownElement.dispatchEvent (/home/runner/work/cis-scheduler-team-4/cis-scheduler-team-4/node_modules/jsdom/lib/jsdom/living/generated/EventTarget.js:231:34)
          at Object.invokeGuardedCallbackDev (/home/runner/work/cis-scheduler-team-4/cis-scheduler-team-4/node_modules/react-dom/cjs/react-dom.development.js:3994:16)
          at invokeGuardedCallback (/home/runner/work/cis-scheduler-team-4/cis-scheduler-team-4/node_modules/react-dom/cjs/react-dom.development.js:4056:31)
          at beginWork$1 (/home/runner/work/cis-scheduler-team-4/cis-scheduler-team-4/node_modules/react-dom/cjs/react-dom.development.js:23964:7)
          at performUnitOfWork (/home/runner/work/cis-scheduler-team-4/cis-scheduler-team-4/node_modules/react-dom/cjs/react-dom.development.js:22779:12) Error: useLocation() may be used only in the context of a <Router> component.
          at invariant (/home/runner/work/cis-scheduler-team-4/packages/react-router/lib/router.ts:5:20)
          at useLocation (/home/runner/work/cis-scheduler-team-4/packages/react-router/lib/hooks.tsx:75:3)
          at App (/home/runner/work/cis-scheduler-team-4/cis-scheduler-team-4/src/App.tsx:164:22)
          at renderWithHooks (/home/runner/work/cis-scheduler-team-4/cis-scheduler-team-4/node_modules/react-dom/cjs/react-dom.development.js:14985:18)
          at mountIndeterminateComponent (/home/runner/work/cis-scheduler-team-4/cis-scheduler-team-4/node_modules/react-dom/cjs/react-dom.development.js:17811:13)
          at beginWork (/home/runner/work/cis-scheduler-team-4/cis-scheduler-team-4/node_modules/react-dom/cjs/react-dom.development.js:19049:16)
          at HTMLUnknownElement.callCallback (/home/runner/work/cis-scheduler-team-4/cis-scheduler-team-4/node_modules/react-dom/cjs/react-dom.development.js:3945:14)
          at HTMLUnknownElement.callTheUserObjectsOperation (/home/runner/work/cis-scheduler-team-4/cis-scheduler-team-4/node_modules/jsdom/lib/jsdom/living/generated/EventListener.js:26:30)
          at innerInvokeEventListeners (/home/runner/work/cis-scheduler-team-4/cis-scheduler-team-4/node_modules/jsdom/lib/jsdom/living/events/EventTarget-impl.js:338:25)
          at invokeEventListeners (/home/runner/work/cis-scheduler-team-4/cis-scheduler-team-4/node_modules/jsdom/lib/jsdom/living/events/EventTarget-impl.js:274:3)
          at HTMLUnknownElementImpl._dispatch (/home/runner/work/cis-scheduler-team-4/cis-scheduler-team-4/node_modules/jsdom/lib/jsdom/living/events/EventTarget-impl.js:221:9)
          at HTMLUnknownElementImpl.dispatchEvent (/home/runner/work/cis-scheduler-team-4/cis-scheduler-team-4/node_modules/jsdom/lib/jsdom/living/events/EventTarget-impl.js:94:17)
          at HTMLUnknownElement.dispatchEvent (/home/runner/work/cis-scheduler-team-4/cis-scheduler-team-4/node_modules/jsdom/lib/jsdom/living/generated/EventTarget.js:231:34)
          at Object.invokeGuardedCallbackDev (/home/runner/work/cis-scheduler-team-4/cis-scheduler-team-4/node_modules/react-dom/cjs/react-dom.development.js:3994:16)
          at invokeGuardedCallback (/home/runner/work/cis-scheduler-team-4/cis-scheduler-team-4/node_modules/react-dom/cjs/react-dom.development.js:4056:31)
          at beginWork$1 (/home/runner/work/cis-scheduler-team-4/cis-scheduler-team-4/node_modules/react-dom/cjs/react-dom.development.js:23964:7)
          at performUnitOfWork (/home/runner/work/cis-scheduler-team-4/cis-scheduler-team-4/node_modules/react-dom/cjs/react-dom.development.js:22779:12)
          at workLoopSync (/home/runner/work/cis-scheduler-team-4/cis-scheduler-team-4/node_modules/react-dom/cjs/react-dom.development.js:22707:5)
          at renderRootSync (/home/runner/work/cis-scheduler-team-4/cis-scheduler-team-4/node_modules/react-dom/cjs/react-dom.development.js:22670:7)
          at performSyncWorkOnRoot (/home/runner/work/cis-scheduler-team-4/cis-scheduler-team-4/node_modules/react-dom/cjs/react-dom.development.js:22293:18)
          at scheduleUpdateOnFiber (/home/runner/work/cis-scheduler-team-4/cis-scheduler-team-4/node_modules/react-dom/cjs/react-dom.development.js:21881:7)
          at updateContainer (/home/runner/work/cis-scheduler-team-4/cis-scheduler-team-4/node_modules/react-dom/cjs/react-dom.development.js:25482:3)
          at /home/runner/work/cis-scheduler-team-4/cis-scheduler-team-4/node_modules/react-dom/cjs/react-dom.development.js:26021:7
          at unbatchedUpdates (/home/runner/work/cis-scheduler-team-4/cis-scheduler-team-4/node_modules/react-dom/cjs/react-dom.development.js:22431:12)
          at legacyRenderSubtreeIntoContainer (/home/runner/work/cis-scheduler-team-4/cis-scheduler-team-4/node_modules/react-dom/cjs/react-dom.development.js:26020:5)
          at Object.render (/home/runner/work/cis-scheduler-team-4/cis-scheduler-team-4/node_modules/react-dom/cjs/react-dom.development.js:26103:10)
          at /home/runner/work/cis-scheduler-team-4/cis-scheduler-team-4/node_modules/@testing-library/react/dist/pure.js:101:25
          at batchedUpdates$1 (/home/runner/work/cis-scheduler-team-4/cis-scheduler-team-4/node_modules/react-dom/cjs/react-dom.development.js:22380:12)
          at act (/home/runner/work/cis-scheduler-team-4/cis-scheduler-team-4/node_modules/react-dom/cjs/react-dom-test-utils.development.js:1042:14)
          at render (/home/runner/work/cis-scheduler-team-4/cis-scheduler-team-4/node_modules/@testing-library/react/dist/pure.js:97:26)
          at Object.<anonymous> (/home/runner/work/cis-scheduler-team-4/cis-scheduler-team-4/src/test/YearList.test.tsx:19:9)
          at Promise.then.completed (/home/runner/work/cis-scheduler-team-4/cis-scheduler-team-4/node_modules/jest-circus/build/utils.js:391:28)
          at new Promise (<anonymous>)
          at callAsyncCircusFn (/home/runner/work/cis-scheduler-team-4/cis-scheduler-team-4/node_modules/jest-circus/build/utils.js:316:10)
          at _callCircusHook (/home/runner/work/cis-scheduler-team-4/cis-scheduler-team-4/node_modules/jest-circus/build/run.js:181:40)
          at _runTest (/home/runner/work/cis-scheduler-team-4/cis-scheduler-team-4/node_modules/jest-circus/build/run.js:148:5)
          at _runTestsForDescribeBlock (/home/runner/work/cis-scheduler-team-4/cis-scheduler-team-4/node_modules/jest-circus/build/run.js:66:9)
          at _runTestsForDescribeBlock (/home/runner/work/cis-scheduler-team-4/cis-scheduler-team-4/node_modules/jest-circus/build/run.js:60:9)
          at run (/home/runner/work/cis-scheduler-team-4/cis-scheduler-team-4/node_modules/jest-circus/build/run.js:25:3)
          at runAndTransformResultsToJestFormat (/home/runner/work/cis-scheduler-team-4/cis-scheduler-team-4/node_modules/jest-circus/build/legacy-code-todo-rewrite/jestAdapterInit.js:170:21)
          at jestAdapter (/home/runner/work/cis-scheduler-team-4/cis-scheduler-team-4/node_modules/jest-circus/build/legacy-code-todo-rewrite/jestAdapter.js:82:19)
          at runTestInternal (/home/runner/work/cis-scheduler-team-4/cis-scheduler-team-4/node_modules/jest-runner/build/runTest.js:389:16)
          at runTest (/home/runner/work/cis-scheduler-team-4/cis-scheduler-team-4/node_modules/jest-runner/build/runTest.js:475:34)

      at VirtualConsole.<anonymous> (node_modules/jsdom/lib/jsdom/virtual-console.js:29:45)
      at reportException (node_modules/jsdom/lib/jsdom/living/helpers/runtime-script-errors.js:70:28)
      at innerInvokeEventListeners (node_modules/jsdom/lib/jsdom/living/events/EventTarget-impl.js:341:9)
      at invokeEventListeners (node_modules/jsdom/lib/jsdom/living/events/EventTarget-impl.js:274:3)
      at HTMLUnknownElementImpl._dispatch (node_modules/jsdom/lib/jsdom/living/events/EventTarget-impl.js:221:9)
      at HTMLUnknownElementImpl.dispatchEvent (node_modules/jsdom/lib/jsdom/living/events/EventTarget-impl.js:94:17)
      at HTMLUnknownElement.dispatchEvent (node_modules/jsdom/lib/jsdom/living/generated/EventTarget.js:231:34)

    console.error
      The above error occurred in the <App> component:
      
          at App (/home/runner/work/cis-scheduler-team-4/cis-scheduler-team-4/src/App.tsx:109:51)
      
      Consider adding an error boundary to your tree to customize error handling behavior.
      Visit https://reactjs.org/link/error-boundaries to learn more about error boundaries.

      at logCapturedError (node_modules/react-dom/cjs/react-dom.development.js:20085:23)
      at update.callback (node_modules/react-dom/cjs/react-dom.development.js:20118:5)
      at callCallback (node_modules/react-dom/cjs/react-dom.development.js:12318:12)
      at commitUpdateQueue (node_modules/react-dom/cjs/react-dom.development.js:12339:9)
      at commitLifeCycles (node_modules/react-dom/cjs/react-dom.development.js:20736:11)
      at commitLayoutEffects (node_modules/react-dom/cjs/react-dom.development.js:23426:7)
      at HTMLUnknownElement.callCallback (node_modules/react-dom/cjs/react-dom.development.js:3945:14)
      at HTMLUnknownElement.callTheUserObjectsOperation (node_modules/jsdom/lib/jsdom/living/generated/EventListener.js:26:30)

  ● User can see a list of years and be able delete a year › Exists on the Planner Page

    useLocation() may be used only in the context of a <Router> component.

      at invariant (../packages/react-router/lib/router.ts:5:20)
      at useLocation (../packages/react-router/lib/hooks.tsx:75:3)
      at App (src/App.tsx:164:22)
      at renderWithHooks (node_modules/react-dom/cjs/react-dom.development.js:14985:18)
      at mountIndeterminateComponent (node_modules/react-dom/cjs/react-dom.development.js:17811:13)
      at beginWork (node_modules/react-dom/cjs/react-dom.development.js:19049:16)
      at HTMLUnknownElement.callCallback (node_modules/react-dom/cjs/react-dom.development.js:3945:14)
      at HTMLUnknownElement.callTheUserObjectsOperation (node_modules/jsdom/lib/jsdom/living/generated/EventListener.js:26:30)
      at innerInvokeEventListeners (node_modules/jsdom/lib/jsdom/living/events/EventTarget-impl.js:338:25)
      at invokeEventListeners (node_modules/jsdom/lib/jsdom/living/events/EventTarget-impl.js:274:3)
      at HTMLUnknownElementImpl._dispatch (node_modules/jsdom/lib/jsdom/living/events/EventTarget-impl.js:221:9)
      at HTMLUnknownElementImpl.dispatchEvent (node_modules/jsdom/lib/jsdom/living/events/EventTarget-impl.js:94:17)
      at HTMLUnknownElement.dispatchEvent (node_modules/jsdom/lib/jsdom/living/generated/EventTarget.js:231:34)
      at Object.invokeGuardedCallbackDev (node_modules/react-dom/cjs/react-dom.development.js:3994:16)
      at invokeGuardedCallback (node_modules/react-dom/cjs/react-dom.development.js:4056:31)
      at beginWork$1 (node_modules/react-dom/cjs/react-dom.development.js:23964:7)
      at performUnitOfWork (node_modules/react-dom/cjs/react-dom.development.js:22779:12)
      at workLoopSync (node_modules/react-dom/cjs/react-dom.development.js:22707:5)
      at renderRootSync (node_modules/react-dom/cjs/react-dom.development.js:22670:7)
      at performSyncWorkOnRoot (node_modules/react-dom/cjs/react-dom.development.js:22293:18)
      at scheduleUpdateOnFiber (node_modules/react-dom/cjs/react-dom.development.js:21881:7)
      at updateContainer (node_modules/react-dom/cjs/react-dom.development.js:25482:3)
      at node_modules/react-dom/cjs/react-dom.development.js:26021:7
      at unbatchedUpdates (node_modules/react-dom/cjs/react-dom.development.js:22431:12)
      at legacyRenderSubtreeIntoContainer (node_modules/react-dom/cjs/react-dom.development.js:26020:5)
      at Object.render (node_modules/react-dom/cjs/react-dom.development.js:26103:10)
      at node_modules/@testing-library/react/dist/pure.js:101:25
      at batchedUpdates$1 (node_modules/react-dom/cjs/react-dom.development.js:22380:12)
      at act (node_modules/react-dom/cjs/react-dom-test-utils.development.js:1042:14)
      at render (node_modules/@testing-library/react/dist/pure.js:97:26)
      at Object.<anonymous> (src/test/YearList.test.tsx:19:9)

  ● User can see a list of years and be able delete a year › You can see all 4 years

    useLocation() may be used only in the context of a <Router> component.

      at invariant (../packages/react-router/lib/router.ts:5:20)
      at useLocation (../packages/react-router/lib/hooks.tsx:75:3)
      at App (src/App.tsx:164:22)
      at renderWithHooks (node_modules/react-dom/cjs/react-dom.development.js:14985:18)
      at mountIndeterminateComponent (node_modules/react-dom/cjs/react-dom.development.js:17811:13)
      at beginWork (node_modules/react-dom/cjs/react-dom.development.js:19049:16)
      at HTMLUnknownElement.callCallback (node_modules/react-dom/cjs/react-dom.development.js:3945:14)
      at HTMLUnknownElement.callTheUserObjectsOperation (node_modules/jsdom/lib/jsdom/living/generated/EventListener.js:26:30)
      at innerInvokeEventListeners (node_modules/jsdom/lib/jsdom/living/events/EventTarget-impl.js:338:25)
      at invokeEventListeners (node_modules/jsdom/lib/jsdom/living/events/EventTarget-impl.js:274:3)
      at HTMLUnknownElementImpl._dispatch (node_modules/jsdom/lib/jsdom/living/events/EventTarget-impl.js:221:9)
      at HTMLUnknownElementImpl.dispatchEvent (node_modules/jsdom/lib/jsdom/living/events/EventTarget-impl.js:94:17)
      at HTMLUnknownElement.dispatchEvent (node_modules/jsdom/lib/jsdom/living/generated/EventTarget.js:231:34)
      at Object.invokeGuardedCallbackDev (node_modules/react-dom/cjs/react-dom.development.js:3994:16)
      at invokeGuardedCallback (node_modules/react-dom/cjs/react-dom.development.js:4056:31)
      at beginWork$1 (node_modules/react-dom/cjs/react-dom.development.js:23964:7)
      at performUnitOfWork (node_modules/react-dom/cjs/react-dom.development.js:22779:12)
      at workLoopSync (node_modules/react-dom/cjs/react-dom.development.js:22707:5)
      at renderRootSync (node_modules/react-dom/cjs/react-dom.development.js:22670:7)
      at performSyncWorkOnRoot (node_modules/react-dom/cjs/react-dom.development.js:22293:18)
      at scheduleUpdateOnFiber (node_modules/react-dom/cjs/react-dom.development.js:21881:7)
      at updateContainer (node_modules/react-dom/cjs/react-dom.development.js:25482:3)
      at node_modules/react-dom/cjs/react-dom.development.js:26021:7
      at unbatchedUpdates (node_modules/react-dom/cjs/react-dom.development.js:22431:12)
      at legacyRenderSubtreeIntoContainer (node_modules/react-dom/cjs/react-dom.development.js:26020:5)
      at Object.render (node_modules/react-dom/cjs/react-dom.development.js:26103:10)
      at node_modules/@testing-library/react/dist/pure.js:101:25
      at batchedUpdates$1 (node_modules/react-dom/cjs/react-dom.development.js:22380:12)
      at act (node_modules/react-dom/cjs/react-dom-test-utils.development.js:1042:14)
      at render (node_modules/@testing-library/react/dist/pure.js:97:26)
      at Object.<anonymous> (src/test/YearList.test.tsx:19:9)

  ● User can see a list of years and be able delete a year › There is a button that allows the user to delete a year

    useLocation() may be used only in the context of a <Router> component.

      at invariant (../packages/react-router/lib/router.ts:5:20)
      at useLocation (../packages/react-router/lib/hooks.tsx:75:3)
      at App (src/App.tsx:164:22)
      at renderWithHooks (node_modules/react-dom/cjs/react-dom.development.js:14985:18)
      at mountIndeterminateComponent (node_modules/react-dom/cjs/react-dom.development.js:17811:13)
      at beginWork (node_modules/react-dom/cjs/react-dom.development.js:19049:16)
      at HTMLUnknownElement.callCallback (node_modules/react-dom/cjs/react-dom.development.js:3945:14)
      at HTMLUnknownElement.callTheUserObjectsOperation (node_modules/jsdom/lib/jsdom/living/generated/EventListener.js:26:30)
      at innerInvokeEventListeners (node_modules/jsdom/lib/jsdom/living/events/EventTarget-impl.js:338:25)
      at invokeEventListeners (node_modules/jsdom/lib/jsdom/living/events/EventTarget-impl.js:274:3)
      at HTMLUnknownElementImpl._dispatch (node_modules/jsdom/lib/jsdom/living/events/EventTarget-impl.js:221:9)
      at HTMLUnknownElementImpl.dispatchEvent (node_modules/jsdom/lib/jsdom/living/events/EventTarget-impl.js:94:17)
      at HTMLUnknownElement.dispatchEvent (node_modules/jsdom/lib/jsdom/living/generated/EventTarget.js:231:34)
      at Object.invokeGuardedCallbackDev (node_modules/react-dom/cjs/react-dom.development.js:3994:16)
      at invokeGuardedCallback (node_modules/react-dom/cjs/react-dom.development.js:4056:31)
      at beginWork$1 (node_modules/react-dom/cjs/react-dom.development.js:23964:7)
      at performUnitOfWork (node_modules/react-dom/cjs/react-dom.development.js:22779:12)
      at workLoopSync (node_modules/react-dom/cjs/react-dom.development.js:22707:5)
      at renderRootSync (node_modules/react-dom/cjs/react-dom.development.js:22670:7)
      at performSyncWorkOnRoot (node_modules/react-dom/cjs/react-dom.development.js:22293:18)
      at scheduleUpdateOnFiber (node_modules/react-dom/cjs/react-dom.development.js:21881:7)
      at updateContainer (node_modules/react-dom/cjs/react-dom.development.js:25482:3)
      at node_modules/react-dom/cjs/react-dom.development.js:26021:7
      at unbatchedUpdates (node_modules/react-dom/cjs/react-dom.development.js:22431:12)
      at legacyRenderSubtreeIntoContainer (node_modules/react-dom/cjs/react-dom.development.js:26020:5)
      at Object.render (node_modules/react-dom/cjs/react-dom.development.js:26103:10)
      at node_modules/@testing-library/react/dist/pure.js:101:25
      at batchedUpdates$1 (node_modules/react-dom/cjs/react-dom.development.js:22380:12)
      at act (node_modules/react-dom/cjs/react-dom-test-utils.development.js:1042:14)
      at render (node_modules/@testing-library/react/dist/pure.js:97:26)
      at Object.<anonymous> (src/test/YearList.test.tsx:19:9)

PASS src/test/LandingPage.test.tsx
FAIL src/test/SemesterList.test.tsx
  ● Console

    console.error
      Error: Uncaught [Error: useLocation() may be used only in the context of a <Router> component.]
          at reportException (/home/runner/work/cis-scheduler-team-4/cis-scheduler-team-4/node_modules/jsdom/lib/jsdom/living/helpers/runtime-script-errors.js:66:24)
          at innerInvokeEventListeners (/home/runner/work/cis-scheduler-team-4/cis-scheduler-team-4/node_modules/jsdom/lib/jsdom/living/events/EventTarget-impl.js:341:9)
          at invokeEventListeners (/home/runner/work/cis-scheduler-team-4/cis-scheduler-team-4/node_modules/jsdom/lib/jsdom/living/events/EventTarget-impl.js:274:3)
          at HTMLUnknownElementImpl._dispatch (/home/runner/work/cis-scheduler-team-4/cis-scheduler-team-4/node_modules/jsdom/lib/jsdom/living/events/EventTarget-impl.js:221:9)
          at HTMLUnknownElementImpl.dispatchEvent (/home/runner/work/cis-scheduler-team-4/cis-scheduler-team-4/node_modules/jsdom/lib/jsdom/living/events/EventTarget-impl.js:94:17)
          at HTMLUnknownElement.dispatchEvent (/home/runner/work/cis-scheduler-team-4/cis-scheduler-team-4/node_modules/jsdom/lib/jsdom/living/generated/EventTarget.js:231:34)
          at Object.invokeGuardedCallbackDev (/home/runner/work/cis-scheduler-team-4/cis-scheduler-team-4/node_modules/react-dom/cjs/react-dom.development.js:3994:16)
          at invokeGuardedCallback (/home/runner/work/cis-scheduler-team-4/cis-scheduler-team-4/node_modules/react-dom/cjs/react-dom.development.js:4056:31)
          at beginWork$1 (/home/runner/work/cis-scheduler-team-4/cis-scheduler-team-4/node_modules/react-dom/cjs/react-dom.development.js:23964:7)
          at performUnitOfWork (/home/runner/work/cis-scheduler-team-4/cis-scheduler-team-4/node_modules/react-dom/cjs/react-dom.development.js:22779:12) Error: useLocation() may be used only in the context of a <Router> component.
          at invariant (/home/runner/work/cis-scheduler-team-4/packages/react-router/lib/router.ts:5:20)
          at useLocation (/home/runner/work/cis-scheduler-team-4/packages/react-router/lib/hooks.tsx:75:3)
          at App (/home/runner/work/cis-scheduler-team-4/cis-scheduler-team-4/src/App.tsx:164:22)
          at renderWithHooks (/home/runner/work/cis-scheduler-team-4/cis-scheduler-team-4/node_modules/react-dom/cjs/react-dom.development.js:14985:18)
          at mountIndeterminateComponent (/home/runner/work/cis-scheduler-team-4/cis-scheduler-team-4/node_modules/react-dom/cjs/react-dom.development.js:17811:13)
          at beginWork (/home/runner/work/cis-scheduler-team-4/cis-scheduler-team-4/node_modules/react-dom/cjs/react-dom.development.js:19049:16)
          at HTMLUnknownElement.callCallback (/home/runner/work/cis-scheduler-team-4/cis-scheduler-team-4/node_modules/react-dom/cjs/react-dom.development.js:3945:14)
          at HTMLUnknownElement.callTheUserObjectsOperation (/home/runner/work/cis-scheduler-team-4/cis-scheduler-team-4/node_modules/jsdom/lib/jsdom/living/generated/EventListener.js:26:30)
          at innerInvokeEventListeners (/home/runner/work/cis-scheduler-team-4/cis-scheduler-team-4/node_modules/jsdom/lib/jsdom/living/events/EventTarget-impl.js:338:25)
          at invokeEventListeners (/home/runner/work/cis-scheduler-team-4/cis-scheduler-team-4/node_modules/jsdom/lib/jsdom/living/events/EventTarget-impl.js:274:3)
          at HTMLUnknownElementImpl._dispatch (/home/runner/work/cis-scheduler-team-4/cis-scheduler-team-4/node_modules/jsdom/lib/jsdom/living/events/EventTarget-impl.js:221:9)
          at HTMLUnknownElementImpl.dispatchEvent (/home/runner/work/cis-scheduler-team-4/cis-scheduler-team-4/node_modules/jsdom/lib/jsdom/living/events/EventTarget-impl.js:94:17)
          at HTMLUnknownElement.dispatchEvent (/home/runner/work/cis-scheduler-team-4/cis-scheduler-team-4/node_modules/jsdom/lib/jsdom/living/generated/EventTarget.js:231:34)
          at Object.invokeGuardedCallbackDev (/home/runner/work/cis-scheduler-team-4/cis-scheduler-team-4/node_modules/react-dom/cjs/react-dom.development.js:3994:16)
          at invokeGuardedCallback (/home/runner/work/cis-scheduler-team-4/cis-scheduler-team-4/node_modules/react-dom/cjs/react-dom.development.js:4056:31)
          at beginWork$1 (/home/runner/work/cis-scheduler-team-4/cis-scheduler-team-4/node_modules/react-dom/cjs/react-dom.development.js:23964:7)
          at performUnitOfWork (/home/runner/work/cis-scheduler-team-4/cis-scheduler-team-4/node_modules/react-dom/cjs/react-dom.development.js:22779:12)
          at workLoopSync (/home/runner/work/cis-scheduler-team-4/cis-scheduler-team-4/node_modules/react-dom/cjs/react-dom.development.js:22707:5)
          at renderRootSync (/home/runner/work/cis-scheduler-team-4/cis-scheduler-team-4/node_modules/react-dom/cjs/react-dom.development.js:22670:7)
          at performSyncWorkOnRoot (/home/runner/work/cis-scheduler-team-4/cis-scheduler-team-4/node_modules/react-dom/cjs/react-dom.development.js:22293:18)
          at scheduleUpdateOnFiber (/home/runner/work/cis-scheduler-team-4/cis-scheduler-team-4/node_modules/react-dom/cjs/react-dom.development.js:21881:7)
          at updateContainer (/home/runner/work/cis-scheduler-team-4/cis-scheduler-team-4/node_modules/react-dom/cjs/react-dom.development.js:25482:3)
          at /home/runner/work/cis-scheduler-team-4/cis-scheduler-team-4/node_modules/react-dom/cjs/react-dom.development.js:26021:7
          at unbatchedUpdates (/home/runner/work/cis-scheduler-team-4/cis-scheduler-team-4/node_modules/react-dom/cjs/react-dom.development.js:22431:12)
          at legacyRenderSubtreeIntoContainer (/home/runner/work/cis-scheduler-team-4/cis-scheduler-team-4/node_modules/react-dom/cjs/react-dom.development.js:26020:5)
          at Object.render (/home/runner/work/cis-scheduler-team-4/cis-scheduler-team-4/node_modules/react-dom/cjs/react-dom.development.js:26103:10)
          at /home/runner/work/cis-scheduler-team-4/cis-scheduler-team-4/node_modules/@testing-library/react/dist/pure.js:101:25
          at batchedUpdates$1 (/home/runner/work/cis-scheduler-team-4/cis-scheduler-team-4/node_modules/react-dom/cjs/react-dom.development.js:22380:12)
          at act (/home/runner/work/cis-scheduler-team-4/cis-scheduler-team-4/node_modules/react-dom/cjs/react-dom-test-utils.development.js:1042:14)
          at render (/home/runner/work/cis-scheduler-team-4/cis-scheduler-team-4/node_modules/@testing-library/react/dist/pure.js:97:26)
          at Object.<anonymous> (/home/runner/work/cis-scheduler-team-4/cis-scheduler-team-4/src/test/SemesterList.test.tsx:23:9)
          at Promise.then.completed (/home/runner/work/cis-scheduler-team-4/cis-scheduler-team-4/node_modules/jest-circus/build/utils.js:391:28)
          at new Promise (<anonymous>)
          at callAsyncCircusFn (/home/runner/work/cis-scheduler-team-4/cis-scheduler-team-4/node_modules/jest-circus/build/utils.js:316:10)
          at _callCircusHook (/home/runner/work/cis-scheduler-team-4/cis-scheduler-team-4/node_modules/jest-circus/build/run.js:181:40)
          at _runTest (/home/runner/work/cis-scheduler-team-4/cis-scheduler-team-4/node_modules/jest-circus/build/run.js:148:5)
          at _runTestsForDescribeBlock (/home/runner/work/cis-scheduler-team-4/cis-scheduler-team-4/node_modules/jest-circus/build/run.js:66:9)
          at _runTestsForDescribeBlock (/home/runner/work/cis-scheduler-team-4/cis-scheduler-team-4/node_modules/jest-circus/build/run.js:60:9)
          at run (/home/runner/work/cis-scheduler-team-4/cis-scheduler-team-4/node_modules/jest-circus/build/run.js:25:3)
          at runAndTransformResultsToJestFormat (/home/runner/work/cis-scheduler-team-4/cis-scheduler-team-4/node_modules/jest-circus/build/legacy-code-todo-rewrite/jestAdapterInit.js:170:21)
          at jestAdapter (/home/runner/work/cis-scheduler-team-4/cis-scheduler-team-4/node_modules/jest-circus/build/legacy-code-todo-rewrite/jestAdapter.js:82:19)
          at runTestInternal (/home/runner/work/cis-scheduler-team-4/cis-scheduler-team-4/node_modules/jest-runner/build/runTest.js:389:16)
          at runTest (/home/runner/work/cis-scheduler-team-4/cis-scheduler-team-4/node_modules/jest-runner/build/runTest.js:475:34)

      at VirtualConsole.<anonymous> (node_modules/jsdom/lib/jsdom/virtual-console.js:29:45)
      at reportException (node_modules/jsdom/lib/jsdom/living/helpers/runtime-script-errors.js:70:28)
      at innerInvokeEventListeners (node_modules/jsdom/lib/jsdom/living/events/EventTarget-impl.js:341:9)
      at invokeEventListeners (node_modules/jsdom/lib/jsdom/living/events/EventTarget-impl.js:274:3)
      at HTMLUnknownElementImpl._dispatch (node_modules/jsdom/lib/jsdom/living/events/EventTarget-impl.js:221:9)
      at HTMLUnknownElementImpl.dispatchEvent (node_modules/jsdom/lib/jsdom/living/events/EventTarget-impl.js:94:17)
      at HTMLUnknownElement.dispatchEvent (node_modules/jsdom/lib/jsdom/living/generated/EventTarget.js:231:34)

    console.error
      The above error occurred in the <App> component:
      
          at App (/home/runner/work/cis-scheduler-team-4/cis-scheduler-team-4/src/App.tsx:109:51)
      
      Consider adding an error boundary to your tree to customize error handling behavior.
      Visit https://reactjs.org/link/error-boundaries to learn more about error boundaries.

      at logCapturedError (node_modules/react-dom/cjs/react-dom.development.js:20085:23)
      at update.callback (node_modules/react-dom/cjs/react-dom.development.js:20118:5)
      at callCallback (node_modules/react-dom/cjs/react-dom.development.js:12318:12)
      at commitUpdateQueue (node_modules/react-dom/cjs/react-dom.development.js:12339:9)
      at commitLifeCycles (node_modules/react-dom/cjs/react-dom.development.js:20736:11)
      at commitLayoutEffects (node_modules/react-dom/cjs/react-dom.development.js:23426:7)
      at HTMLUnknownElement.callCallback (node_modules/react-dom/cjs/react-dom.development.js:3945:14)
      at HTMLUnknownElement.callTheUserObjectsOperation (node_modules/jsdom/lib/jsdom/living/generated/EventListener.js:26:30)

  ● Users should be able to view a list of semesters › You can see fall, winter, spring, summmer semesters

    useLocation() may be used only in the context of a <Router> component.

      at invariant (../packages/react-router/lib/router.ts:5:20)
      at useLocation (../packages/react-router/lib/hooks.tsx:75:3)
      at App (src/App.tsx:164:22)
      at renderWithHooks (node_modules/react-dom/cjs/react-dom.development.js:14985:18)
      at mountIndeterminateComponent (node_modules/react-dom/cjs/react-dom.development.js:17811:13)
      at beginWork (node_modules/react-dom/cjs/react-dom.development.js:19049:16)
      at HTMLUnknownElement.callCallback (node_modules/react-dom/cjs/react-dom.development.js:3945:14)
      at HTMLUnknownElement.callTheUserObjectsOperation (node_modules/jsdom/lib/jsdom/living/generated/EventListener.js:26:30)
      at innerInvokeEventListeners (node_modules/jsdom/lib/jsdom/living/events/EventTarget-impl.js:338:25)
      at invokeEventListeners (node_modules/jsdom/lib/jsdom/living/events/EventTarget-impl.js:274:3)
      at HTMLUnknownElementImpl._dispatch (node_modules/jsdom/lib/jsdom/living/events/EventTarget-impl.js:221:9)
      at HTMLUnknownElementImpl.dispatchEvent (node_modules/jsdom/lib/jsdom/living/events/EventTarget-impl.js:94:17)
      at HTMLUnknownElement.dispatchEvent (node_modules/jsdom/lib/jsdom/living/generated/EventTarget.js:231:34)
      at Object.invokeGuardedCallbackDev (node_modules/react-dom/cjs/react-dom.development.js:3994:16)
      at invokeGuardedCallback (node_modules/react-dom/cjs/react-dom.development.js:4056:31)
      at beginWork$1 (node_modules/react-dom/cjs/react-dom.development.js:23964:7)
      at performUnitOfWork (node_modules/react-dom/cjs/react-dom.development.js:22779:12)
      at workLoopSync (node_modules/react-dom/cjs/react-dom.development.js:22707:5)
      at renderRootSync (node_modules/react-dom/cjs/react-dom.development.js:22670:7)
      at performSyncWorkOnRoot (node_modules/react-dom/cjs/react-dom.development.js:22293:18)
      at scheduleUpdateOnFiber (node_modules/react-dom/cjs/react-dom.development.js:21881:7)
      at updateContainer (node_modules/react-dom/cjs/react-dom.development.js:25482:3)
      at node_modules/react-dom/cjs/react-dom.development.js:26021:7
      at unbatchedUpdates (node_modules/react-dom/cjs/react-dom.development.js:22431:12)
      at legacyRenderSubtreeIntoContainer (node_modules/react-dom/cjs/react-dom.development.js:26020:5)
      at Object.render (node_modules/react-dom/cjs/react-dom.development.js:26103:10)
      at node_modules/@testing-library/react/dist/pure.js:101:25
      at batchedUpdates$1 (node_modules/react-dom/cjs/react-dom.development.js:22380:12)
      at act (node_modules/react-dom/cjs/react-dom-test-utils.development.js:1042:14)
      at render (node_modules/@testing-library/react/dist/pure.js:97:26)
      at Object.<anonymous> (src/test/SemesterList.test.tsx:23:9)

FAIL src/test/YearView.test.tsx
  ● Console

    console.error
      Error: Uncaught [Error: useLocation() may be used only in the context of a <Router> component.]
          at reportException (/home/runner/work/cis-scheduler-team-4/cis-scheduler-team-4/node_modules/jsdom/lib/jsdom/living/helpers/runtime-script-errors.js:66:24)
          at innerInvokeEventListeners (/home/runner/work/cis-scheduler-team-4/cis-scheduler-team-4/node_modules/jsdom/lib/jsdom/living/events/EventTarget-impl.js:341:9)
          at invokeEventListeners (/home/runner/work/cis-scheduler-team-4/cis-scheduler-team-4/node_modules/jsdom/lib/jsdom/living/events/EventTarget-impl.js:274:3)
          at HTMLUnknownElementImpl._dispatch (/home/runner/work/cis-scheduler-team-4/cis-scheduler-team-4/node_modules/jsdom/lib/jsdom/living/events/EventTarget-impl.js:221:9)
          at HTMLUnknownElementImpl.dispatchEvent (/home/runner/work/cis-scheduler-team-4/cis-scheduler-team-4/node_modules/jsdom/lib/jsdom/living/events/EventTarget-impl.js:94:17)
          at HTMLUnknownElement.dispatchEvent (/home/runner/work/cis-scheduler-team-4/cis-scheduler-team-4/node_modules/jsdom/lib/jsdom/living/generated/EventTarget.js:231:34)
          at Object.invokeGuardedCallbackDev (/home/runner/work/cis-scheduler-team-4/cis-scheduler-team-4/node_modules/react-dom/cjs/react-dom.development.js:3994:16)
          at invokeGuardedCallback (/home/runner/work/cis-scheduler-team-4/cis-scheduler-team-4/node_modules/react-dom/cjs/react-dom.development.js:4056:31)
          at beginWork$1 (/home/runner/work/cis-scheduler-team-4/cis-scheduler-team-4/node_modules/react-dom/cjs/react-dom.development.js:23964:7)
          at performUnitOfWork (/home/runner/work/cis-scheduler-team-4/cis-scheduler-team-4/node_modules/react-dom/cjs/react-dom.development.js:22779:12) Error: useLocation() may be used only in the context of a <Router> component.
          at invariant (/home/runner/work/cis-scheduler-team-4/packages/react-router/lib/router.ts:5:20)
          at useLocation (/home/runner/work/cis-scheduler-team-4/packages/react-router/lib/hooks.tsx:75:3)
          at App (/home/runner/work/cis-scheduler-team-4/cis-scheduler-team-4/src/App.tsx:164:22)
          at renderWithHooks (/home/runner/work/cis-scheduler-team-4/cis-scheduler-team-4/node_modules/react-dom/cjs/react-dom.development.js:14985:18)
          at mountIndeterminateComponent (/home/runner/work/cis-scheduler-team-4/cis-scheduler-team-4/node_modules/react-dom/cjs/react-dom.development.js:17811:13)
          at beginWork (/home/runner/work/cis-scheduler-team-4/cis-scheduler-team-4/node_modules/react-dom/cjs/react-dom.development.js:19049:16)
          at HTMLUnknownElement.callCallback (/home/runner/work/cis-scheduler-team-4/cis-scheduler-team-4/node_modules/react-dom/cjs/react-dom.development.js:3945:14)
          at HTMLUnknownElement.callTheUserObjectsOperation (/home/runner/work/cis-scheduler-team-4/cis-scheduler-team-4/node_modules/jsdom/lib/jsdom/living/generated/EventListener.js:26:30)
          at innerInvokeEventListeners (/home/runner/work/cis-scheduler-team-4/cis-scheduler-team-4/node_modules/jsdom/lib/jsdom/living/events/EventTarget-impl.js:338:25)
          at invokeEventListeners (/home/runner/work/cis-scheduler-team-4/cis-scheduler-team-4/node_modules/jsdom/lib/jsdom/living/events/EventTarget-impl.js:274:3)
          at HTMLUnknownElementImpl._dispatch (/home/runner/work/cis-scheduler-team-4/cis-scheduler-team-4/node_modules/jsdom/lib/jsdom/living/events/EventTarget-impl.js:221:9)
          at HTMLUnknownElementImpl.dispatchEvent (/home/runner/work/cis-scheduler-team-4/cis-scheduler-team-4/node_modules/jsdom/lib/jsdom/living/events/EventTarget-impl.js:94:17)
          at HTMLUnknownElement.dispatchEvent (/home/runner/work/cis-scheduler-team-4/cis-scheduler-team-4/node_modules/jsdom/lib/jsdom/living/generated/EventTarget.js:231:34)
          at Object.invokeGuardedCallbackDev (/home/runner/work/cis-scheduler-team-4/cis-scheduler-team-4/node_modules/react-dom/cjs/react-dom.development.js:3994:16)
          at invokeGuardedCallback (/home/runner/work/cis-scheduler-team-4/cis-scheduler-team-4/node_modules/react-dom/cjs/react-dom.development.js:4056:31)
          at beginWork$1 (/home/runner/work/cis-scheduler-team-4/cis-scheduler-team-4/node_modules/react-dom/cjs/react-dom.development.js:23964:7)
          at performUnitOfWork (/home/runner/work/cis-scheduler-team-4/cis-scheduler-team-4/node_modules/react-dom/cjs/react-dom.development.js:22779:12)
          at workLoopSync (/home/runner/work/cis-scheduler-team-4/cis-scheduler-team-4/node_modules/react-dom/cjs/react-dom.development.js:22707:5)
          at renderRootSync (/home/runner/work/cis-scheduler-team-4/cis-scheduler-team-4/node_modules/react-dom/cjs/react-dom.development.js:22670:7)
          at performSyncWorkOnRoot (/home/runner/work/cis-scheduler-team-4/cis-scheduler-team-4/node_modules/react-dom/cjs/react-dom.development.js:22293:18)
          at scheduleUpdateOnFiber (/home/runner/work/cis-scheduler-team-4/cis-scheduler-team-4/node_modules/react-dom/cjs/react-dom.development.js:21881:7)
          at updateContainer (/home/runner/work/cis-scheduler-team-4/cis-scheduler-team-4/node_modules/react-dom/cjs/react-dom.development.js:25482:3)
          at /home/runner/work/cis-scheduler-team-4/cis-scheduler-team-4/node_modules/react-dom/cjs/react-dom.development.js:26021:7
          at unbatchedUpdates (/home/runner/work/cis-scheduler-team-4/cis-scheduler-team-4/node_modules/react-dom/cjs/react-dom.development.js:22431:12)
          at legacyRenderSubtreeIntoContainer (/home/runner/work/cis-scheduler-team-4/cis-scheduler-team-4/node_modules/react-dom/cjs/react-dom.development.js:26020:5)
          at Object.render (/home/runner/work/cis-scheduler-team-4/cis-scheduler-team-4/node_modules/react-dom/cjs/react-dom.development.js:26103:10)
          at /home/runner/work/cis-scheduler-team-4/cis-scheduler-team-4/node_modules/@testing-library/react/dist/pure.js:101:25
          at batchedUpdates$1 (/home/runner/work/cis-scheduler-team-4/cis-scheduler-team-4/node_modules/react-dom/cjs/react-dom.development.js:22380:12)
          at act (/home/runner/work/cis-scheduler-team-4/cis-scheduler-team-4/node_modules/react-dom/cjs/react-dom-test-utils.development.js:1042:14)
          at render (/home/runner/work/cis-scheduler-team-4/cis-scheduler-team-4/node_modules/@testing-library/react/dist/pure.js:97:26)
          at Object.<anonymous> (/home/runner/work/cis-scheduler-team-4/cis-scheduler-team-4/src/test/YearView.test.tsx:19:9)
          at Promise.then.completed (/home/runner/work/cis-scheduler-team-4/cis-scheduler-team-4/node_modules/jest-circus/build/utils.js:391:28)
          at new Promise (<anonymous>)
          at callAsyncCircusFn (/home/runner/work/cis-scheduler-team-4/cis-scheduler-team-4/node_modules/jest-circus/build/utils.js:316:10)
          at _callCircusHook (/home/runner/work/cis-scheduler-team-4/cis-scheduler-team-4/node_modules/jest-circus/build/run.js:181:40)
          at _runTest (/home/runner/work/cis-scheduler-team-4/cis-scheduler-team-4/node_modules/jest-circus/build/run.js:148:5)
          at _runTestsForDescribeBlock (/home/runner/work/cis-scheduler-team-4/cis-scheduler-team-4/node_modules/jest-circus/build/run.js:66:9)
          at _runTestsForDescribeBlock (/home/runner/work/cis-scheduler-team-4/cis-scheduler-team-4/node_modules/jest-circus/build/run.js:60:9)
          at run (/home/runner/work/cis-scheduler-team-4/cis-scheduler-team-4/node_modules/jest-circus/build/run.js:25:3)
          at runAndTransformResultsToJestFormat (/home/runner/work/cis-scheduler-team-4/cis-scheduler-team-4/node_modules/jest-circus/build/legacy-code-todo-rewrite/jestAdapterInit.js:170:21)
          at jestAdapter (/home/runner/work/cis-scheduler-team-4/cis-scheduler-team-4/node_modules/jest-circus/build/legacy-code-todo-rewrite/jestAdapter.js:82:19)
          at runTestInternal (/home/runner/work/cis-scheduler-team-4/cis-scheduler-team-4/node_modules/jest-runner/build/runTest.js:389:16)
          at runTest (/home/runner/work/cis-scheduler-team-4/cis-scheduler-team-4/node_modules/jest-runner/build/runTest.js:475:34)

      at VirtualConsole.<anonymous> (node_modules/jsdom/lib/jsdom/virtual-console.js:29:45)
      at reportException (node_modules/jsdom/lib/jsdom/living/helpers/runtime-script-errors.js:70:28)
      at innerInvokeEventListeners (node_modules/jsdom/lib/jsdom/living/events/EventTarget-impl.js:341:9)
      at invokeEventListeners (node_modules/jsdom/lib/jsdom/living/events/EventTarget-impl.js:274:3)
      at HTMLUnknownElementImpl._dispatch (node_modules/jsdom/lib/jsdom/living/events/EventTarget-impl.js:221:9)
      at HTMLUnknownElementImpl.dispatchEvent (node_modules/jsdom/lib/jsdom/living/events/EventTarget-impl.js:94:17)
      at HTMLUnknownElement.dispatchEvent (node_modules/jsdom/lib/jsdom/living/generated/EventTarget.js:231:34)

    console.error
      The above error occurred in the <App> component:
      
          at App (/home/runner/work/cis-scheduler-team-4/cis-scheduler-team-4/src/App.tsx:109:51)
      
      Consider adding an error boundary to your tree to customize error handling behavior.
      Visit https://reactjs.org/link/error-boundaries to learn more about error boundaries.

      at logCapturedError (node_modules/react-dom/cjs/react-dom.development.js:20085:23)
      at update.callback (node_modules/react-dom/cjs/react-dom.development.js:20118:5)
      at callCallback (node_modules/react-dom/cjs/react-dom.development.js:12318:12)
      at commitUpdateQueue (node_modules/react-dom/cjs/react-dom.development.js:12339:9)
      at commitLifeCycles (node_modules/react-dom/cjs/react-dom.development.js:20736:11)
      at commitLayoutEffects (node_modules/react-dom/cjs/react-dom.development.js:23426:7)
      at HTMLUnknownElement.callCallback (node_modules/react-dom/cjs/react-dom.development.js:3945:14)
      at HTMLUnknownElement.callTheUserObjectsOperation (node_modules/jsdom/lib/jsdom/living/generated/EventListener.js:26:30)

  ● User should be able to add a semester to a year › You can add a semester

    useLocation() may be used only in the context of a <Router> component.

      at invariant (../packages/react-router/lib/router.ts:5:20)
      at useLocation (../packages/react-router/lib/hooks.tsx:75:3)
      at App (src/App.tsx:164:22)
      at renderWithHooks (node_modules/react-dom/cjs/react-dom.development.js:14985:18)
      at mountIndeterminateComponent (node_modules/react-dom/cjs/react-dom.development.js:17811:13)
      at beginWork (node_modules/react-dom/cjs/react-dom.development.js:19049:16)
      at HTMLUnknownElement.callCallback (node_modules/react-dom/cjs/react-dom.development.js:3945:14)
      at HTMLUnknownElement.callTheUserObjectsOperation (node_modules/jsdom/lib/jsdom/living/generated/EventListener.js:26:30)
      at innerInvokeEventListeners (node_modules/jsdom/lib/jsdom/living/events/EventTarget-impl.js:338:25)
      at invokeEventListeners (node_modules/jsdom/lib/jsdom/living/events/EventTarget-impl.js:274:3)
      at HTMLUnknownElementImpl._dispatch (node_modules/jsdom/lib/jsdom/living/events/EventTarget-impl.js:221:9)
      at HTMLUnknownElementImpl.dispatchEvent (node_modules/jsdom/lib/jsdom/living/events/EventTarget-impl.js:94:17)
      at HTMLUnknownElement.dispatchEvent (node_modules/jsdom/lib/jsdom/living/generated/EventTarget.js:231:34)
      at Object.invokeGuardedCallbackDev (node_modules/react-dom/cjs/react-dom.development.js:3994:16)
      at invokeGuardedCallback (node_modules/react-dom/cjs/react-dom.development.js:4056:31)
      at beginWork$1 (node_modules/react-dom/cjs/react-dom.development.js:23964:7)
      at performUnitOfWork (node_modules/react-dom/cjs/react-dom.development.js:22779:12)
      at workLoopSync (node_modules/react-dom/cjs/react-dom.development.js:22707:5)
      at renderRootSync (node_modules/react-dom/cjs/react-dom.development.js:22670:7)
      at performSyncWorkOnRoot (node_modules/react-dom/cjs/react-dom.development.js:22293:18)
      at scheduleUpdateOnFiber (node_modules/react-dom/cjs/react-dom.development.js:21881:7)
      at updateContainer (node_modules/react-dom/cjs/react-dom.development.js:25482:3)
      at node_modules/react-dom/cjs/react-dom.development.js:26021:7
      at unbatchedUpdates (node_modules/react-dom/cjs/react-dom.development.js:22431:12)
      at legacyRenderSubtreeIntoContainer (node_modules/react-dom/cjs/react-dom.development.js:26020:5)
      at Object.render (node_modules/react-dom/cjs/react-dom.development.js:26103:10)
      at node_modules/@testing-library/react/dist/pure.js:101:25
      at batchedUpdates$1 (node_modules/react-dom/cjs/react-dom.development.js:22380:12)
      at act (node_modules/react-dom/cjs/react-dom-test-utils.development.js:1042:14)
      at render (node_modules/@testing-library/react/dist/pure.js:97:26)
      at Object.<anonymous> (src/test/YearView.test.tsx:19:9)

FAIL src/test/CourseView.test.tsx
  ● Console

    console.error
      Error: Uncaught [Error: useLocation() may be used only in the context of a <Router> component.]
          at reportException (/home/runner/work/cis-scheduler-team-4/cis-scheduler-team-4/node_modules/jsdom/lib/jsdom/living/helpers/runtime-script-errors.js:66:24)
          at innerInvokeEventListeners (/home/runner/work/cis-scheduler-team-4/cis-scheduler-team-4/node_modules/jsdom/lib/jsdom/living/events/EventTarget-impl.js:341:9)
          at invokeEventListeners (/home/runner/work/cis-scheduler-team-4/cis-scheduler-team-4/node_modules/jsdom/lib/jsdom/living/events/EventTarget-impl.js:274:3)
          at HTMLUnknownElementImpl._dispatch (/home/runner/work/cis-scheduler-team-4/cis-scheduler-team-4/node_modules/jsdom/lib/jsdom/living/events/EventTarget-impl.js:221:9)
          at HTMLUnknownElementImpl.dispatchEvent (/home/runner/work/cis-scheduler-team-4/cis-scheduler-team-4/node_modules/jsdom/lib/jsdom/living/events/EventTarget-impl.js:94:17)
          at HTMLUnknownElement.dispatchEvent (/home/runner/work/cis-scheduler-team-4/cis-scheduler-team-4/node_modules/jsdom/lib/jsdom/living/generated/EventTarget.js:231:34)
          at Object.invokeGuardedCallbackDev (/home/runner/work/cis-scheduler-team-4/cis-scheduler-team-4/node_modules/react-dom/cjs/react-dom.development.js:3994:16)
          at invokeGuardedCallback (/home/runner/work/cis-scheduler-team-4/cis-scheduler-team-4/node_modules/react-dom/cjs/react-dom.development.js:4056:31)
          at beginWork$1 (/home/runner/work/cis-scheduler-team-4/cis-scheduler-team-4/node_modules/react-dom/cjs/react-dom.development.js:23964:7)
          at performUnitOfWork (/home/runner/work/cis-scheduler-team-4/cis-scheduler-team-4/node_modules/react-dom/cjs/react-dom.development.js:22779:12) Error: useLocation() may be used only in the context of a <Router> component.
          at invariant (/home/runner/work/cis-scheduler-team-4/packages/react-router/lib/router.ts:5:20)
          at useLocation (/home/runner/work/cis-scheduler-team-4/packages/react-router/lib/hooks.tsx:75:3)
          at App (/home/runner/work/cis-scheduler-team-4/cis-scheduler-team-4/src/App.tsx:164:22)
          at renderWithHooks (/home/runner/work/cis-scheduler-team-4/cis-scheduler-team-4/node_modules/react-dom/cjs/react-dom.development.js:14985:18)
          at mountIndeterminateComponent (/home/runner/work/cis-scheduler-team-4/cis-scheduler-team-4/node_modules/react-dom/cjs/react-dom.development.js:17811:13)
          at beginWork (/home/runner/work/cis-scheduler-team-4/cis-scheduler-team-4/node_modules/react-dom/cjs/react-dom.development.js:19049:16)
          at HTMLUnknownElement.callCallback (/home/runner/work/cis-scheduler-team-4/cis-scheduler-team-4/node_modules/react-dom/cjs/react-dom.development.js:3945:14)
          at HTMLUnknownElement.callTheUserObjectsOperation (/home/runner/work/cis-scheduler-team-4/cis-scheduler-team-4/node_modules/jsdom/lib/jsdom/living/generated/EventListener.js:26:30)
          at innerInvokeEventListeners (/home/runner/work/cis-scheduler-team-4/cis-scheduler-team-4/node_modules/jsdom/lib/jsdom/living/events/EventTarget-impl.js:338:25)
          at invokeEventListeners (/home/runner/work/cis-scheduler-team-4/cis-scheduler-team-4/node_modules/jsdom/lib/jsdom/living/events/EventTarget-impl.js:274:3)
          at HTMLUnknownElementImpl._dispatch (/home/runner/work/cis-scheduler-team-4/cis-scheduler-team-4/node_modules/jsdom/lib/jsdom/living/events/EventTarget-impl.js:221:9)
          at HTMLUnknownElementImpl.dispatchEvent (/home/runner/work/cis-scheduler-team-4/cis-scheduler-team-4/node_modules/jsdom/lib/jsdom/living/events/EventTarget-impl.js:94:17)
          at HTMLUnknownElement.dispatchEvent (/home/runner/work/cis-scheduler-team-4/cis-scheduler-team-4/node_modules/jsdom/lib/jsdom/living/generated/EventTarget.js:231:34)
          at Object.invokeGuardedCallbackDev (/home/runner/work/cis-scheduler-team-4/cis-scheduler-team-4/node_modules/react-dom/cjs/react-dom.development.js:3994:16)
          at invokeGuardedCallback (/home/runner/work/cis-scheduler-team-4/cis-scheduler-team-4/node_modules/react-dom/cjs/react-dom.development.js:4056:31)
          at beginWork$1 (/home/runner/work/cis-scheduler-team-4/cis-scheduler-team-4/node_modules/react-dom/cjs/react-dom.development.js:23964:7)
          at performUnitOfWork (/home/runner/work/cis-scheduler-team-4/cis-scheduler-team-4/node_modules/react-dom/cjs/react-dom.development.js:22779:12)
          at workLoopSync (/home/runner/work/cis-scheduler-team-4/cis-scheduler-team-4/node_modules/react-dom/cjs/react-dom.development.js:22707:5)
          at renderRootSync (/home/runner/work/cis-scheduler-team-4/cis-scheduler-team-4/node_modules/react-dom/cjs/react-dom.development.js:22670:7)
          at performSyncWorkOnRoot (/home/runner/work/cis-scheduler-team-4/cis-scheduler-team-4/node_modules/react-dom/cjs/react-dom.development.js:22293:18)
          at scheduleUpdateOnFiber (/home/runner/work/cis-scheduler-team-4/cis-scheduler-team-4/node_modules/react-dom/cjs/react-dom.development.js:21881:7)
          at updateContainer (/home/runner/work/cis-scheduler-team-4/cis-scheduler-team-4/node_modules/react-dom/cjs/react-dom.development.js:25482:3)
          at /home/runner/work/cis-scheduler-team-4/cis-scheduler-team-4/node_modules/react-dom/cjs/react-dom.development.js:26021:7
          at unbatchedUpdates (/home/runner/work/cis-scheduler-team-4/cis-scheduler-team-4/node_modules/react-dom/cjs/react-dom.development.js:22431:12)
          at legacyRenderSubtreeIntoContainer (/home/runner/work/cis-scheduler-team-4/cis-scheduler-team-4/node_modules/react-dom/cjs/react-dom.development.js:26020:5)
          at Object.render (/home/runner/work/cis-scheduler-team-4/cis-scheduler-team-4/node_modules/react-dom/cjs/react-dom.development.js:26103:10)
          at /home/runner/work/cis-scheduler-team-4/cis-scheduler-team-4/node_modules/@testing-library/react/dist/pure.js:101:25
          at batchedUpdates$1 (/home/runner/work/cis-scheduler-team-4/cis-scheduler-team-4/node_modules/react-dom/cjs/react-dom.development.js:22380:12)
          at act (/home/runner/work/cis-scheduler-team-4/cis-scheduler-team-4/node_modules/react-dom/cjs/react-dom-test-utils.development.js:1042:14)
          at render (/home/runner/work/cis-scheduler-team-4/cis-scheduler-team-4/node_modules/@testing-library/react/dist/pure.js:97:26)
          at Object.<anonymous> (/home/runner/work/cis-scheduler-team-4/cis-scheduler-team-4/src/test/CourseView.test.tsx:15:9)
          at Promise.then.completed (/home/runner/work/cis-scheduler-team-4/cis-scheduler-team-4/node_modules/jest-circus/build/utils.js:391:28)
          at new Promise (<anonymous>)
          at callAsyncCircusFn (/home/runner/work/cis-scheduler-team-4/cis-scheduler-team-4/node_modules/jest-circus/build/utils.js:316:10)
          at _callCircusHook (/home/runner/work/cis-scheduler-team-4/cis-scheduler-team-4/node_modules/jest-circus/build/run.js:181:40)
          at _runTest (/home/runner/work/cis-scheduler-team-4/cis-scheduler-team-4/node_modules/jest-circus/build/run.js:148:5)
          at _runTestsForDescribeBlock (/home/runner/work/cis-scheduler-team-4/cis-scheduler-team-4/node_modules/jest-circus/build/run.js:66:9)
          at _runTestsForDescribeBlock (/home/runner/work/cis-scheduler-team-4/cis-scheduler-team-4/node_modules/jest-circus/build/run.js:60:9)
          at run (/home/runner/work/cis-scheduler-team-4/cis-scheduler-team-4/node_modules/jest-circus/build/run.js:25:3)
          at runAndTransformResultsToJestFormat (/home/runner/work/cis-scheduler-team-4/cis-scheduler-team-4/node_modules/jest-circus/build/legacy-code-todo-rewrite/jestAdapterInit.js:170:21)
          at jestAdapter (/home/runner/work/cis-scheduler-team-4/cis-scheduler-team-4/node_modules/jest-circus/build/legacy-code-todo-rewrite/jestAdapter.js:82:19)
          at runTestInternal (/home/runner/work/cis-scheduler-team-4/cis-scheduler-team-4/node_modules/jest-runner/build/runTest.js:389:16)
          at runTest (/home/runner/work/cis-scheduler-team-4/cis-scheduler-team-4/node_modules/jest-runner/build/runTest.js:475:34)
          at TestRunner.runTests (/home/runner/work/cis-scheduler-team-4/cis-scheduler-team-4/node_modules/jest-runner/build/index.js:111:12)
          at TestScheduler.scheduleTests (/home/runner/work/cis-scheduler-team-4/cis-scheduler-team-4/node_modules/@jest/core/build/TestScheduler.js:333:13)
          at runJest (/home/runner/work/cis-scheduler-team-4/cis-scheduler-team-4/node_modules/@jest/core/build/runJest.js:404:19)
          at _run10000 (/home/runner/work/cis-scheduler-team-4/cis-scheduler-team-4/node_modules/@jest/core/build/cli/index.js:320:7)
          at runCLI (/home/runner/work/cis-scheduler-team-4/cis-scheduler-team-4/node_modules/@jest/core/build/cli/index.js:173:3)
          at Object.run (/home/runner/work/cis-scheduler-team-4/cis-scheduler-team-4/node_modules/jest-cli/build/cli/index.js:155:37)

      at VirtualConsole.<anonymous> (node_modules/jsdom/lib/jsdom/virtual-console.js:29:45)
      at reportException (node_modules/jsdom/lib/jsdom/living/helpers/runtime-script-errors.js:70:28)
      at innerInvokeEventListeners (node_modules/jsdom/lib/jsdom/living/events/EventTarget-impl.js:341:9)
      at invokeEventListeners (node_modules/jsdom/lib/jsdom/living/events/EventTarget-impl.js:274:3)
      at HTMLUnknownElementImpl._dispatch (node_modules/jsdom/lib/jsdom/living/events/EventTarget-impl.js:221:9)
      at HTMLUnknownElementImpl.dispatchEvent (node_modules/jsdom/lib/jsdom/living/events/EventTarget-impl.js:94:17)
      at HTMLUnknownElement.dispatchEvent (node_modules/jsdom/lib/jsdom/living/generated/EventTarget.js:231:34)

    console.error
      The above error occurred in the <App> component:
      
          at App (/home/runner/work/cis-scheduler-team-4/cis-scheduler-team-4/src/App.tsx:109:51)
      
      Consider adding an error boundary to your tree to customize error handling behavior.
      Visit https://reactjs.org/link/error-boundaries to learn more about error boundaries.

      at logCapturedError (node_modules/react-dom/cjs/react-dom.development.js:20085:23)
      at update.callback (node_modules/react-dom/cjs/react-dom.development.js:20118:5)
      at callCallback (node_modules/react-dom/cjs/react-dom.development.js:12318:12)
      at commitUpdateQueue (node_modules/react-dom/cjs/react-dom.development.js:12339:9)
      at commitLifeCycles (node_modules/react-dom/cjs/react-dom.development.js:20736:11)
      at commitLayoutEffects (node_modules/react-dom/cjs/react-dom.development.js:23426:7)
      at HTMLUnknownElement.callCallback (node_modules/react-dom/cjs/react-dom.development.js:3945:14)
      at HTMLUnknownElement.callTheUserObjectsOperation (node_modules/jsdom/lib/jsdom/living/generated/EventListener.js:26:30)

  ● User should be able to delete a course from a semester › You can delete a course

    useLocation() may be used only in the context of a <Router> component.

      at invariant (../packages/react-router/lib/router.ts:5:20)
      at useLocation (../packages/react-router/lib/hooks.tsx:75:3)
      at App (src/App.tsx:164:22)
      at renderWithHooks (node_modules/react-dom/cjs/react-dom.development.js:14985:18)
      at mountIndeterminateComponent (node_modules/react-dom/cjs/react-dom.development.js:17811:13)
      at beginWork (node_modules/react-dom/cjs/react-dom.development.js:19049:16)
      at HTMLUnknownElement.callCallback (node_modules/react-dom/cjs/react-dom.development.js:3945:14)
      at HTMLUnknownElement.callTheUserObjectsOperation (node_modules/jsdom/lib/jsdom/living/generated/EventListener.js:26:30)
      at innerInvokeEventListeners (node_modules/jsdom/lib/jsdom/living/events/EventTarget-impl.js:338:25)
      at invokeEventListeners (node_modules/jsdom/lib/jsdom/living/events/EventTarget-impl.js:274:3)
      at HTMLUnknownElementImpl._dispatch (node_modules/jsdom/lib/jsdom/living/events/EventTarget-impl.js:221:9)
      at HTMLUnknownElementImpl.dispatchEvent (node_modules/jsdom/lib/jsdom/living/events/EventTarget-impl.js:94:17)
      at HTMLUnknownElement.dispatchEvent (node_modules/jsdom/lib/jsdom/living/generated/EventTarget.js:231:34)
      at Object.invokeGuardedCallbackDev (node_modules/react-dom/cjs/react-dom.development.js:3994:16)
      at invokeGuardedCallback (node_modules/react-dom/cjs/react-dom.development.js:4056:31)
      at beginWork$1 (node_modules/react-dom/cjs/react-dom.development.js:23964:7)
      at performUnitOfWork (node_modules/react-dom/cjs/react-dom.development.js:22779:12)
      at workLoopSync (node_modules/react-dom/cjs/react-dom.development.js:22707:5)
      at renderRootSync (node_modules/react-dom/cjs/react-dom.development.js:22670:7)
      at performSyncWorkOnRoot (node_modules/react-dom/cjs/react-dom.development.js:22293:18)
      at scheduleUpdateOnFiber (node_modules/react-dom/cjs/react-dom.development.js:21881:7)
      at updateContainer (node_modules/react-dom/cjs/react-dom.development.js:25482:3)
      at node_modules/react-dom/cjs/react-dom.development.js:26021:7
      at unbatchedUpdates (node_modules/react-dom/cjs/react-dom.development.js:22431:12)
      at legacyRenderSubtreeIntoContainer (node_modules/react-dom/cjs/react-dom.development.js:26020:5)
      at Object.render (node_modules/react-dom/cjs/react-dom.development.js:26103:10)
      at node_modules/@testing-library/react/dist/pure.js:101:25
      at batchedUpdates$1 (node_modules/react-dom/cjs/react-dom.development.js:22380:12)
      at act (node_modules/react-dom/cjs/react-dom-test-utils.development.js:1042:14)
      at render (node_modules/@testing-library/react/dist/pure.js:97:26)
      at Object.<anonymous> (src/test/CourseView.test.tsx:15:9)
      at TestScheduler.scheduleTests (node_modules/@jest/core/build/TestScheduler.js:333:13)
      at runJest (node_modules/@jest/core/build/runJest.js:404:19)
      at _run10000 (node_modules/@jest/core/build/cli/index.js:320:7)
      at runCLI (node_modules/@jest/core/build/cli/index.js:173:3)

-------------------------|---------|----------|---------|---------|----------------------------------------------------------------------------
File                     | % Stmts | % Branch | % Funcs | % Lines | Uncovered Line #s                                                          
-------------------------|---------|----------|---------|---------|----------------------------------------------------------------------------
All files                |    40.5 |    27.72 |   26.55 |   40.11 |                                                                            
 src                     |   68.18 |    68.18 |   58.33 |   66.12 |                                                                            
  App.tsx                |   67.69 |       70 |   58.33 |   65.57 | 93-105,114-123,131,148-152,157-160                                         
  uri.ts                 |     100 |       50 |     100 |     100 | 2                                                                          
 src/components          |   35.98 |    23.95 |   24.52 |   36.01 |                                                                            
  CourseList.tsx         |      25 |        0 |       0 |      25 | 19-44                                                                      
  CourseListDisplay.tsx  |   84.61 |      100 |   66.66 |   84.61 | 64-76                                                                      
  CourseModalContent.tsx |   68.18 |       50 |      50 |   66.66 | 26-29,36,40,45-46                                                          
  CourseSearch.tsx       |    42.1 |    18.33 |      50 |   41.66 | 34,48,59,96-98,125-127,132-148,156-182,187-193,198-204,218-278,283-319,340 
  CourseSearchForm.tsx   |   22.72 |        0 |   18.18 |   22.72 | 15-23,31-39,59-200                                                         
  CourseView.tsx         |   11.11 |        0 |       0 |   11.11 | 16-42                                                                      
  EditModalContent.tsx   |   43.47 |        0 |      30 |   43.47 | 27-35,43-48,87-240                                                         
  LandingPage.tsx        |   85.71 |      100 |      50 |   85.71 | 48                                                                         
  NavBar.tsx             |   93.33 |    71.42 |     100 |   93.33 | 58                                                                         
  PlanEdit.tsx           |   11.11 |      100 |       0 |   11.11 | 16-63                                                                      
  PlanList.tsx           |   21.91 |    16.66 |   21.73 |   23.18 | 31,45-48,53-59,63-64,69,74-143,148-199,237-251,290                         
  PlanView.tsx           |   21.42 |       25 |    9.09 |   21.42 | 32-80                                                                      
  Planner.tsx            |     100 |      100 |     100 |     100 |                                                                            
  SemesterList.tsx       |    5.88 |        0 |       0 |    5.88 | 26-194                                                                     
  SemesterView.tsx       |    3.03 |        0 |       0 |    3.03 | 28-233                                                                     
  ViewCourseModal.tsx    |      90 |      100 |      75 |      90 | 31                                                                         
  YearList.tsx           |   33.33 |      100 |       0 |   33.33 | 24-28                                                                      
  YearView.tsx           |    5.26 |        0 |       0 |    5.26 | 35-122                                                                     
 src/data                |     100 |      100 |     100 |     100 |                                                                            
  TestData.ts            |     100 |      100 |     100 |     100 |                                                                            
 src/interfaces          |       0 |        0 |       0 |       0 |                                                                            
  Course.ts              |       0 |        0 |       0 |       0 |                                                                            
  Plan.ts                |       0 |        0 |       0 |       0 |                                                                            
  Requirement.ts         |       0 |        0 |       0 |       0 |                                                                            
  SearchParam.ts         |       0 |        0 |       0 |       0 |                                                                            
  Semester.ts            |       0 |        0 |       0 |       0 |                                                                            
  Year.ts                |       0 |        0 |       0 |       0 |                                                                            
 src/login_components    |   35.71 |        0 |   16.66 |   35.71 |                                                                            
  Loading.tsx            |       0 |      100 |       0 |       0 | 3-6                                                                        
  LoginButton.tsx        |      75 |      100 |      50 |      75 | 10                                                                         
  LogoutButton.tsx       |      25 |      100 |       0 |      25 | 7-11                                                                       
  Profile.tsx            |   33.33 |        0 |       0 |   33.33 | 10-12                                                                      
  ProtectedRoute.tsx     |       0 |        0 |       0 |       0 |                                                                            
-------------------------|---------|----------|---------|---------|----------------------------------------------------------------------------
Test Suites: 10 failed, 1 passed, 11 total
Tests:       28 failed, 9 passed, 37 total
Snapshots:   0 total
Time:        22.566 s
Ran all test suites.
